Python 浠ｇ爜妫€鏌?Set up job	锘?026-01-27T05:33:56.6527131Z Current runner version: '2.331.0'
Python 浠ｇ爜妫€鏌?Set up job	2026-01-27T05:33:56.6557418Z ##[group]Runner Image Provisioner
Python 浠ｇ爜妫€鏌?Set up job	2026-01-27T05:33:56.6558866Z Hosted Compute Agent
Python 浠ｇ爜妫€鏌?Set up job	2026-01-27T05:33:56.6559999Z Version: 20260115.477
Python 浠ｇ爜妫€鏌?Set up job	2026-01-27T05:33:56.6561094Z Commit: 4b342d620503cbe250a3154040964899ea7c9b00
Python 浠ｇ爜妫€鏌?Set up job	2026-01-27T05:33:56.6562304Z Build Date: 2026-01-15T22:32:41Z
Python 浠ｇ爜妫€鏌?Set up job	2026-01-27T05:33:56.6563476Z Worker ID: {0ace082b-1f61-49c2-9ee7-c3f11169c9ab}
Python 浠ｇ爜妫€鏌?Set up job	2026-01-27T05:33:56.6564649Z Azure Region: centralus
Python 浠ｇ爜妫€鏌?Set up job	2026-01-27T05:33:56.6565770Z ##[endgroup]
Python 浠ｇ爜妫€鏌?Set up job	2026-01-27T05:33:56.6567966Z ##[group]Operating System
Python 浠ｇ爜妫€鏌?Set up job	2026-01-27T05:33:56.6568940Z Ubuntu
Python 浠ｇ爜妫€鏌?Set up job	2026-01-27T05:33:56.6569909Z 24.04.3
Python 浠ｇ爜妫€鏌?Set up job	2026-01-27T05:33:56.6570959Z LTS
Python 浠ｇ爜妫€鏌?Set up job	2026-01-27T05:33:56.6571760Z ##[endgroup]
Python 浠ｇ爜妫€鏌?Set up job	2026-01-27T05:33:56.6572522Z ##[group]Runner Image
Python 浠ｇ爜妫€鏌?Set up job	2026-01-27T05:33:56.6573632Z Image: ubuntu-24.04
Python 浠ｇ爜妫€鏌?Set up job	2026-01-27T05:33:56.6574433Z Version: 20260119.4.1
Python 浠ｇ爜妫€鏌?Set up job	2026-01-27T05:33:56.6576094Z Included Software: https://github.com/actions/runner-images/blob/ubuntu24/20260119.4/images/ubuntu/Ubuntu2404-Readme.md
Python 浠ｇ爜妫€鏌?Set up job	2026-01-27T05:33:56.6579052Z Image Release: https://github.com/actions/runner-images/releases/tag/ubuntu24%2F20260119.4
Python 浠ｇ爜妫€鏌?Set up job	2026-01-27T05:33:56.6580987Z ##[endgroup]
Python 浠ｇ爜妫€鏌?Set up job	2026-01-27T05:33:56.6582777Z ##[group]GITHUB_TOKEN Permissions
Python 浠ｇ爜妫€鏌?Set up job	2026-01-27T05:33:56.6585524Z Contents: read
Python 浠ｇ爜妫€鏌?Set up job	2026-01-27T05:33:56.6586410Z Metadata: read
Python 浠ｇ爜妫€鏌?Set up job	2026-01-27T05:33:56.6587236Z Packages: read
Python 浠ｇ爜妫€鏌?Set up job	2026-01-27T05:33:56.6588112Z ##[endgroup]
Python 浠ｇ爜妫€鏌?Set up job	2026-01-27T05:33:56.6591224Z Secret source: Actions
Python 浠ｇ爜妫€鏌?Set up job	2026-01-27T05:33:56.6592711Z Prepare workflow directory
Python 浠ｇ爜妫€鏌?Set up job	2026-01-27T05:33:56.6958730Z Prepare all required actions
Python 浠ｇ爜妫€鏌?Set up job	2026-01-27T05:33:56.7004145Z Getting action download info
Python 浠ｇ爜妫€鏌?Set up job	2026-01-27T05:33:57.0380182Z Download action repository 'actions/checkout@v4' (SHA:34e114876b0b11c390a56381ad16ebd13914f8d5)
Python 浠ｇ爜妫€鏌?Set up job	2026-01-27T05:33:57.1283624Z Download action repository 'actions/setup-python@v5' (SHA:a26af69be951a213d495a4c3e4e4022e16d87065)
Python 浠ｇ爜妫€鏌?Set up job	2026-01-27T05:33:57.3208785Z Complete job name: Python 浠ｇ爜妫€鏌?Python 浠ｇ爜妫€鏌?Checkout	锘?026-01-27T05:33:57.3900825Z ##[group]Run actions/checkout@v4
Python 浠ｇ爜妫€鏌?Checkout	2026-01-27T05:33:57.3901733Z with:
Python 浠ｇ爜妫€鏌?Checkout	2026-01-27T05:33:57.3902164Z   repository: ilovend/Md2Docx
Python 浠ｇ爜妫€鏌?Checkout	2026-01-27T05:33:57.3902786Z   token: ***
Python 浠ｇ爜妫€鏌?Checkout	2026-01-27T05:33:57.3903163Z   ssh-strict: true
Python 浠ｇ爜妫€鏌?Checkout	2026-01-27T05:33:57.3903549Z   ssh-user: git
Python 浠ｇ爜妫€鏌?Checkout	2026-01-27T05:33:57.3903950Z   persist-credentials: true
Python 浠ｇ爜妫€鏌?Checkout	2026-01-27T05:33:57.3904401Z   clean: true
Python 浠ｇ爜妫€鏌?Checkout	2026-01-27T05:33:57.3904795Z   sparse-checkout-cone-mode: true
Python 浠ｇ爜妫€鏌?Checkout	2026-01-27T05:33:57.3905267Z   fetch-depth: 1
Python 浠ｇ爜妫€鏌?Checkout	2026-01-27T05:33:57.3905644Z   fetch-tags: false
Python 浠ｇ爜妫€鏌?Checkout	2026-01-27T05:33:57.3906053Z   show-progress: true
Python 浠ｇ爜妫€鏌?Checkout	2026-01-27T05:33:57.3906446Z   lfs: false
Python 浠ｇ爜妫€鏌?Checkout	2026-01-27T05:33:57.3906821Z   submodules: false
Python 浠ｇ爜妫€鏌?Checkout	2026-01-27T05:33:57.3907223Z   set-safe-directory: true
Python 浠ｇ爜妫€鏌?Checkout	2026-01-27T05:33:57.3907861Z ##[endgroup]
Python 浠ｇ爜妫€鏌?Checkout	2026-01-27T05:33:57.5035177Z Syncing repository: ilovend/Md2Docx
Python 浠ｇ爜妫€鏌?Checkout	2026-01-27T05:33:57.5038070Z ##[group]Getting Git version info
Python 浠ｇ爜妫€鏌?Checkout	2026-01-27T05:33:57.5039205Z Working directory is '/home/runner/work/Md2Docx/Md2Docx'
Python 浠ｇ爜妫€鏌?Checkout	2026-01-27T05:33:57.5041182Z [command]/usr/bin/git version
Python 浠ｇ爜妫€鏌?Checkout	2026-01-27T05:33:57.5099955Z git version 2.52.0
Python 浠ｇ爜妫€鏌?Checkout	2026-01-27T05:33:57.5127618Z ##[endgroup]
Python 浠ｇ爜妫€鏌?Checkout	2026-01-27T05:33:57.5151449Z Temporarily overriding HOME='/home/runner/work/_temp/db730b98-1e14-47bf-b38b-cb2f41f24346' before making global git config changes
Python 浠ｇ爜妫€鏌?Checkout	2026-01-27T05:33:57.5153894Z Adding repository directory to the temporary git global config as a safe directory
Python 浠ｇ爜妫€鏌?Checkout	2026-01-27T05:33:57.5158169Z [command]/usr/bin/git config --global --add safe.directory /home/runner/work/Md2Docx/Md2Docx
Python 浠ｇ爜妫€鏌?Checkout	2026-01-27T05:33:57.5198726Z Deleting the contents of '/home/runner/work/Md2Docx/Md2Docx'
Python 浠ｇ爜妫€鏌?Checkout	2026-01-27T05:33:57.5202782Z ##[group]Initializing the repository
Python 浠ｇ爜妫€鏌?Checkout	2026-01-27T05:33:57.5207457Z [command]/usr/bin/git init /home/runner/work/Md2Docx/Md2Docx
Python 浠ｇ爜妫€鏌?Checkout	2026-01-27T05:33:57.5306658Z hint: Using 'master' as the name for the initial branch. This default branch name
Python 浠ｇ爜妫€鏌?Checkout	2026-01-27T05:33:57.5308129Z hint: will change to "main" in Git 3.0. To configure the initial branch name
Python 浠ｇ爜妫€鏌?Checkout	2026-01-27T05:33:57.5309187Z hint: to use in all of your new repositories, which will suppress this warning,
Python 浠ｇ爜妫€鏌?Checkout	2026-01-27T05:33:57.5310918Z hint: call:
Python 浠ｇ爜妫€鏌?Checkout	2026-01-27T05:33:57.5311341Z hint:
Python 浠ｇ爜妫€鏌?Checkout	2026-01-27T05:33:57.5312148Z hint: 	git config --global init.defaultBranch <name>
Python 浠ｇ爜妫€鏌?Checkout	2026-01-27T05:33:57.5313171Z hint:
Python 浠ｇ爜妫€鏌?Checkout	2026-01-27T05:33:57.5314152Z hint: Names commonly chosen instead of 'master' are 'main', 'trunk' and
Python 浠ｇ爜妫€鏌?Checkout	2026-01-27T05:33:57.5315758Z hint: 'development'. The just-created branch can be renamed via this command:
Python 浠ｇ爜妫€鏌?Checkout	2026-01-27T05:33:57.5317054Z hint:
Python 浠ｇ爜妫€鏌?Checkout	2026-01-27T05:33:57.5317757Z hint: 	git branch -m <name>
Python 浠ｇ爜妫€鏌?Checkout	2026-01-27T05:33:57.5318509Z hint:
Python 浠ｇ爜妫€鏌?Checkout	2026-01-27T05:33:57.5319480Z hint: Disable this message with "git config set advice.defaultBranchName false"
Python 浠ｇ爜妫€鏌?Checkout	2026-01-27T05:33:57.5321358Z Initialized empty Git repository in /home/runner/work/Md2Docx/Md2Docx/.git/
Python 浠ｇ爜妫€鏌?Checkout	2026-01-27T05:33:57.5324226Z [command]/usr/bin/git remote add origin https://github.com/ilovend/Md2Docx
Python 浠ｇ爜妫€鏌?Checkout	2026-01-27T05:33:57.5360872Z ##[endgroup]
Python 浠ｇ爜妫€鏌?Checkout	2026-01-27T05:33:57.5362062Z ##[group]Disabling automatic garbage collection
Python 浠ｇ爜妫€鏌?Checkout	2026-01-27T05:33:57.5365787Z [command]/usr/bin/git config --local gc.auto 0
Python 浠ｇ爜妫€鏌?Checkout	2026-01-27T05:33:57.5394651Z ##[endgroup]
Python 浠ｇ爜妫€鏌?Checkout	2026-01-27T05:33:57.5395839Z ##[group]Setting up auth
Python 浠ｇ爜妫€鏌?Checkout	2026-01-27T05:33:57.5402213Z [command]/usr/bin/git config --local --name-only --get-regexp core\.sshCommand
Python 浠ｇ爜妫€鏌?Checkout	2026-01-27T05:33:57.5433065Z [command]/usr/bin/git submodule foreach --recursive sh -c "git config --local --name-only --get-regexp 'core\.sshCommand' && git config --local --unset-all 'core.sshCommand' || :"
Python 浠ｇ爜妫€鏌?Checkout	2026-01-27T05:33:57.5758306Z [command]/usr/bin/git config --local --name-only --get-regexp http\.https\:\/\/github\.com\/\.extraheader
Python 浠ｇ爜妫€鏌?Checkout	2026-01-27T05:33:57.5789923Z [command]/usr/bin/git submodule foreach --recursive sh -c "git config --local --name-only --get-regexp 'http\.https\:\/\/github\.com\/\.extraheader' && git config --local --unset-all 'http.https://github.com/.extraheader' || :"
Python 浠ｇ爜妫€鏌?Checkout	2026-01-27T05:33:57.6014753Z [command]/usr/bin/git config --local --name-only --get-regexp ^includeIf\.gitdir:
Python 浠ｇ爜妫€鏌?Checkout	2026-01-27T05:33:57.6048678Z [command]/usr/bin/git submodule foreach --recursive git config --local --show-origin --name-only --get-regexp remote.origin.url
Python 浠ｇ爜妫€鏌?Checkout	2026-01-27T05:33:57.6286496Z [command]/usr/bin/git config --local http.https://github.com/.extraheader AUTHORIZATION: basic ***
Python 浠ｇ爜妫€鏌?Checkout	2026-01-27T05:33:57.6327514Z ##[endgroup]
Python 浠ｇ爜妫€鏌?Checkout	2026-01-27T05:33:57.6328643Z ##[group]Fetching the repository
Python 浠ｇ爜妫€鏌?Checkout	2026-01-27T05:33:57.6336587Z [command]/usr/bin/git -c protocol.version=2 fetch --no-tags --prune --no-recurse-submodules --depth=1 origin +a1c4a01071ea0cc25525309680dc70d37119207a:refs/remotes/origin/main
Python 浠ｇ爜妫€鏌?Checkout	2026-01-27T05:33:58.0640575Z From https://github.com/ilovend/Md2Docx
Python 浠ｇ爜妫€鏌?Checkout	2026-01-27T05:33:58.0641669Z  * [new ref]         a1c4a01071ea0cc25525309680dc70d37119207a -> origin/main
Python 浠ｇ爜妫€鏌?Checkout	2026-01-27T05:33:58.0672689Z ##[endgroup]
Python 浠ｇ爜妫€鏌?Checkout	2026-01-27T05:33:58.0673862Z ##[group]Determining the checkout info
Python 浠ｇ爜妫€鏌?Checkout	2026-01-27T05:33:58.0675277Z ##[endgroup]
Python 浠ｇ爜妫€鏌?Checkout	2026-01-27T05:33:58.0680931Z [command]/usr/bin/git sparse-checkout disable
Python 浠ｇ爜妫€鏌?Checkout	2026-01-27T05:33:58.0720765Z [command]/usr/bin/git config --local --unset-all extensions.worktreeConfig
Python 浠ｇ爜妫€鏌?Checkout	2026-01-27T05:33:58.0746568Z ##[group]Checking out the ref
Python 浠ｇ爜妫€鏌?Checkout	2026-01-27T05:33:58.0751602Z [command]/usr/bin/git checkout --progress --force -B main refs/remotes/origin/main
Python 浠ｇ爜妫€鏌?Checkout	2026-01-27T05:33:58.0909190Z Switched to a new branch 'main'
Python 浠ｇ爜妫€鏌?Checkout	2026-01-27T05:33:58.0910437Z branch 'main' set up to track 'origin/main'.
Python 浠ｇ爜妫€鏌?Checkout	2026-01-27T05:33:58.0917859Z ##[endgroup]
Python 浠ｇ爜妫€鏌?Checkout	2026-01-27T05:33:58.0956395Z [command]/usr/bin/git log -1 --format=%H
Python 浠ｇ爜妫€鏌?Checkout	2026-01-27T05:33:58.0978185Z a1c4a01071ea0cc25525309680dc70d37119207a
Python 浠ｇ爜妫€鏌?Setup Python	锘?026-01-27T05:33:58.1225764Z ##[group]Run actions/setup-python@v5
Python 浠ｇ爜妫€鏌?Setup Python	2026-01-27T05:33:58.1226354Z with:
Python 浠ｇ爜妫€鏌?Setup Python	2026-01-27T05:33:58.1226719Z   python-version: 3.10
Python 浠ｇ爜妫€鏌?Setup Python	2026-01-27T05:33:58.1227148Z   check-latest: false
Python 浠ｇ爜妫€鏌?Setup Python	2026-01-27T05:33:58.1227685Z   token: ***
Python 浠ｇ爜妫€鏌?Setup Python	2026-01-27T05:33:58.1228075Z   update-environment: true
Python 浠ｇ爜妫€鏌?Setup Python	2026-01-27T05:33:58.1228528Z   allow-prereleases: false
Python 浠ｇ爜妫€鏌?Setup Python	2026-01-27T05:33:58.1228947Z   freethreaded: false
Python 浠ｇ爜妫€鏌?Setup Python	2026-01-27T05:33:58.1229342Z ##[endgroup]
Python 浠ｇ爜妫€鏌?Setup Python	2026-01-27T05:33:58.2882373Z ##[group]Installed versions
Python 浠ｇ爜妫€鏌?Setup Python	2026-01-27T05:33:58.2983488Z Successfully set up CPython (3.10.19)
Python 浠ｇ爜妫€鏌?Setup Python	2026-01-27T05:33:58.2985612Z ##[endgroup]
Python 浠ｇ爜妫€鏌?Install Dependencies	锘?026-01-27T05:33:58.3116986Z ##[group]Run pip install black ruff
Python 浠ｇ爜妫€鏌?Install Dependencies	2026-01-27T05:33:58.3117733Z [36;1mpip install black ruff[0m
Python 浠ｇ爜妫€鏌?Install Dependencies	2026-01-27T05:33:58.3166155Z shell: /usr/bin/bash -e {0}
Python 浠ｇ爜妫€鏌?Install Dependencies	2026-01-27T05:33:58.3166729Z env:
Python 浠ｇ爜妫€鏌?Install Dependencies	2026-01-27T05:33:58.3167274Z   pythonLocation: /opt/hostedtoolcache/Python/3.10.19/x64
Python 浠ｇ爜妫€鏌?Install Dependencies	2026-01-27T05:33:58.3168256Z   PKG_CONFIG_PATH: /opt/hostedtoolcache/Python/3.10.19/x64/lib/pkgconfig
Python 浠ｇ爜妫€鏌?Install Dependencies	2026-01-27T05:33:58.3169224Z   Python_ROOT_DIR: /opt/hostedtoolcache/Python/3.10.19/x64
Python 浠ｇ爜妫€鏌?Install Dependencies	2026-01-27T05:33:58.3170371Z   Python2_ROOT_DIR: /opt/hostedtoolcache/Python/3.10.19/x64
Python 浠ｇ爜妫€鏌?Install Dependencies	2026-01-27T05:33:58.3171257Z   Python3_ROOT_DIR: /opt/hostedtoolcache/Python/3.10.19/x64
Python 浠ｇ爜妫€鏌?Install Dependencies	2026-01-27T05:33:58.3172151Z   LD_LIBRARY_PATH: /opt/hostedtoolcache/Python/3.10.19/x64/lib
Python 浠ｇ爜妫€鏌?Install Dependencies	2026-01-27T05:33:58.3172869Z ##[endgroup]
Python 浠ｇ爜妫€鏌?Install Dependencies	2026-01-27T05:34:00.2643480Z Collecting black
Python 浠ｇ爜妫€鏌?Install Dependencies	2026-01-27T05:34:00.3976053Z   Downloading black-26.1.0-cp310-cp310-manylinux2014_x86_64.manylinux_2_17_x86_64.manylinux_2_28_x86_64.whl.metadata (88 kB)
Python 浠ｇ爜妫€鏌?Install Dependencies	2026-01-27T05:34:00.9993249Z Collecting ruff
Python 浠ｇ爜妫€鏌?Install Dependencies	2026-01-27T05:34:01.0345982Z   Downloading ruff-0.14.14-py3-none-manylinux_2_17_x86_64.manylinux2014_x86_64.whl.metadata (26 kB)
Python 浠ｇ爜妫€鏌?Install Dependencies	2026-01-27T05:34:01.0712030Z Collecting click>=8.0.0 (from black)
Python 浠ｇ爜妫€鏌?Install Dependencies	2026-01-27T05:34:01.1015853Z   Downloading click-8.3.1-py3-none-any.whl.metadata (2.6 kB)
Python 浠ｇ爜妫€鏌?Install Dependencies	2026-01-27T05:34:01.1268148Z Collecting mypy-extensions>=0.4.3 (from black)
Python 浠ｇ爜妫€鏌?Install Dependencies	2026-01-27T05:34:01.1564436Z   Downloading mypy_extensions-1.1.0-py3-none-any.whl.metadata (1.1 kB)
Python 浠ｇ爜妫€鏌?Install Dependencies	2026-01-27T05:34:01.1882034Z Collecting packaging>=22.0 (from black)
Python 浠ｇ爜妫€鏌?Install Dependencies	2026-01-27T05:34:01.2181573Z   Downloading packaging-26.0-py3-none-any.whl.metadata (3.3 kB)
Python 浠ｇ爜妫€鏌?Install Dependencies	2026-01-27T05:34:01.2452605Z Collecting pathspec>=1.0.0 (from black)
Python 浠ｇ爜妫€鏌?Install Dependencies	2026-01-27T05:34:01.2746549Z   Downloading pathspec-1.0.4-py3-none-any.whl.metadata (13 kB)
Python 浠ｇ爜妫€鏌?Install Dependencies	2026-01-27T05:34:01.3300840Z Collecting platformdirs>=2 (from black)
Python 浠ｇ爜妫€鏌?Install Dependencies	2026-01-27T05:34:01.3610472Z   Downloading platformdirs-4.5.1-py3-none-any.whl.metadata (12 kB)
Python 浠ｇ爜妫€鏌?Install Dependencies	2026-01-27T05:34:01.3926702Z Collecting pytokens>=0.3.0 (from black)
Python 浠ｇ爜妫€鏌?Install Dependencies	2026-01-27T05:34:01.4223779Z   Downloading pytokens-0.4.0-cp310-cp310-manylinux2014_x86_64.manylinux_2_17_x86_64.manylinux_2_28_x86_64.whl.metadata (3.8 kB)
Python 浠ｇ爜妫€鏌?Install Dependencies	2026-01-27T05:34:01.4593881Z Collecting tomli>=1.1.0 (from black)
Python 浠ｇ爜妫€鏌?Install Dependencies	2026-01-27T05:34:01.4886488Z   Downloading tomli-2.4.0-py3-none-any.whl.metadata (10 kB)
Python 浠ｇ爜妫€鏌?Install Dependencies	2026-01-27T05:34:01.5222498Z Collecting typing-extensions>=4.0.1 (from black)
Python 浠ｇ爜妫€鏌?Install Dependencies	2026-01-27T05:34:01.5527960Z   Downloading typing_extensions-4.15.0-py3-none-any.whl.metadata (3.3 kB)
Python 浠ｇ爜妫€鏌?Install Dependencies	2026-01-27T05:34:01.5894417Z Downloading black-26.1.0-cp310-cp310-manylinux2014_x86_64.manylinux_2_17_x86_64.manylinux_2_28_x86_64.whl (1.8 MB)
Python 浠ｇ爜妫€鏌?Install Dependencies	2026-01-27T05:34:01.7210564Z    鈹佲攣鈹佲攣鈹佲攣鈹佲攣鈹佲攣鈹佲攣鈹佲攣鈹佲攣鈹佲攣鈹佲攣鈹佲攣鈹佲攣鈹佲攣鈹佲攣鈹佲攣鈹佲攣鈹佲攣鈹佲攣鈹佲攣鈹佲攣 1.8/1.8 MB 15.9 MB/s  0:00:00
Python 浠ｇ爜妫€鏌?Install Dependencies	2026-01-27T05:34:01.7507791Z Downloading ruff-0.14.14-py3-none-manylinux_2_17_x86_64.manylinux2014_x86_64.whl (11.2 MB)
Python 浠ｇ爜妫€鏌?Install Dependencies	2026-01-27T05:34:02.4485790Z    鈹佲攣鈹佲攣鈹佲攣鈹佲攣鈹佲攣鈹佲攣鈹佲攣鈹佲攣鈹佲攣鈹佲攣鈹佲攣鈹佲攣鈹佲攣鈹佲攣鈹佲攣鈹佲攣鈹佲攣鈹佲攣鈹佲攣鈹佲攣 11.2/11.2 MB 16.0 MB/s  0:00:00
Python 浠ｇ爜妫€鏌?Install Dependencies	2026-01-27T05:34:02.4783573Z Downloading click-8.3.1-py3-none-any.whl (108 kB)
Python 浠ｇ爜妫€鏌?Install Dependencies	2026-01-27T05:34:02.5142839Z Downloading mypy_extensions-1.1.0-py3-none-any.whl (5.0 kB)
Python 浠ｇ爜妫€鏌?Install Dependencies	2026-01-27T05:34:02.5456592Z Downloading packaging-26.0-py3-none-any.whl (74 kB)
Python 浠ｇ爜妫€鏌?Install Dependencies	2026-01-27T05:34:02.5800035Z Downloading pathspec-1.0.4-py3-none-any.whl (55 kB)
Python 浠ｇ爜妫€鏌?Install Dependencies	2026-01-27T05:34:02.6128883Z Downloading platformdirs-4.5.1-py3-none-any.whl (18 kB)
Python 浠ｇ爜妫€鏌?Install Dependencies	2026-01-27T05:34:02.6442319Z Downloading pytokens-0.4.0-cp310-cp310-manylinux2014_x86_64.manylinux_2_17_x86_64.manylinux_2_28_x86_64.whl (258 kB)
Python 浠ｇ爜妫€鏌?Install Dependencies	2026-01-27T05:34:02.6873382Z Downloading tomli-2.4.0-py3-none-any.whl (14 kB)
Python 浠ｇ爜妫€鏌?Install Dependencies	2026-01-27T05:34:02.7209351Z Downloading typing_extensions-4.15.0-py3-none-any.whl (44 kB)
Python 浠ｇ爜妫€鏌?Install Dependencies	2026-01-27T05:34:02.7825637Z Installing collected packages: typing-extensions, tomli, ruff, pytokens, platformdirs, pathspec, packaging, mypy-extensions, click, black
Python 浠ｇ爜妫€鏌?Install Dependencies	2026-01-27T05:34:03.2521011Z 
Python 浠ｇ爜妫€鏌?Install Dependencies	2026-01-27T05:34:03.2562307Z Successfully installed black-26.1.0 click-8.3.1 mypy-extensions-1.1.0 packaging-26.0 pathspec-1.0.4 platformdirs-4.5.1 pytokens-0.4.0 ruff-0.14.14 tomli-2.4.0 typing-extensions-4.15.0
Python 浠ｇ爜妫€鏌?Check Black formatting	锘?026-01-27T05:34:03.4820516Z ##[group]Run black --check --diff . || echo "浠ｇ爜鏍煎紡涓嶇鍚?Black 瑙勮寖"
Python 浠ｇ爜妫€鏌?Check Black formatting	2026-01-27T05:34:03.4821034Z [36;1mblack --check --diff . || echo "浠ｇ爜鏍煎紡涓嶇鍚?Black 瑙勮寖"[0m
Python 浠ｇ爜妫€鏌?Check Black formatting	2026-01-27T05:34:03.4854266Z shell: /usr/bin/bash -e {0}
Python 浠ｇ爜妫€鏌?Check Black formatting	2026-01-27T05:34:03.4854500Z env:
Python 浠ｇ爜妫€鏌?Check Black formatting	2026-01-27T05:34:03.4854743Z   pythonLocation: /opt/hostedtoolcache/Python/3.10.19/x64
Python 浠ｇ爜妫€鏌?Check Black formatting	2026-01-27T05:34:03.4855157Z   PKG_CONFIG_PATH: /opt/hostedtoolcache/Python/3.10.19/x64/lib/pkgconfig
Python 浠ｇ爜妫€鏌?Check Black formatting	2026-01-27T05:34:03.4855571Z   Python_ROOT_DIR: /opt/hostedtoolcache/Python/3.10.19/x64
Python 浠ｇ爜妫€鏌?Check Black formatting	2026-01-27T05:34:03.4855927Z   Python2_ROOT_DIR: /opt/hostedtoolcache/Python/3.10.19/x64
Python 浠ｇ爜妫€鏌?Check Black formatting	2026-01-27T05:34:03.4856302Z   Python3_ROOT_DIR: /opt/hostedtoolcache/Python/3.10.19/x64
Python 浠ｇ爜妫€鏌?Check Black formatting	2026-01-27T05:34:03.4856667Z   LD_LIBRARY_PATH: /opt/hostedtoolcache/Python/3.10.19/x64/lib
Python 浠ｇ爜妫€鏌?Check Black formatting	2026-01-27T05:34:03.4857005Z ##[endgroup]
Python 浠ｇ爜妫€鏌?Check Black formatting	2026-01-27T05:34:04.0594171Z --- /home/runner/work/Md2Docx/Md2Docx/backend/engine/base.py	2026-01-27 05:33:58.078951+00:00
Python 浠ｇ爜妫€鏌?Check Black formatting	2026-01-27T05:34:04.0595458Z +++ /home/runner/work/Md2Docx/Md2Docx/backend/engine/base.py	2026-01-27 05:34:04.057238+00:00
Python 浠ｇ爜妫€鏌?Check Black formatting	2026-01-27T05:34:04.0596313Z @@ -1,30 +1,31 @@
Python 浠ｇ爜妫€鏌?Check Black formatting	2026-01-27T05:34:04.0596940Z  from abc import ABC, abstractmethod
Python 浠ｇ爜妫€鏌?Check Black formatting	2026-01-27T05:34:04.0610646Z would reformat /home/runner/work/Md2Docx/Md2Docx/backend/engine/base.py
Python 浠ｇ爜妫€鏌?Check Black formatting	2026-01-27T05:34:04.0611292Z  from typing import Dict, Any, List
Python 浠ｇ爜妫€鏌?Check Black formatting	2026-01-27T05:34:04.0611727Z  from docx import Document
Python 浠ｇ爜妫€鏌?Check Black formatting	2026-01-27T05:34:04.0612065Z +
Python 浠ｇ爜妫€鏌?Check Black formatting	2026-01-27T05:34:04.0612314Z  
Python 浠ｇ爜妫€鏌?Check Black formatting	2026-01-27T05:34:04.0612574Z  class BaseRule(ABC):
Python 浠ｇ爜妫€鏌?Check Black formatting	2026-01-27T05:34:04.0612885Z      """
Python 浠ｇ爜妫€鏌?Check Black formatting	2026-01-27T05:34:04.0613404Z      鏂囨。淇瑙勫垯鍩虹被銆?Python 浠ｇ爜妫€鏌?Check Black formatting	2026-01-27T05:34:04.0613823Z      鎵€鏈夊叿浣撶殑瑙勫垯蹇呴』缁ф壙姝ょ被骞跺疄鐜?apply 鏂规硶銆?Python 浠ｇ爜妫€鏌?Check Black formatting	2026-01-27T05:34:04.0614161Z      """
Python 浠ｇ爜妫€鏌?Check Black formatting	2026-01-27T05:34:04.0614408Z -    
Python 浠ｇ爜妫€鏌?Check Black formatting	2026-01-27T05:34:04.0614874Z -    id: str = ""           # 瑙勫垯鍞竴鏍囪瘑绗?(渚嬪: 'font_standard')
Python 浠ｇ爜妫€鏌?Check Black formatting	2026-01-27T05:34:04.0615526Z -    name: str = ""         # 瑙勫垯鏄剧ず鍚嶇О (渚嬪: '瀛椾綋鏍囧噯瑙勫垯')
Python 浠ｇ爜妫€鏌?Check Black formatting	2026-01-27T05:34:04.0616406Z -    category: str = ""     # 瑙勫垯鍒嗙被 (渚嬪: 'font', 'table', 'paragraph')
Python 浠ｇ爜妫€鏌?Check Black formatting	2026-01-27T05:34:04.0616972Z +
Python 浠ｇ爜妫€鏌?Check Black formatting	2026-01-27T05:34:04.0617519Z +    id: str = ""  # 瑙勫垯鍞竴鏍囪瘑绗?(渚嬪: 'font_standard')
Python 浠ｇ爜妫€鏌?Check Black formatting	2026-01-27T05:34:04.0618135Z +    name: str = ""  # 瑙勫垯鏄剧ず鍚嶇О (渚嬪: '瀛椾綋鏍囧噯瑙勫垯')
Python 浠ｇ爜妫€鏌?Check Black formatting	2026-01-27T05:34:04.0618839Z +    category: str = ""  # 瑙勫垯鍒嗙被 (渚嬪: 'font', 'table', 'paragraph')
Python 浠ｇ爜妫€鏌?Check Black formatting	2026-01-27T05:34:04.0619706Z      description: str = ""  # 瑙勫垯璇︾粏鎻忚堪
Python 浠ｇ爜妫€鏌?Check Black formatting	2026-01-27T05:34:04.0620348Z -    priority: int = 100    # 鎵ц浼樺厛绾?(鏁板瓧瓒婂皬瓒婂厛鎵ц)
Python 浠ｇ爜妫€鏌?Check Black formatting	2026-01-27T05:34:04.0620984Z +    priority: int = 100  # 鎵ц浼樺厛绾?(鏁板瓧瓒婂皬瓒婂厛鎵ц)
Python 浠ｇ爜妫€鏌?Check Black formatting	2026-01-27T05:34:04.0621402Z  
Python 浠ｇ爜妫€鏌?Check Black formatting	2026-01-27T05:34:04.0801624Z      @abstractmethod
Python 浠ｇ爜妫€鏌?Check Black formatting	2026-01-27T05:34:04.0802330Z      def apply(self, doc: Document, params: Dict[str, Any]) -> List[Dict[str, Any]]:
Python 浠ｇ爜妫€鏌?Check Black formatting	2026-01-27T05:34:04.0803014Z          """
Python 浠ｇ爜妫€鏌?Check Black formatting	2026-01-27T05:34:04.0803678Z          搴旂敤瑙勫垯鍒版枃妗ｃ€?Python 浠ｇ爜妫€鏌?Check Black formatting	2026-01-27T05:34:04.0804035Z -        
Python 浠ｇ爜妫€鏌?Check Black formatting	2026-01-27T05:34:04.0804368Z +
Python 浠ｇ爜妫€鏌?Check Black formatting	2026-01-27T05:34:04.0804663Z          Args:
Python 浠ｇ爜妫€鏌?Check Black formatting	2026-01-27T05:34:04.0805264Z              doc: python-docx Document 瀵硅薄
Python 浠ｇ爜妫€鏌?Check Black formatting	2026-01-27T05:34:04.0805843Z              params: 瑙勫垯鍙傛暟瀛楀吀
Python 浠ｇ爜妫€鏌?Check Black formatting	2026-01-27T05:34:04.0806210Z -            
Python 浠ｇ爜妫€鏌?Check Black formatting	2026-01-27T05:34:04.0806542Z +
Python 浠ｇ爜妫€鏌?Check Black formatting	2026-01-27T05:34:04.0806807Z          Returns:
Python 浠ｇ爜妫€鏌?Check Black formatting	2026-01-27T05:34:04.0807239Z              fixes: 淇璁板綍鍒楄〃
Python 浠ｇ爜妫€鏌?Check Black formatting	2026-01-27T05:34:04.0807596Z          """
Python 浠ｇ爜妫€鏌?Check Black formatting	2026-01-27T05:34:04.0807940Z          pass
Python 浠ｇ爜妫€鏌?Check Black formatting	2026-01-27T05:34:04.0808223Z  
Python 浠ｇ爜妫€鏌?Check Black formatting	2026-01-27T05:34:04.0808502Z @@ -35,11 +36,11 @@
Python 浠ｇ爜妫€鏌?Check Black formatting	2026-01-27T05:34:04.0808816Z          return {
Python 浠ｇ爜妫€鏌?Check Black formatting	2026-01-27T05:34:04.0809153Z              "id": self.id,
Python 浠ｇ爜妫€鏌?Check Black formatting	2026-01-27T05:34:04.0809783Z              "name": self.name,
Python 浠ｇ爜妫€鏌?Check Black formatting	2026-01-27T05:34:04.0810232Z              "category": self.category,
Python 浠ｇ爜妫€鏌?Check Black formatting	2026-01-27T05:34:04.0810721Z              "description": self.description,
Python 浠ｇ爜妫€鏌?Check Black formatting	2026-01-27T05:34:04.0811276Z -            "default_params": self.get_default_params()
Python 浠ｇ爜妫€鏌?Check Black formatting	2026-01-27T05:34:04.0811868Z +            "default_params": self.get_default_params(),
Python 浠ｇ爜妫€鏌?Check Black formatting	2026-01-27T05:34:04.0812343Z          }
Python 浠ｇ爜妫€鏌?Check Black formatting	2026-01-27T05:34:04.0812619Z  
Python 浠ｇ爜妫€鏌?Check Black formatting	2026-01-27T05:34:04.0813375Z      def get_default_params(self) -> Dict[str, Any]:
Python 浠ｇ爜妫€鏌?Check Black formatting	2026-01-27T05:34:04.0813881Z          """
Python 浠ｇ爜妫€鏌?Check Black formatting	2026-01-27T05:34:04.0814264Z          鑾峰彇榛樿鍙傛暟銆?Python 浠ｇ爜妫€鏌?Check Black formatting	2026-01-27T05:34:04.0980669Z --- /home/runner/work/Md2Docx/Md2Docx/backend/core/processor.py	2026-01-27 05:33:58.078951+00:00
Python 浠ｇ爜妫€鏌?Check Black formatting	2026-01-27T05:34:04.0981835Z +++ /home/runner/work/Md2Docx/Md2Docx/backend/core/processor.py	2026-01-27 05:34:04.095632+00:00
Python 浠ｇ爜妫€鏌?Check Black formatting	2026-01-27T05:34:04.0982623Z @@ -69,14 +69,16 @@
Python 浠ｇ爜妫€鏌?Check Black formatting	2026-01-27T05:34:04.0982939Z          fixes = []
Python 浠ｇ爜妫€鏌?Check Black formatting	2026-01-27T05:34:04.0983222Z  
Python 浠ｇ爜妫€鏌?Check Black formatting	2026-01-27T05:34:04.0983541Z          # --- Rule Execution ---
Python 浠ｇ爜妫€鏌?Check Black formatting	2026-01-27T05:34:04.0983924Z          if rules:
Python 浠ｇ爜妫€鏌?Check Black formatting	2026-01-27T05:34:04.0984296Z              from backend.engine import registry
Python 浠ｇ爜妫€鏌?Check Black formatting	2026-01-27T05:34:04.0984751Z -            
Python 浠ｇ爜妫€鏌?Check Black formatting	2026-01-27T05:34:04.0985053Z +
Python 浠ｇ爜妫€鏌?Check Black formatting	2026-01-27T05:34:04.0985457Z              # Get all registered rules and sort by priority
Python 浠ｇ爜妫€鏌?Check Black formatting	2026-01-27T05:34:04.0986294Z -            registered_rules = sorted(registry.get_all_rules(), key=lambda r: r.priority)
Python 浠ｇ爜妫€鏌?Check Black formatting	2026-01-27T05:34:04.0987044Z -            
Python 浠ｇ爜妫€鏌?Check Black formatting	2026-01-27T05:34:04.0987371Z +            registered_rules = sorted(
Python 浠ｇ爜妫€鏌?Check Black formatting	2026-01-27T05:34:04.0987918Z +                registry.get_all_rules(), key=lambda r: r.priority
Python 浠ｇ爜妫€鏌?Check Black formatting	2026-01-27T05:34:04.0988461Z +            )
Python 浠ｇ爜妫€鏌?Check Black formatting	2026-01-27T05:34:04.0988742Z +
Python 浠ｇ爜妫€鏌?Check Black formatting	2026-01-27T05:34:04.0989048Z              for rule in registered_rules:
Python 浠ｇ爜妫€鏌?Check Black formatting	2026-01-27T05:34:04.0989473Z                  rule_config = rules.get(rule.id)
Python 浠ｇ爜妫€鏌?Check Black formatting	2026-01-27T05:34:04.0990069Z                  if rule_config and rule_config.get("enabled"):
Python 浠ｇ爜妫€鏌?Check Black formatting	2026-01-27T05:34:04.0990414Z                      params = rule_config.get("parameters", {})
Python 浠ｇ爜妫€鏌?Check Black formatting	2026-01-27T05:34:04.0990699Z                      try:
Python 浠ｇ爜妫€鏌?Check Black formatting	2026-01-27T05:34:04.0991239Z --- /home/runner/work/Md2Docx/Md2Docx/backend/core/preview_converter.py	2026-01-27 05:33:58.078951+00:00
Python 浠ｇ爜妫€鏌?Check Black formatting	2026-01-27T05:34:04.0991915Z +++ /home/runner/work/Md2Docx/Md2Docx/backend/core/preview_converter.py	2026-01-27 05:34:04.095804+00:00
Python 浠ｇ爜妫€鏌?Check Black formatting	2026-01-27T05:34:04.0992376Z @@ -163,11 +163,12 @@
Python 浠ｇ爜妫€鏌?Check Black formatting	2026-01-27T05:34:04.0992583Z          if fix_info:
Python 浠ｇ爜妫€鏌?Check Black formatting	2026-01-27T05:34:04.0992870Z              class_str = ' class="dict-preview-table highlight-fix"'
Python 浠ｇ爜妫€鏌?Check Black formatting	2026-01-27T05:34:04.0993262Z              desc_list = [f"[{f['rule']}] {f['desc']}" for f in fix_info]
Python 浠ｇ爜妫€鏌?Check Black formatting	2026-01-27T05:34:04.0993605Z              full_desc = "; ".join(desc_list)
Python 浠ｇ爜妫€鏌?Check Black formatting	2026-01-27T05:34:04.0993904Z              title_str = f' title="{html.escape(full_desc)}"'
Python 浠ｇ爜妫€鏌?Check Black formatting	2026-01-27T05:34:04.0994237Z -        else:class_str = ' class="dict-preview-table"'
Python 浠ｇ爜妫€鏌?Check Black formatting	2026-01-27T05:34:04.0994513Z +        else:
Python 浠ｇ爜妫€鏌?Check Black formatting	2026-01-27T05:34:04.0994718Z +            class_str = ' class="dict-preview-table"'
Python 浠ｇ爜妫€鏌?Check Black formatting	2026-01-27T05:34:04.0994978Z  
Python 浠ｇ爜妫€鏌?Check Black formatting	2026-01-27T05:34:04.0995126Z          rows = []
Python 浠ｇ爜妫€鏌?Check Black formatting	2026-01-27T05:34:04.0995315Z          for row in table.rows:
Python 浠ｇ爜妫€鏌?Check Black formatting	2026-01-27T05:34:04.0995518Z              cells = []
Python 浠ｇ爜妫€鏌?Check Black formatting	2026-01-27T05:34:04.0995724Z              for cell in row.cells:
Python 浠ｇ爜妫€鏌?Check Black formatting	2026-01-27T05:34:04.0997764Z would reformat /home/runner/work/Md2Docx/Md2Docx/backend/core/preview_converter.py
Python 浠ｇ爜妫€鏌?Check Black formatting	2026-01-27T05:34:04.0998969Z would reformat /home/runner/work/Md2Docx/Md2Docx/backend/core/processor.py
Python 浠ｇ爜妫€鏌?Check Black formatting	2026-01-27T05:34:04.1132240Z --- /home/runner/work/Md2Docx/Md2Docx/backend/engine/registry.py	2026-01-27 05:33:58.078951+00:00
Python 浠ｇ爜妫€鏌?Check Black formatting	2026-01-27T05:34:04.1134456Z +++ /home/runner/work/Md2Docx/Md2Docx/backend/engine/registry.py	2026-01-27 05:34:04.111827+00:00
Python 浠ｇ爜妫€鏌?Check Black formatting	2026-01-27T05:34:04.1135636Z @@ -1,20 +1,23 @@
Python 浠ｇ爜妫€鏌?Check Black formatting	2026-01-27T05:34:04.1136773Z  from typing import Dict, Type, List, Optional
Python 浠ｇ爜妫€鏌?Check Black formatting	2026-01-27T05:34:04.1137337Z  from backend.engine.base import BaseRule
Python 浠ｇ爜妫€鏌?Check Black formatting	2026-01-27T05:34:04.1137786Z +
Python 浠ｇ爜妫€鏌?Check Black formatting	2026-01-27T05:34:04.1138048Z  
Python 浠ｇ爜妫€鏌?Check Black formatting	2026-01-27T05:34:04.1138320Z  class RuleRegistry:
Python 浠ｇ爜妫€鏌?Check Black formatting	2026-01-27T05:34:04.1138661Z      """
Python 浠ｇ爜妫€鏌?Check Black formatting	2026-01-27T05:34:04.1139225Z      瑙勫垯娉ㄥ唽琛紝璐熻矗瑙勫垯鐨勬敹闆嗗拰妫€绱€?Python 浠ｇ爜妫€鏌?Check Black formatting	2026-01-27T05:34:04.1139748Z      """
Python 浠ｇ爜妫€鏌?Check Black formatting	2026-01-27T05:34:04.1140038Z -    
Python 浠ｇ爜妫€鏌?Check Black formatting	2026-01-27T05:34:04.1140315Z +
Python 浠ｇ爜妫€鏌?Check Black formatting	2026-01-27T05:34:04.1140624Z      _rules: Dict[str, BaseRule] = {}
Python 浠ｇ爜妫€鏌?Check Black formatting	2026-01-27T05:34:04.1141052Z  
Python 浠ｇ爜妫€鏌?Check Black formatting	2026-01-27T05:34:04.1141361Z      @classmethod
Python 浠ｇ爜妫€鏌?Check Black formatting	2026-01-27T05:34:04.1141744Z      def register(cls, rule_instance: BaseRule):
Python 浠ｇ爜妫€鏌?Check Black formatting	2026-01-27T05:34:04.1142705Z          """娉ㄥ唽涓€涓鍒欏疄渚?""
Python 浠ｇ爜妫€鏌?Check Black formatting	2026-01-27T05:34:04.1143075Z          if not rule_instance.id:
Python 浠ｇ爜妫€鏌?Check Black formatting	2026-01-27T05:34:04.1143745Z -            raise ValueError(f"Rule {rule_instance.__class__.__name__} must have an id.")
Python 浠ｇ爜妫€鏌?Check Black formatting	2026-01-27T05:34:04.1144716Z +            raise ValueError(
Python 浠ｇ爜妫€鏌?Check Black formatting	2026-01-27T05:34:04.1145257Z +                f"Rule {rule_instance.__class__.__name__} must have an id."
Python 浠ｇ爜妫€鏌?Check Black formatting	2026-01-27T05:34:04.1145817Z +            )
Python 浠ｇ爜妫€鏌?Check Black formatting	2026-01-27T05:34:04.1146203Z          cls._rules[rule_instance.id] = rule_instance
Python 浠ｇ爜妫€鏌?Check Black formatting	2026-01-27T05:34:04.1146688Z  
Python 浠ｇ爜妫€鏌?Check Black formatting	2026-01-27T05:34:04.1146950Z      @classmethod
Python 浠ｇ爜妫€鏌?Check Black formatting	2026-01-27T05:34:04.1147396Z      def get_rule(cls, rule_id: str) -> Optional[BaseRule]:
Python 浠ｇ爜妫€鏌?Check Black formatting	2026-01-27T05:34:04.1148034Z          """鑾峰彇鎸囧畾 ID 鐨勮鍒?""
Python 浠ｇ爜妫€鏌?Check Black formatting	2026-01-27T05:34:04.1148393Z @@ -33,7 +36,8 @@
Python 浠ｇ爜妫€鏌?Check Black formatting	2026-01-27T05:34:04.1148696Z      @classmethod
Python 浠ｇ爜妫€鏌?Check Black formatting	2026-01-27T05:34:04.1149009Z      def clear(cls):
Python 浠ｇ爜妫€鏌?Check Black formatting	2026-01-27T05:34:04.1149451Z          """娓呯┖娉ㄥ唽琛?(涓昏鐢ㄤ簬娴嬭瘯)"""
Python 浠ｇ爜妫€鏌?Check Black formatting	2026-01-27T05:34:04.1150039Z          cls._rules = {}
Python 浠ｇ爜妫€鏌?Check Black formatting	2026-01-27T05:34:04.1150387Z  
Python 浠ｇ爜妫€鏌?Check Black formatting	2026-01-27T05:34:04.1150650Z +
Python 浠ｇ爜妫€鏌?Check Black formatting	2026-01-27T05:34:04.1150980Z  # 鍏ㄥ眬娉ㄥ唽琛ㄥ疄渚?Python 浠ｇ爜妫€鏌?Check Black formatting	2026-01-27T05:34:04.1151284Z  registry = RuleRegistry()
Python 浠ｇ爜妫€鏌?Check Black formatting	2026-01-27T05:34:04.1162442Z would reformat /home/runner/work/Md2Docx/Md2Docx/backend/engine/registry.py
Python 浠ｇ爜妫€鏌?Check Black formatting	2026-01-27T05:34:04.2598241Z --- /home/runner/work/Md2Docx/Md2Docx/backend/engine/rules/formula.py	2026-01-27 05:33:58.078951+00:00
Python 浠ｇ爜妫€鏌?Check Black formatting	2026-01-27T05:34:04.2599727Z +++ /home/runner/work/Md2Docx/Md2Docx/backend/engine/rules/formula.py	2026-01-27 05:34:04.254271+00:00
Python 浠ｇ爜妫€鏌?Check Black formatting	2026-01-27T05:34:04.2600554Z @@ -2,10 +2,11 @@
Python 浠ｇ爜妫€鏌?Check Black formatting	2026-01-27T05:34:04.2600917Z  from docx import Document
Python 浠ｇ爜妫€鏌?Check Black formatting	2026-01-27T05:34:04.2601392Z  from docx.enum.text import WD_PARAGRAPH_ALIGNMENT
Python 浠ｇ爜妫€鏌?Check Black formatting	2026-01-27T05:34:04.2601949Z  from backend.engine.base import BaseRule
Python 浠ｇ爜妫€鏌?Check Black formatting	2026-01-27T05:34:04.2602480Z  from backend.engine.registry import registry
Python 浠ｇ爜妫€鏌?Check Black formatting	2026-01-27T05:34:04.2603133Z  from backend.core.latex_converter import convert_latex_in_document
Python 浠ｇ爜妫€鏌?Check Black formatting	2026-01-27T05:34:04.2603725Z +
Python 浠ｇ爜妫€鏌?Check Black formatting	2026-01-27T05:34:04.2603984Z  
Python 浠ｇ爜妫€鏌?Check Black formatting	2026-01-27T05:34:04.2604287Z  class LatexToOmmlRule(BaseRule):
Python 浠ｇ爜妫€鏌?Check Black formatting	2026-01-27T05:34:04.2604734Z      id = "latex_to_omml"
Python 浠ｇ爜妫€鏌?Check Black formatting	2026-01-27T05:34:04.2605438Z      name = "LaTeX鍏紡杞崲瑙勫垯"
Python 浠ｇ爜妫€鏌?Check Black formatting	2026-01-27T05:34:04.2605842Z      category = "formula"
Python 浠ｇ爜妫€鏌?Check Black formatting	2026-01-27T05:34:04.2606203Z @@ -16,10 +17,11 @@
Python 浠ｇ爜妫€鏌?Check Black formatting	2026-01-27T05:34:04.2606539Z          return {}
Python 浠ｇ爜妫€鏌?Check Black formatting	2026-01-27T05:34:04.2606842Z  
Python 浠ｇ爜妫€鏌?Check Black formatting	2026-01-27T05:34:04.2607366Z      def apply(self, doc: Document, params: Dict[str, Any]) -> List[Dict[str, Any]]:
Python 浠ｇ爜妫€鏌?Check Black formatting	2026-01-27T05:34:04.2608160Z          # This calls the existing specialized converter
Python 浠ｇ爜妫€鏌?Check Black formatting	2026-01-27T05:34:04.2608719Z          return convert_latex_in_document(doc)
Python 浠ｇ爜妫€鏌?Check Black formatting	2026-01-27T05:34:04.2609149Z +
Python 浠ｇ爜妫€鏌?Check Black formatting	2026-01-27T05:34:04.2609399Z  
Python 浠ｇ爜妫€鏌?Check Black formatting	2026-01-27T05:34:04.2609877Z  class FormulaNumberingRule(BaseRule):
Python 浠ｇ爜妫€鏌?Check Black formatting	2026-01-27T05:34:04.2610346Z      id = "formula_numbering"
Python 浠ｇ爜妫€鏌?Check Black formatting	2026-01-27T05:34:04.2610825Z      name = "鍏紡鑷姩缂栧彿瑙勫垯"
Python 浠ｇ爜妫€鏌?Check Black formatting	2026-01-27T05:34:04.2611164Z      category = "formula"
Python 浠ｇ爜妫€鏌?Check Black formatting	2026-01-27T05:34:04.2611519Z @@ -62,10 +64,11 @@
Python 浠ｇ爜妫€鏌?Check Black formatting	2026-01-27T05:34:04.2611819Z                      }
Python 浠ｇ爜妫€鏌?Check Black formatting	2026-01-27T05:34:04.2612129Z                  )
Python 浠ｇ爜妫€鏌?Check Black formatting	2026-01-27T05:34:04.2612437Z  
Python 浠ｇ爜妫€鏌?Check Black formatting	2026-01-27T05:34:04.2612703Z          return fixes
Python 浠ｇ爜妫€鏌?Check Black formatting	2026-01-27T05:34:04.2613005Z  
Python 浠ｇ爜妫€鏌?Check Black formatting	2026-01-27T05:34:04.2613268Z +
Python 浠ｇ爜妫€鏌?Check Black formatting	2026-01-27T05:34:04.2613584Z  class InlineFormulaStyleRule(BaseRule):
Python 浠ｇ爜妫€鏌?Check Black formatting	2026-01-27T05:34:04.2614062Z      id = "inline_formula_style"
Python 浠ｇ爜妫€鏌?Check Black formatting	2026-01-27T05:34:04.2614561Z      name = "琛屽唴鍏紡鏍峰紡瑙勫垯"
Python 浠ｇ爜妫€鏌?Check Black formatting	2026-01-27T05:34:04.2614921Z      category = "formula"
Python 浠ｇ爜妫€鏌?Check Black formatting	2026-01-27T05:34:04.2615598Z would reformat /home/runner/work/Md2Docx/Md2Docx/backend/engine/rules/formula.py
Python 浠ｇ爜妫€鏌?Check Black formatting	2026-01-27T05:34:04.2616459Z      description = "缁熶竴琛屽唴鍏紡鐨勫瓧浣撳拰鍨傜洿瀵归綈鏂瑰紡銆?
Python 浠ｇ爜妫€鏌?Check Black formatting	2026-01-27T05:34:04.2616888Z @@ -98,10 +101,11 @@
Python 浠ｇ爜妫€鏌?Check Black formatting	2026-01-27T05:34:04.2617254Z                          "paragraph_indices": [i],
Python 浠ｇ爜妫€鏌?Check Black formatting	2026-01-27T05:34:04.2617714Z                      }
Python 浠ｇ爜妫€鏌?Check Black formatting	2026-01-27T05:34:04.2618010Z                  )
Python 浠ｇ爜妫€鏌?Check Black formatting	2026-01-27T05:34:04.2618364Z  
Python 浠ｇ爜妫€鏌?Check Black formatting	2026-01-27T05:34:04.2618631Z          return fixes
Python 浠ｇ爜妫€鏌?Check Black formatting	2026-01-27T05:34:04.2618941Z +
Python 浠ｇ爜妫€鏌?Check Black formatting	2026-01-27T05:34:04.2619194Z  
Python 浠ｇ爜妫€鏌?Check Black formatting	2026-01-27T05:34:04.2629765Z  class DisplayFormulaCenterRule(BaseRule):
Python 浠ｇ爜妫€鏌?Check Black formatting	2026-01-27T05:34:04.2630737Z      id = "display_formula_center"
Python 浠ｇ爜妫€鏌?Check Black formatting	2026-01-27T05:34:04.2631285Z      name = "灞曠ず鍏紡灞呬腑瑙勫垯"
Python 浠ｇ爜妫€鏌?Check Black formatting	2026-01-27T05:34:04.2631648Z      category = "formula"
Python 浠ｇ爜妫€鏌?Check Black formatting	2026-01-27T05:34:04.2632257Z @@ -139,9 +143,10 @@
Python 浠ｇ爜妫€鏌?Check Black formatting	2026-01-27T05:34:04.2632581Z                          }
Python 浠ｇ爜妫€鏌?Check Black formatting	2026-01-27T05:34:04.2632924Z                      )
Python 浠ｇ爜妫€鏌?Check Black formatting	2026-01-27T05:34:04.2633234Z  
Python 浠ｇ爜妫€鏌?Check Black formatting	2026-01-27T05:34:04.2633509Z          return fixes
Python 浠ｇ爜妫€鏌?Check Black formatting	2026-01-27T05:34:04.2633826Z  
Python 浠ｇ爜妫€鏌?Check Black formatting	2026-01-27T05:34:04.2634076Z +
Python 浠ｇ爜妫€鏌?Check Black formatting	2026-01-27T05:34:04.2634381Z  registry.register(LatexToOmmlRule())
Python 浠ｇ爜妫€鏌?Check Black formatting	2026-01-27T05:34:04.2634885Z  registry.register(FormulaNumberingRule())
Python 浠ｇ爜妫€鏌?Check Black formatting	2026-01-27T05:34:04.2635413Z  registry.register(InlineFormulaStyleRule())
Python 浠ｇ爜妫€鏌?Check Black formatting	2026-01-27T05:34:04.2635984Z  registry.register(DisplayFormulaCenterRule())
Python 浠ｇ爜妫€鏌?Check Black formatting	2026-01-27T05:34:04.2938765Z --- /home/runner/work/Md2Docx/Md2Docx/backend/engine/rules/image.py	2026-01-27 05:33:58.078951+00:00
Python 浠ｇ爜妫€鏌?Check Black formatting	2026-01-27T05:34:04.2940373Z +++ /home/runner/work/Md2Docx/Md2Docx/backend/engine/rules/image.py	2026-01-27 05:34:04.288634+00:00
Python 浠ｇ爜妫€鏌?Check Black formatting	2026-01-27T05:34:04.2941231Z @@ -1,10 +1,11 @@
Python 浠ｇ爜妫€鏌?Check Black formatting	2026-01-27T05:34:04.2941613Z  from typing import Dict, Any, List
Python 浠ｇ爜妫€鏌?Check Black formatting	2026-01-27T05:34:04.2942089Z  from docx import Document
Python 浠ｇ爜妫€鏌?Check Black formatting	2026-01-27T05:34:04.2942580Z  from docx.enum.text import WD_PARAGRAPH_ALIGNMENT
Python 浠ｇ爜妫€鏌?Check Black formatting	2026-01-27T05:34:04.2943163Z  from backend.engine.base import BaseRule
Python 浠ｇ爜妫€鏌?Check Black formatting	2026-01-27T05:34:04.2943707Z  from backend.engine.registry import registry
Python 浠ｇ爜妫€鏌?Check Black formatting	2026-01-27T05:34:04.2944185Z +
Python 浠ｇ爜妫€鏌?Check Black formatting	2026-01-27T05:34:04.2944446Z  
Python 浠ｇ爜妫€鏌?Check Black formatting	2026-01-27T05:34:04.2944756Z  class ImageCenterRule(BaseRule):
Python 浠ｇ爜妫€鏌?Check Black formatting	2026-01-27T05:34:04.2945180Z      id = "image_center"
Python 浠ｇ爜妫€鏌?Check Black formatting	2026-01-27T05:34:04.2945823Z      name = "鍥剧墖灞呬腑瑙勫垯"
Python 浠ｇ爜妫€鏌?Check Black formatting	2026-01-27T05:34:04.2946186Z      category = "image"
Python 浠ｇ爜妫€鏌?Check Black formatting	2026-01-27T05:34:04.2946538Z @@ -23,30 +24,30 @@
Python 浠ｇ爜妫€鏌?Check Black formatting	2026-01-27T05:34:04.2946890Z                      has_image = True
Python 浠ｇ爜妫€鏌?Check Black formatting	2026-01-27T05:34:04.2947347Z                      break
Python 浠ｇ爜妫€鏌?Check Black formatting	2026-01-27T05:34:04.2947688Z              if has_image:
Python 浠ｇ爜妫€鏌?Check Black formatting	2026-01-27T05:34:04.2948310Z                  if para.paragraph_format.alignment != WD_PARAGRAPH_ALIGNMENT.CENTER:
Python 浠ｇ爜妫€鏌?Check Black formatting	2026-01-27T05:34:04.2949208Z                      para.paragraph_format.alignment = WD_PARAGRAPH_ALIGNMENT.CENTER
Python 浠ｇ爜妫€鏌?Check Black formatting	2026-01-27T05:34:04.2950188Z -                    fixes.append({
Python 浠ｇ爜妫€鏌?Check Black formatting	2026-01-27T05:34:04.2950696Z -                        "id": f"fix_image_center_{i}",
Python 浠ｇ爜妫€鏌?Check Black formatting	2026-01-27T05:34:04.2951204Z -                        "rule_id": self.id,
Python 浠ｇ爜妫€鏌?Check Black formatting	2026-01-27T05:34:04.2951903Z -                        "description": f"宸插皢绗?{i+1} 娈典腑鐨勫浘鐗囧眳涓?,
Python 浠ｇ爜妫€鏌?Check Black formatting	2026-01-27T05:34:04.2952464Z -                        "paragraph_indices": [i],
Python 浠ｇ爜妫€鏌?Check Black formatting	2026-01-27T05:34:04.2952947Z -                    })
Python 浠ｇ爜妫€鏌?Check Black formatting	2026-01-27T05:34:04.2953309Z +                    fixes.append(
Python 浠ｇ爜妫€鏌?Check Black formatting	2026-01-27T05:34:04.2953711Z +                        {
Python 浠ｇ爜妫€鏌?Check Black formatting	2026-01-27T05:34:04.2954135Z +                            "id": f"fix_image_center_{i}",
Python 浠ｇ爜妫€鏌?Check Black formatting	2026-01-27T05:34:04.2954641Z +                            "rule_id": self.id,
Python 浠ｇ爜妫€鏌?Check Black formatting	2026-01-27T05:34:04.2955333Z +                            "description": f"宸插皢绗?{i+1} 娈典腑鐨勫浘鐗囧眳涓?,
Python 浠ｇ爜妫€鏌?Check Black formatting	2026-01-27T05:34:04.2955901Z +                            "paragraph_indices": [i],
Python 浠ｇ爜妫€鏌?Check Black formatting	2026-01-27T05:34:04.2956395Z +                        }
Python 浠ｇ爜妫€鏌?Check Black formatting	2026-01-27T05:34:04.2956734Z +                    )
Python 浠ｇ爜妫€鏌?Check Black formatting	2026-01-27T05:34:04.2957072Z          return fixes
Python 浠ｇ爜妫€鏌?Check Black formatting	2026-01-27T05:34:04.2957419Z +
Python 浠ｇ爜妫€鏌?Check Black formatting	2026-01-27T05:34:04.2957679Z  
Python 浠ｇ爜妫€鏌?Check Black formatting	2026-01-27T05:34:04.2957978Z  class ImageResizeRule(BaseRule):
Python 浠ｇ爜妫€鏌?Check Black formatting	2026-01-27T05:34:04.2958401Z      id = "image_resize"
Python 浠ｇ爜妫€鏌?Check Black formatting	2026-01-27T05:34:04.2958883Z      name = "鍥剧墖閲嶇缉鏀捐鍒?
Python 浠ｇ爜妫€鏌?Check Black formatting	2026-01-27T05:34:04.2959222Z      category = "image"
Python 浠ｇ爜妫€鏌?Check Black formatting	2026-01-27T05:34:04.2959961Z      description = "鑷姩璋冩暣杩囧ぇ鍥剧墖鐨勫昂瀵镐互閫傚簲椤甸潰甯冨眬銆?
Python 浠ｇ爜妫€鏌?Check Black formatting	2026-01-27T05:34:04.2960421Z      priority = 120
Python 浠ｇ爜妫€鏌?Check Black formatting	2026-01-27T05:34:04.2960754Z  
Python 浠ｇ爜妫€鏌?Check Black formatting	2026-01-27T05:34:04.2961117Z      def get_default_params(self) -> Dict[str, Any]:
Python 浠ｇ爜妫€鏌?Check Black formatting	2026-01-27T05:34:04.2961624Z -        return {
Python 浠ｇ爜妫€鏌?Check Black formatting	2026-01-27T05:34:04.2961962Z -            "max_width": 6.0,
Python 浠ｇ爜妫€鏌?Check Black formatting	2026-01-27T05:34:04.2962348Z -            "max_height": 8.0
Python 浠ｇ爜妫€鏌?Check Black formatting	2026-01-27T05:34:04.2962719Z -        }
Python 浠ｇ爜妫€鏌?Check Black formatting	2026-01-27T05:34:04.2963080Z +        return {"max_width": 6.0, "max_height": 8.0}
Python 浠ｇ爜妫€鏌?Check Black formatting	2026-01-27T05:34:04.2963557Z  
Python 浠ｇ爜妫€鏌?Check Black formatting	2026-01-27T05:34:04.2964065Z      def apply(self, doc: Document, params: Dict[str, Any]) -> List[Dict[str, Any]]:
Python 浠ｇ爜妫€鏌?Check Black formatting	2026-01-27T05:34:04.2965215Z          fixes = []
Python 浠ｇ爜妫€鏌?Check Black formatting	2026-01-27T05:34:04.2965837Z          defaults = self.get_default_params()
Python 浠ｇ爜妫€鏌?Check Black formatting	2026-01-27T05:34:04.2966448Z          max_width = params.get("max_width", defaults["max_width"])
Python 浠ｇ爜妫€鏌?Check Black formatting	2026-01-27T05:34:04.2967015Z @@ -57,13 +58,23 @@
Python 浠ｇ爜妫€鏌?Check Black formatting	2026-01-27T05:34:04.2967408Z          for i, para in enumerate(doc.paragraphs):
Python 浠ｇ爜妫€鏌?Check Black formatting	2026-01-27T05:34:04.2967923Z              for run in para.runs:
Python 浠ｇ爜妫€鏌?Check Black formatting	2026-01-27T05:34:04.2968426Z                  drawings = run._element.xpath(".//w:drawing")
Python 浠ｇ爜妫€鏌?Check Black formatting	2026-01-27T05:34:04.2968977Z                  for drawing in drawings:
Python 浠ｇ爜妫€鏌?Check Black formatting	2026-01-27T05:34:04.2969478Z                      for tag in ["wp:inline", "wp:anchor"]:
Python 浠ｇ爜妫€鏌?Check Black formatting	2026-01-27T05:34:04.2991089Z -                        element = drawing.find(f".//{tag}", namespaces={"wp": "http://schemas.openxmlformats.org/drawingml/2006/wordprocessingDrawing"})
Python 浠ｇ爜妫€鏌?Check Black formatting	2026-01-27T05:34:04.2992238Z +                        element = drawing.find(
Python 浠ｇ爜妫€鏌?Check Black formatting	2026-01-27T05:34:04.2992733Z +                            f".//{tag}",
Python 浠ｇ爜妫€鏌?Check Black formatting	2026-01-27T05:34:04.2993187Z +                            namespaces={
Python 浠ｇ爜妫€鏌?Check Black formatting	2026-01-27T05:34:04.2993974Z +                                "wp": "http://schemas.openxmlformats.org/drawingml/2006/wordprocessingDrawing"
Python 浠ｇ爜妫€鏌?Check Black formatting	2026-01-27T05:34:04.2994767Z +                            },
Python 浠ｇ爜妫€鏌?Check Black formatting	2026-01-27T05:34:04.2995172Z +                        )
Python 浠ｇ爜妫€鏌?Check Black formatting	2026-01-27T05:34:04.2995567Z                          if element is not None:
Python 浠ｇ爜妫€鏌?Check Black formatting	2026-01-27T05:34:04.2996744Z -                            extent = element.find(".//wp:extent", namespaces={"wp": "http://schemas.openxmlformats.org/drawingml/2006/wordprocessingDrawing"})
Python 浠ｇ爜妫€鏌?Check Black formatting	2026-01-27T05:34:04.2997898Z +                            extent = element.find(
Python 浠ｇ爜妫€鏌?Check Black formatting	2026-01-27T05:34:04.2998394Z +                                ".//wp:extent",
Python 浠ｇ爜妫€鏌?Check Black formatting	2026-01-27T05:34:04.2998858Z +                                namespaces={
Python 浠ｇ爜妫€鏌?Check Black formatting	2026-01-27T05:34:04.2999901Z +                                    "wp": "http://schemas.openxmlformats.org/drawingml/2006/wordprocessingDrawing"
Python 浠ｇ爜妫€鏌?Check Black formatting	2026-01-27T05:34:04.3000784Z +                                },
Python 浠ｇ爜妫€鏌?Check Black formatting	2026-01-27T05:34:04.3001190Z +                            )
Python 浠ｇ爜妫€鏌?Check Black formatting	2026-01-27T05:34:04.3001622Z                              if extent is not None:
Python 浠ｇ爜妫€鏌?Check Black formatting	2026-01-27T05:34:04.3002221Z                                  cx, cy = int(extent.get("cx")), int(extent.get("cy"))
Python 浠ｇ爜妫€鏌?Check Black formatting	2026-01-27T05:34:04.3002909Z                                  if cx > max_width_emu or cy > max_height_emu:
Python 浠ｇ爜妫€鏌?Check Black formatting	2026-01-27T05:34:04.3003507Z                                      ratio = cx / cy
Python 浠ｇ爜妫€鏌?Check Black formatting	2026-01-27T05:34:04.3003994Z                                      if ratio > 1:
Python 浠ｇ爜妫€鏌?Check Black formatting	2026-01-27T05:34:04.3004451Z @@ -72,30 +83,30 @@
Python 浠ｇ爜妫€鏌?Check Black formatting	2026-01-27T05:34:04.3004789Z                                      else:
Python 浠ｇ爜妫€鏌?Check Black formatting	2026-01-27T05:34:04.3005282Z                                          new_cy = max_height_emu
Python 浠ｇ爜妫€鏌?Check Black formatting	2026-01-27T05:34:04.3005853Z                                          new_cx = int(new_cy * ratio)
Python 浠ｇ爜妫€鏌?Check Black formatting	2026-01-27T05:34:04.3006426Z                                      extent.set("cx", str(new_cx))
Python 浠ｇ爜妫€鏌?Check Black formatting	2026-01-27T05:34:04.3007008Z                                      extent.set("cy", str(new_cy))
Python 浠ｇ爜妫€鏌?Check Black formatting	2026-01-27T05:34:04.3007534Z -                                    fixes.append({
Python 浠ｇ爜妫€鏌?Check Black formatting	2026-01-27T05:34:04.3008074Z -                                        "id": f"fix_image_resize_{i}",
Python 浠ｇ爜妫€鏌?Check Black formatting	2026-01-27T05:34:04.3008611Z -                                        "rule_id": self.id,
Python 浠ｇ爜妫€鏌?Check Black formatting	2026-01-27T05:34:04.3009350Z -                                        "description": f"宸茬缉鏀剧 {i+1} 娈典腑鐨勫浘鐗?,
Python 浠ｇ爜妫€鏌?Check Black formatting	2026-01-27T05:34:04.3010113Z -                                        "paragraph_indices": [i],
Python 浠ｇ爜妫€鏌?Check Black formatting	2026-01-27T05:34:04.3010604Z -                                    })
Python 浠ｇ爜妫€鏌?Check Black formatting	2026-01-27T05:34:04.3011032Z +                                    fixes.append(
Python 浠ｇ爜妫€鏌?Check Black formatting	2026-01-27T05:34:04.3011458Z +                                        {
Python 浠ｇ爜妫€鏌?Check Black formatting	2026-01-27T05:34:04.3011896Z +                                            "id": f"fix_image_resize_{i}",
Python 浠ｇ爜妫€鏌?Check Black formatting	2026-01-27T05:34:04.3012420Z +                                            "rule_id": self.id,
Python 浠ｇ爜妫€鏌?Check Black formatting	2026-01-27T05:34:04.3013133Z +                                            "description": f"宸茬缉鏀剧 {i+1} 娈典腑鐨勫浘鐗?,
Python 浠ｇ爜妫€鏌?Check Black formatting	2026-01-27T05:34:04.3013946Z +                                            "paragraph_indices": [i],
Python 浠ｇ爜妫€鏌?Check Black formatting	2026-01-27T05:34:04.3014586Z +                                        }
Python 浠ｇ爜妫€鏌?Check Black formatting	2026-01-27T05:34:04.3014988Z +                                    )
Python 浠ｇ爜妫€鏌?Check Black formatting	2026-01-27T05:34:04.3015370Z          return fixes
Python 浠ｇ爜妫€鏌?Check Black formatting	2026-01-27T05:34:04.3015709Z +
Python 浠ｇ爜妫€鏌?Check Black formatting	2026-01-27T05:34:04.3015945Z  
Python 浠ｇ爜妫€鏌?Check Black formatting	2026-01-27T05:34:04.3016239Z  class ImageCaptionRule(BaseRule):
Python 浠ｇ爜妫€鏌?Check Black formatting	2026-01-27T05:34:04.3016654Z      id = "image_caption"
Python 浠ｇ爜妫€鏌?Check Black formatting	2026-01-27T05:34:04.3017071Z      name = "鍥剧墖棰樻敞瑙勫垯"
Python 浠ｇ爜妫€鏌?Check Black formatting	2026-01-27T05:34:04.3017392Z      category = "image"
Python 浠ｇ爜妫€鏌?Check Black formatting	2026-01-27T05:34:04.3017841Z      description = "涓哄浘鐗囨坊鍔犻粯璁ょ殑棰樻敞鍗犱綅绗︽垨搴忓彿銆?
Python 浠ｇ爜妫€鏌?Check Black formatting	2026-01-27T05:34:04.3018315Z      priority = 130
Python 浠ｇ爜妫€鏌?Check Black formatting	2026-01-27T05:34:04.3018614Z -    
Python 浠ｇ爜妫€鏌?Check Black formatting	2026-01-27T05:34:04.3018869Z +
Python 浠ｇ爜妫€鏌?Check Black formatting	2026-01-27T05:34:04.3019195Z      def get_default_params(self) -> Dict[str, Any]:
Python 浠ｇ爜妫€鏌?Check Black formatting	2026-01-27T05:34:04.3050027Z -        return {
Python 浠ｇ爜妫€鏌?Check Black formatting	2026-01-27T05:34:04.3050552Z -            "caption_format": "鍥?{number}",
Python 浠ｇ爜妫€鏌?Check Black formatting	2026-01-27T05:34:04.3051072Z -            "caption_font_size": 10
Python 浠ｇ爜妫€鏌?Check Black formatting	2026-01-27T05:34:04.3051467Z -        }
Python 浠ｇ爜妫€鏌?Check Black formatting	2026-01-27T05:34:04.3052086Z +        return {"caption_format": "鍥?{number}", "caption_font_size": 10}
Python 浠ｇ爜妫€鏌?Check Black formatting	2026-01-27T05:34:04.3052681Z  
Python 浠ｇ爜妫€鏌?Check Black formatting	2026-01-27T05:34:04.3053188Z      def apply(self, doc: Document, params: Dict[str, Any]) -> List[Dict[str, Any]]:
Python 浠ｇ爜妫€鏌?Check Black formatting	2026-01-27T05:34:04.3053866Z          fixes = []
Python 浠ｇ爜妫€鏌?Check Black formatting	2026-01-27T05:34:04.3054241Z          defaults = self.get_default_params()
Python 浠ｇ爜妫€鏌?Check Black formatting	2026-01-27T05:34:04.3054739Z          image_counter = 1
Python 浠ｇ爜妫€鏌?Check Black formatting	2026-01-27T05:34:04.3055132Z @@ -108,30 +119,37 @@
Python 浠ｇ爜妫€鏌?Check Black formatting	2026-01-27T05:34:04.3055499Z                      has_image = True
Python 浠ｇ爜妫€鏌?Check Black formatting	2026-01-27T05:34:04.3055912Z                      break
Python 浠ｇ爜妫€鏌?Check Black formatting	2026-01-27T05:34:04.3056269Z  
Python 浠ｇ爜妫€鏌?Check Black formatting	2026-01-27T05:34:04.3056551Z              if has_image:
Python 浠ｇ爜妫€鏌?Check Black formatting	2026-01-27T05:34:04.3057042Z                  # Add caption paragraph after the image paragraph
Python 浠ｇ爜妫€鏌?Check Black formatting	2026-01-27T05:34:04.3057849Z -                caption_format = params.get("caption_format", defaults["caption_format"])
Python 浠ｇ爜妫€鏌?Check Black formatting	2026-01-27T05:34:04.3058655Z +                caption_format = params.get(
Python 浠ｇ爜妫€鏌?Check Black formatting	2026-01-27T05:34:04.3059211Z +                    "caption_format", defaults["caption_format"]
Python 浠ｇ爜妫€鏌?Check Black formatting	2026-01-27T05:34:04.3059983Z +                )
Python 浠ｇ爜妫€鏌?Check Black formatting	2026-01-27T05:34:04.3060455Z                  caption_text = caption_format.format(number=image_counter)
Python 浠ｇ爜妫€鏌?Check Black formatting	2026-01-27T05:34:04.3061021Z -                
Python 浠ｇ爜妫€鏌?Check Black formatting	2026-01-27T05:34:04.3061348Z +
Python 浠ｇ爜妫€鏌?Check Black formatting	2026-01-27T05:34:04.3061706Z                  # Create and insert caption paragraph
Python 浠ｇ爜妫€鏌?Check Black formatting	2026-01-27T05:34:04.3062309Z                  caption_para = doc.add_paragraph(caption_text)
Python 浠ｇ爜妫€鏌?Check Black formatting	2026-01-27T05:34:04.3063101Z                  caption_para.paragraph_format.alignment = WD_PARAGRAPH_ALIGNMENT.CENTER
Python 浠ｇ爜妫€鏌?Check Black formatting	2026-01-27T05:34:04.3063792Z -                
Python 浠ｇ爜妫€鏌?Check Black formatting	2026-01-27T05:34:04.3064111Z +
Python 浠ｇ爜妫€鏌?Check Black formatting	2026-01-27T05:34:04.3064421Z                  # Set caption font size
Python 浠ｇ爜妫€鏌?Check Black formatting	2026-01-27T05:34:04.3065117Z -                font_size = params.get("caption_font_size", defaults["caption_font_size"])
Python 浠ｇ爜妫€鏌?Check Black formatting	2026-01-27T05:34:04.3065862Z +                font_size = params.get(
Python 浠ｇ爜妫€鏌?Check Black formatting	2026-01-27T05:34:04.3066418Z +                    "caption_font_size", defaults["caption_font_size"]
Python 浠ｇ爜妫€鏌?Check Black formatting	2026-01-27T05:34:04.3066942Z +                )
Python 浠ｇ爜妫€鏌?Check Black formatting	2026-01-27T05:34:04.3067274Z                  for run in caption_para.runs:
Python 浠ｇ爜妫€鏌?Check Black formatting	2026-01-27T05:34:04.3067747Z                      run.font.size = Pt(font_size)
Python 浠ｇ爜妫€鏌?Check Black formatting	2026-01-27T05:34:04.3068190Z -                
Python 浠ｇ爜妫€鏌?Check Black formatting	2026-01-27T05:34:04.3068492Z +
Python 浠ｇ爜妫€鏌?Check Black formatting	2026-01-27T05:34:04.3068768Z                  image_counter += 1
Python 浠ｇ爜妫€鏌?Check Black formatting	2026-01-27T05:34:04.3069196Z -                fixes.append({
Python 浠ｇ爜妫€鏌?Check Black formatting	2026-01-27T05:34:04.3069875Z -                    "id": f"fix_image_caption_{i}",
Python 浠ｇ爜妫€鏌?Check Black formatting	2026-01-27T05:34:04.3070387Z -                    "rule_id": self.id,
Python 浠ｇ爜妫€鏌?Check Black formatting	2026-01-27T05:34:04.3071156Z -                    "description": f"宸蹭负绗?{i+1} 娈典腑鐨勫浘鐗囨坊鍔犻娉?'{caption_text}'",
Python 浠ｇ爜妫€鏌?Check Black formatting	2026-01-27T05:34:04.3071775Z -                    "paragraph_indices": [i],
Python 浠ｇ爜妫€鏌?Check Black formatting	2026-01-27T05:34:04.3072221Z -                })
Python 浠ｇ爜妫€鏌?Check Black formatting	2026-01-27T05:34:04.3072551Z +                fixes.append(
Python 浠ｇ爜妫€鏌?Check Black formatting	2026-01-27T05:34:04.3072923Z +                    {
Python 浠ｇ爜妫€鏌?Check Black formatting	2026-01-27T05:34:04.3073564Z +                        "id": f"fix_image_caption_{i}",
Python 浠ｇ爜妫€鏌?Check Black formatting	2026-01-27T05:34:04.3074065Z +                        "rule_id": self.id,
Python 浠ｇ爜妫€鏌?Check Black formatting	2026-01-27T05:34:04.3075006Z +                        "description": f"宸蹭负绗?{i+1} 娈典腑鐨勫浘鐗囨坊鍔犻娉?'{caption_text}'",
Python 浠ｇ爜妫€鏌?Check Black formatting	2026-01-27T05:34:04.3075619Z +                        "paragraph_indices": [i],
Python 浠ｇ爜妫€鏌?Check Black formatting	2026-01-27T05:34:04.3076053Z +                    }
Python 浠ｇ爜妫€鏌?Check Black formatting	2026-01-27T05:34:04.3076353Z +                )
Python 浠ｇ爜妫€鏌?Check Black formatting	2026-01-27T05:34:04.3076638Z  
Python 浠ｇ爜妫€鏌?Check Black formatting	2026-01-27T05:34:04.3076899Z          return fixes
Python 浠ｇ爜妫€鏌?Check Black formatting	2026-01-27T05:34:04.3077208Z +
Python 浠ｇ爜妫€鏌?Check Black formatting	2026-01-27T05:34:04.3077448Z  
Python 浠ｇ爜妫€鏌?Check Black formatting	2026-01-27T05:34:04.3077757Z  registry.register(ImageCenterRule())
Python 浠ｇ爜妫€鏌?Check Black formatting	2026-01-27T05:34:04.3078232Z  registry.register(ImageResizeRule())
Python 浠ｇ爜妫€鏌?Check Black formatting	2026-01-27T05:34:04.3078711Z  registry.register(ImageCaptionRule())
Python 浠ｇ爜妫€鏌?Check Black formatting	2026-01-27T05:34:04.3079444Z would reformat /home/runner/work/Md2Docx/Md2Docx/backend/engine/rules/image.py
Python 浠ｇ爜妫€鏌?Check Black formatting	2026-01-27T05:34:04.3111248Z --- /home/runner/work/Md2Docx/Md2Docx/backend/engine/rules/font.py	2026-01-27 05:33:58.078951+00:00
Python 浠ｇ爜妫€鏌?Check Black formatting	2026-01-27T05:34:04.3112449Z +++ /home/runner/work/Md2Docx/Md2Docx/backend/engine/rules/font.py	2026-01-27 05:34:04.301214+00:00
Python 浠ｇ爜妫€鏌?Check Black formatting	2026-01-27T05:34:04.3113229Z @@ -2,24 +2,21 @@
Python 浠ｇ爜妫€鏌?Check Black formatting	2026-01-27T05:34:04.3113582Z  from docx import Document
Python 浠ｇ爜妫€鏌?Check Black formatting	2026-01-27T05:34:04.3113993Z  from docx.shared import Pt, RGBColor
Python 浠ｇ爜妫€鏌?Check Black formatting	2026-01-27T05:34:04.3114461Z  from docx.oxml.ns import qn
Python 浠ｇ爜妫€鏌?Check Black formatting	2026-01-27T05:34:04.3114896Z  from backend.engine.base import BaseRule
Python 浠ｇ爜妫€鏌?Check Black formatting	2026-01-27T05:34:04.3115415Z  from backend.engine.registry import registry
Python 浠ｇ爜妫€鏌?Check Black formatting	2026-01-27T05:34:04.3115876Z +
Python 浠ｇ爜妫€鏌?Check Black formatting	2026-01-27T05:34:04.3116129Z  
Python 浠ｇ爜妫€鏌?Check Black formatting	2026-01-27T05:34:04.3116477Z  class FontStandardRule(BaseRule):
Python 浠ｇ爜妫€鏌?Check Black formatting	2026-01-27T05:34:04.3117261Z would reformat /home/runner/work/Md2Docx/Md2Docx/backend/engine/rules/font.py
Python 浠ｇ爜妫€鏌?Check Black formatting	2026-01-27T05:34:04.3117946Z      id = "font_standard"
Python 浠ｇ爜妫€鏌?Check Black formatting	2026-01-27T05:34:04.3118501Z      name = "鏍囧噯瀛椾綋瑙勫垯"
Python 浠ｇ爜妫€鏌?Check Black formatting	2026-01-27T05:34:04.3118846Z      category = "font"
Python 浠ｇ爜妫€鏌?Check Black formatting	2026-01-27T05:34:04.3119347Z      description = "涓烘枃妗ｄ腑鐨勬墍鏈夋钀借缃爣鍑嗙殑涓タ鏂囧瓧浣撳拰澶у皬銆?
Python 浠ｇ爜妫€鏌?Check Black formatting	2026-01-27T05:34:04.3119967Z      priority = 10
Python 浠ｇ爜妫€鏌?Check Black formatting	2026-01-27T05:34:04.3120283Z  
Python 浠ｇ爜妫€鏌?Check Black formatting	2026-01-27T05:34:04.3120629Z      def get_default_params(self) -> Dict[str, Any]:
Python 浠ｇ爜妫€鏌?Check Black formatting	2026-01-27T05:34:04.3121109Z -        return {
Python 浠ｇ爜妫€鏌?Check Black formatting	2026-01-27T05:34:04.3121449Z -            "western_font": "Arial",
Python 浠ｇ爜妫€鏌?Check Black formatting	2026-01-27T05:34:04.3121875Z -            "chinese_font": "SimSun",
Python 浠ｇ爜妫€鏌?Check Black formatting	2026-01-27T05:34:04.3122304Z -            "font_size_body": 12
Python 浠ｇ爜妫€鏌?Check Black formatting	2026-01-27T05:34:04.3122670Z -        }
Python 浠ｇ爜妫€鏌?Check Black formatting	2026-01-27T05:34:04.3123204Z +        return {"western_font": "Arial", "chinese_font": "SimSun", "font_size_body": 12}
Python 浠ｇ爜妫€鏌?Check Black formatting	2026-01-27T05:34:04.3123880Z  
Python 浠ｇ爜妫€鏌?Check Black formatting	2026-01-27T05:34:04.3124379Z      def apply(self, doc: Document, params: Dict[str, Any]) -> List[Dict[str, Any]]:
Python 浠ｇ爜妫€鏌?Check Black formatting	2026-01-27T05:34:04.3125048Z          fixes = []
Python 浠ｇ爜妫€鏌?Check Black formatting	2026-01-27T05:34:04.3125407Z          defaults = self.get_default_params()
Python 浠ｇ爜妫€鏌?Check Black formatting	2026-01-27T05:34:04.3126043Z          western_font = params.get("western_font", defaults["western_font"])
Python 浠ｇ爜妫€鏌?Check Black formatting	2026-01-27T05:34:04.3126647Z @@ -39,29 +36,30 @@
Python 浠ｇ爜妫€鏌?Check Black formatting	2026-01-27T05:34:04.3127012Z                  if run.font.size != Pt(font_size):
Python 浠ｇ爜妫€鏌?Check Black formatting	2026-01-27T05:34:04.3127514Z                      run.font.size = Pt(font_size)
Python 浠ｇ爜妫€鏌?Check Black formatting	2026-01-27T05:34:04.3127990Z                      changed = True
Python 浠ｇ爜妫€鏌?Check Black formatting	2026-01-27T05:34:04.3128415Z  
Python 浠ｇ爜妫€鏌?Check Black formatting	2026-01-27T05:34:04.3128737Z              if changed:
Python 浠ｇ爜妫€鏌?Check Black formatting	2026-01-27T05:34:04.3129096Z -                fixes.append({
Python 浠ｇ爜妫€鏌?Check Black formatting	2026-01-27T05:34:04.3129490Z -                    "id": f"fix_font_{i}",
Python 浠ｇ爜妫€鏌?Check Black formatting	2026-01-27T05:34:04.3130123Z -                    "rule_id": self.id,
Python 浠ｇ爜妫€鏌?Check Black formatting	2026-01-27T05:34:04.3130946Z -                    "description": f"宸插簲鐢ㄥ瓧浣?{western_font}/{chinese_font} 澶у皬 {font_size}pt",
Python 浠ｇ爜妫€鏌?Check Black formatting	2026-01-27T05:34:04.3131658Z -                    "paragraph_indices": [i],
Python 浠ｇ爜妫€鏌?Check Black formatting	2026-01-27T05:34:04.3132087Z -                })
Python 浠ｇ爜妫€鏌?Check Black formatting	2026-01-27T05:34:04.3132415Z +                fixes.append(
Python 浠ｇ爜妫€鏌?Check Black formatting	2026-01-27T05:34:04.3132782Z +                    {
Python 浠ｇ爜妫€鏌?Check Black formatting	2026-01-27T05:34:04.3133128Z +                        "id": f"fix_font_{i}",
Python 浠ｇ爜妫€鏌?Check Black formatting	2026-01-27T05:34:04.3133586Z +                        "rule_id": self.id,
Python 浠ｇ爜妫€鏌?Check Black formatting	2026-01-27T05:34:04.3134375Z +                        "description": f"宸插簲鐢ㄥ瓧浣?{western_font}/{chinese_font} 澶у皬 {font_size}pt",
Python 浠ｇ爜妫€鏌?Check Black formatting	2026-01-27T05:34:04.3135346Z +                        "paragraph_indices": [i],
Python 浠ｇ爜妫€鏌?Check Black formatting	2026-01-27T05:34:04.3135809Z +                    }
Python 浠ｇ爜妫€鏌?Check Black formatting	2026-01-27T05:34:04.3136330Z +                )
Python 浠ｇ爜妫€鏌?Check Black formatting	2026-01-27T05:34:04.3136634Z          return fixes
Python 浠ｇ爜妫€鏌?Check Black formatting	2026-01-27T05:34:04.3136950Z +
Python 浠ｇ爜妫€鏌?Check Black formatting	2026-01-27T05:34:04.3137188Z  
Python 浠ｇ爜妫€鏌?Check Black formatting	2026-01-27T05:34:04.3137485Z  class FontColorRule(BaseRule):
Python 浠ｇ爜妫€鏌?Check Black formatting	2026-01-27T05:34:04.3137849Z      id = "font_color"
Python 浠ｇ爜妫€鏌?Check Black formatting	2026-01-27T05:34:04.3138236Z      name = "瀛椾綋棰滆壊瑙勫垯"
Python 浠ｇ爜妫€鏌?Check Black formatting	2026-01-27T05:34:04.3138553Z      category = "font"
Python 浠ｇ爜妫€鏌?Check Black formatting	2026-01-27T05:34:04.3139009Z      description = "灏嗘枃妗ｅ叏鏂囩殑瀛椾綋棰滆壊璁剧疆涓烘寚瀹氬€笺€?
Python 浠ｇ爜妫€鏌?Check Black formatting	2026-01-27T05:34:04.3139424Z      priority = 70
Python 浠ｇ爜妫€鏌?Check Black formatting	2026-01-27T05:34:04.3170051Z  
Python 浠ｇ爜妫€鏌?Check Black formatting	2026-01-27T05:34:04.3170445Z      def get_default_params(self) -> Dict[str, Any]:
Python 浠ｇ爜妫€鏌?Check Black formatting	2026-01-27T05:34:04.3170947Z -        return {
Python 浠ｇ爜妫€鏌?Check Black formatting	2026-01-27T05:34:04.3171284Z -            "text_color": "000000"
Python 浠ｇ爜妫€鏌?Check Black formatting	2026-01-27T05:34:04.3171682Z -        }
Python 浠ｇ爜妫€鏌?Check Black formatting	2026-01-27T05:34:04.3172007Z +        return {"text_color": "000000"}
Python 浠ｇ爜妫€鏌?Check Black formatting	2026-01-27T05:34:04.3172410Z  
Python 浠ｇ爜妫€鏌?Check Black formatting	2026-01-27T05:34:04.3172955Z      def apply(self, doc: Document, params: Dict[str, Any]) -> List[Dict[str, Any]]:
Python 浠ｇ爜妫€鏌?Check Black formatting	2026-01-27T05:34:04.3173625Z          fixes = []
Python 浠ｇ爜妫€鏌?Check Black formatting	2026-01-27T05:34:04.3174021Z          defaults = self.get_default_params()
Python 浠ｇ爜妫€鏌?Check Black formatting	2026-01-27T05:34:04.3174648Z          text_color = params.get("text_color", defaults["text_color"])
Python 浠ｇ爜妫€鏌?Check Black formatting	2026-01-27T05:34:04.3175236Z @@ -83,17 +81,20 @@
Python 浠ｇ爜妫€鏌?Check Black formatting	2026-01-27T05:34:04.3175566Z                      changed = True
Python 浠ｇ爜妫€鏌?Check Black formatting	2026-01-27T05:34:04.3175974Z              if changed:
Python 浠ｇ爜妫€鏌?Check Black formatting	2026-01-27T05:34:04.3176364Z                  affected_indices.append(i)
Python 浠ｇ爜妫€鏌?Check Black formatting	2026-01-27T05:34:04.3176792Z  
Python 浠ｇ爜妫€鏌?Check Black formatting	2026-01-27T05:34:04.3177087Z          if affected_indices:
Python 浠ｇ爜妫€鏌?Check Black formatting	2026-01-27T05:34:04.3177467Z -            fixes.append({
Python 浠ｇ爜妫€鏌?Check Black formatting	2026-01-27T05:34:04.3177874Z -                "id": "fix_font_color_all",
Python 浠ｇ爜妫€鏌?Check Black formatting	2026-01-27T05:34:04.3178323Z -                "rule_id": self.id,
Python 浠ｇ爜妫€鏌?Check Black formatting	2026-01-27T05:34:04.3178967Z -                "description": f"宸插簲鐢ㄥ瓧浣撻鑹?#{text_color}",
Python 浠ｇ爜妫€鏌?Check Black formatting	2026-01-27T05:34:04.3179724Z -                "paragraph_indices": affected_indices,
Python 浠ｇ爜妫€鏌?Check Black formatting	2026-01-27T05:34:04.3180239Z -            })
Python 浠ｇ爜妫€鏌?Check Black formatting	2026-01-27T05:34:04.3180558Z +            fixes.append(
Python 浠ｇ爜妫€鏌?Check Black formatting	2026-01-27T05:34:04.3180921Z +                {
Python 浠ｇ爜妫€鏌?Check Black formatting	2026-01-27T05:34:04.3181361Z +                    "id": "fix_font_color_all",
Python 浠ｇ爜妫€鏌?Check Black formatting	2026-01-27T05:34:04.3181829Z +                    "rule_id": self.id,
Python 浠ｇ爜妫€鏌?Check Black formatting	2026-01-27T05:34:04.3182491Z +                    "description": f"宸插簲鐢ㄥ瓧浣撻鑹?#{text_color}",
Python 浠ｇ爜妫€鏌?Check Black formatting	2026-01-27T05:34:04.3183056Z +                    "paragraph_indices": affected_indices,
Python 浠ｇ爜妫€鏌?Check Black formatting	2026-01-27T05:34:04.3183540Z +                }
Python 浠ｇ爜妫€鏌?Check Black formatting	2026-01-27T05:34:04.3183841Z +            )
Python 浠ｇ爜妫€鏌?Check Black formatting	2026-01-27T05:34:04.3184151Z          return fixes
Python 浠ｇ爜妫€鏌?Check Black formatting	2026-01-27T05:34:04.3184465Z +
Python 浠ｇ爜妫€鏌?Check Black formatting	2026-01-27T05:34:04.3184737Z  
Python 浠ｇ爜妫€鏌?Check Black formatting	2026-01-27T05:34:04.3185060Z  class FontReplacementRule(BaseRule):
Python 浠ｇ爜妫€鏌?Check Black formatting	2026-01-27T05:34:04.3185521Z      id = "font_replacement"
Python 浠ｇ爜妫€鏌?Check Black formatting	2026-01-27T05:34:04.3185998Z      name = "瀛椾綋鏇挎崲瑙勫垯"
Python 浠ｇ爜妫€鏌?Check Black formatting	2026-01-27T05:34:04.3186330Z      category = "font"
Python 浠ｇ爜妫€鏌?Check Black formatting	2026-01-27T05:34:04.3186670Z @@ -108,19 +109,23 @@
Python 浠ｇ爜妫€鏌?Check Black formatting	2026-01-27T05:34:04.3187097Z                  "瀹嬩綋": "SimSun",
Python 浠ｇ爜妫€鏌?Check Black formatting	2026-01-27T05:34:04.3187838Z                  "榛戜綋": "SimHei",
Python 浠ｇ爜妫€鏌?Check Black formatting	2026-01-27T05:34:04.3188312Z                  "妤蜂綋": "KaiTi",
Python 浠ｇ爜妫€鏌?Check Black formatting	2026-01-27T05:34:04.3188709Z              },
Python 浠ｇ爜妫€鏌?Check Black formatting	2026-01-27T05:34:04.3189058Z              "default_western_font": "Arial",
Python 浠ｇ爜妫€鏌?Check Black formatting	2026-01-27T05:34:04.3189743Z -            "default_chinese_font": "SimSun"
Python 浠ｇ爜妫€鏌?Check Black formatting	2026-01-27T05:34:04.3190258Z +            "default_chinese_font": "SimSun",
Python 浠ｇ爜妫€鏌?Check Black formatting	2026-01-27T05:34:04.3190689Z          }
Python 浠ｇ爜妫€鏌?Check Black formatting	2026-01-27T05:34:04.3190972Z  
Python 浠ｇ爜妫€鏌?Check Black formatting	2026-01-27T05:34:04.3191489Z      def apply(self, doc: Document, params: Dict[str, Any]) -> List[Dict[str, Any]]:
Python 浠ｇ爜妫€鏌?Check Black formatting	2026-01-27T05:34:04.3192165Z          fixes = []
Python 浠ｇ爜妫€鏌?Check Black formatting	2026-01-27T05:34:04.3192526Z          defaults = self.get_default_params()
Python 浠ｇ爜妫€鏌?Check Black formatting	2026-01-27T05:34:04.3193111Z          font_map = params.get("font_map", defaults["font_map"])
Python 浠ｇ爜妫€鏌?Check Black formatting	2026-01-27T05:34:04.3193998Z -        default_western_font = params.get("default_western_font", defaults["default_western_font"])
Python 浠ｇ爜妫€鏌?Check Black formatting	2026-01-27T05:34:04.3195132Z -        default_chinese_font = params.get("default_chinese_font", defaults["default_chinese_font"])
Python 浠ｇ爜妫€鏌?Check Black formatting	2026-01-27T05:34:04.3195976Z +        default_western_font = params.get(
Python 浠ｇ爜妫€鏌?Check Black formatting	2026-01-27T05:34:04.3196551Z +            "default_western_font", defaults["default_western_font"]
Python 浠ｇ爜妫€鏌?Check Black formatting	2026-01-27T05:34:04.3197293Z +        )
Python 浠ｇ爜妫€鏌?Check Black formatting	2026-01-27T05:34:04.3197615Z +        default_chinese_font = params.get(
Python 浠ｇ爜妫€鏌?Check Black formatting	2026-01-27T05:34:04.3198208Z +            "default_chinese_font", defaults["default_chinese_font"]
Python 浠ｇ爜妫€鏌?Check Black formatting	2026-01-27T05:34:04.3198754Z +        )
Python 浠ｇ爜妫€鏌?Check Black formatting	2026-01-27T05:34:04.3199027Z  
Python 浠ｇ爜妫€鏌?Check Black formatting	2026-01-27T05:34:04.3199313Z          affected_indices = []
Python 浠ｇ爜妫€鏌?Check Black formatting	2026-01-27T05:34:04.3230107Z          for i, para in enumerate(doc.paragraphs):
Python 浠ｇ爜妫€鏌?Check Black formatting	2026-01-27T05:34:04.3230652Z              changed = False
Python 浠ｇ爜妫€鏌?Check Black formatting	2026-01-27T05:34:04.3231052Z              for run in para.runs:
Python 浠ｇ爜妫€鏌?Check Black formatting	2026-01-27T05:34:04.3231461Z @@ -157,17 +162,20 @@
Python 浠ｇ爜妫€鏌?Check Black formatting	2026-01-27T05:34:04.3231781Z  
Python 浠ｇ爜妫€鏌?Check Black formatting	2026-01-27T05:34:04.3232107Z              if changed:
Python 浠ｇ爜妫€鏌?Check Black formatting	2026-01-27T05:34:04.3232515Z                  affected_indices.append(i)
Python 浠ｇ爜妫€鏌?Check Black formatting	2026-01-27T05:34:04.3232954Z  
Python 浠ｇ爜妫€鏌?Check Black formatting	2026-01-27T05:34:04.3233235Z          if affected_indices:
Python 浠ｇ爜妫€鏌?Check Black formatting	2026-01-27T05:34:04.3233652Z -            fixes.append({
Python 浠ｇ爜妫€鏌?Check Black formatting	2026-01-27T05:34:04.3234087Z -                "id": "fix_font_replacement_all",
Python 浠ｇ爜妫€鏌?Check Black formatting	2026-01-27T05:34:04.3234581Z -                "rule_id": self.id,
Python 浠ｇ爜妫€鏌?Check Black formatting	2026-01-27T05:34:04.3235454Z -                "description": f"宸插皢闈炴爣鍑嗗瓧浣撴浛鎹负 {default_western_font}/{default_chinese_font}",
Python 浠ｇ爜妫€鏌?Check Black formatting	2026-01-27T05:34:04.3236225Z -                "paragraph_indices": affected_indices,
Python 浠ｇ爜妫€鏌?Check Black formatting	2026-01-27T05:34:04.3236717Z -            })
Python 浠ｇ爜妫€鏌?Check Black formatting	2026-01-27T05:34:04.3237042Z +            fixes.append(
Python 浠ｇ爜妫€鏌?Check Black formatting	2026-01-27T05:34:04.3237403Z +                {
Python 浠ｇ爜妫€鏌?Check Black formatting	2026-01-27T05:34:04.3237772Z +                    "id": "fix_font_replacement_all",
Python 浠ｇ爜妫€鏌?Check Black formatting	2026-01-27T05:34:04.3238267Z +                    "rule_id": self.id,
Python 浠ｇ爜妫€鏌?Check Black formatting	2026-01-27T05:34:04.3239127Z +                    "description": f"宸插皢闈炴爣鍑嗗瓧浣撴浛鎹负 {default_western_font}/{default_chinese_font}",
Python 浠ｇ爜妫€鏌?Check Black formatting	2026-01-27T05:34:04.3240101Z +                    "paragraph_indices": affected_indices,
Python 浠ｇ爜妫€鏌?Check Black formatting	2026-01-27T05:34:04.3240593Z +                }
Python 浠ｇ爜妫€鏌?Check Black formatting	2026-01-27T05:34:04.3240900Z +            )
Python 浠ｇ爜妫€鏌?Check Black formatting	2026-01-27T05:34:04.3241199Z          return fixes
Python 浠ｇ爜妫€鏌?Check Black formatting	2026-01-27T05:34:04.3241507Z +
Python 浠ｇ爜妫€鏌?Check Black formatting	2026-01-27T05:34:04.3241808Z  
Python 浠ｇ爜妫€鏌?Check Black formatting	2026-01-27T05:34:04.3242159Z  # 鑷姩娉ㄥ唽
Python 浠ｇ爜妫€鏌?Check Black formatting	2026-01-27T05:34:04.3242494Z  registry.register(FontStandardRule())
Python 浠ｇ爜妫€鏌?Check Black formatting	2026-01-27T05:34:04.3242972Z  registry.register(FontColorRule())
Python 浠ｇ爜妫€鏌?Check Black formatting	2026-01-27T05:34:04.3243501Z  registry.register(FontReplacementRule())
Python 浠ｇ爜妫€鏌?Check Black formatting	2026-01-27T05:34:04.4658322Z --- /home/runner/work/Md2Docx/Md2Docx/backend/engine/rules/paragraph.py	2026-01-27 05:33:58.078951+00:00
Python 浠ｇ爜妫€鏌?Check Black formatting	2026-01-27T05:34:04.4659866Z +++ /home/runner/work/Md2Docx/Md2Docx/backend/engine/rules/paragraph.py	2026-01-27 05:34:04.462848+00:00
Python 浠ｇ爜妫€鏌?Check Black formatting	2026-01-27T05:34:04.4660726Z @@ -1,24 +1,21 @@
Python 浠ｇ爜妫€鏌?Check Black formatting	2026-01-27T05:34:04.4661079Z  from typing import Dict, Any, List
Python 浠ｇ爜妫€鏌?Check Black formatting	2026-01-27T05:34:04.4661536Z  from docx import Document
Python 浠ｇ爜妫€鏌?Check Black formatting	2026-01-27T05:34:04.4661941Z  from docx.shared import Pt
Python 浠ｇ爜妫€鏌?Check Black formatting	2026-01-27T05:34:04.4662377Z  from backend.engine.base import BaseRule
Python 浠ｇ爜妫€鏌?Check Black formatting	2026-01-27T05:34:04.4662923Z  from backend.engine.registry import registry
Python 浠ｇ爜妫€鏌?Check Black formatting	2026-01-27T05:34:04.4663855Z +
Python 浠ｇ爜妫€鏌?Check Black formatting	2026-01-27T05:34:04.4664121Z  
Python 浠ｇ爜妫€鏌?Check Black formatting	2026-01-27T05:34:04.4664446Z  class ParagraphSpacingRule(BaseRule):
Python 浠ｇ爜妫€鏌?Check Black formatting	2026-01-27T05:34:04.4664935Z      id = "paragraph_spacing"
Python 浠ｇ爜妫€鏌?Check Black formatting	2026-01-27T05:34:04.4665649Z      name = "娈佃惤闂磋窛瑙勫垯"
Python 浠ｇ爜妫€鏌?Check Black formatting	2026-01-27T05:34:04.4666013Z      category = "paragraph"
Python 浠ｇ爜妫€鏌?Check Black formatting	2026-01-27T05:34:04.4666569Z      description = "璁剧疆鏂囨。娈佃惤鐨勮闂磋窛鍜屾鍓嶆鍚庤窛绂汇€?
Python 浠ｇ爜妫€鏌?Check Black formatting	2026-01-27T05:34:04.4667012Z      priority = 50
Python 浠ｇ爜妫€鏌?Check Black formatting	2026-01-27T05:34:04.4667341Z  
Python 浠ｇ爜妫€鏌?Check Black formatting	2026-01-27T05:34:04.4667695Z      def get_default_params(self) -> Dict[str, Any]:
Python 浠ｇ爜妫€鏌?Check Black formatting	2026-01-27T05:34:04.4668188Z -        return {
Python 浠ｇ爜妫€鏌?Check Black formatting	2026-01-27T05:34:04.4668530Z -            "line_spacing": 1.5,
Python 浠ｇ爜妫€鏌?Check Black formatting	2026-01-27T05:34:04.4668946Z -            "space_before": 0,
Python 浠ｇ爜妫€鏌?Check Black formatting	2026-01-27T05:34:04.4669335Z -            "space_after": 6
Python 浠ｇ爜妫€鏌?Check Black formatting	2026-01-27T05:34:04.4669940Z -        }
Python 浠ｇ爜妫€鏌?Check Black formatting	2026-01-27T05:34:04.4670397Z +        return {"line_spacing": 1.5, "space_before": 0, "space_after": 6}
Python 浠ｇ爜妫€鏌?Check Black formatting	2026-01-27T05:34:04.4670997Z  
Python 浠ｇ爜妫€鏌?Check Black formatting	2026-01-27T05:34:04.4671513Z      def apply(self, doc: Document, params: Dict[str, Any]) -> List[Dict[str, Any]]:
Python 浠ｇ爜妫€鏌?Check Black formatting	2026-01-27T05:34:04.4672213Z          fixes = []
Python 浠ｇ爜妫€鏌?Check Black formatting	2026-01-27T05:34:04.4672599Z          defaults = self.get_default_params()
Python 浠ｇ爜妫€鏌?Check Black formatting	2026-01-27T05:34:04.4673547Z          line_spacing = params.get("line_spacing", defaults["line_spacing"])
Python 浠ｇ爜妫€鏌?Check Black formatting	2026-01-27T05:34:04.4674176Z @@ -32,29 +29,30 @@
Python 浠ｇ爜妫€鏌?Check Black formatting	2026-01-27T05:34:04.4674562Z              pf.space_before = Pt(space_before)
Python 浠ｇ爜妫€鏌?Check Black formatting	2026-01-27T05:34:04.4675080Z              pf.space_after = Pt(space_after)
Python 浠ｇ爜妫€鏌?Check Black formatting	2026-01-27T05:34:04.4675570Z              affected_indices.append(i)
Python 浠ｇ爜妫€鏌?Check Black formatting	2026-01-27T05:34:04.4675999Z  
Python 浠ｇ爜妫€鏌?Check Black formatting	2026-01-27T05:34:04.4676290Z          if affected_indices:
Python 浠ｇ爜妫€鏌?Check Black formatting	2026-01-27T05:34:04.4676672Z -            fixes.append({
Python 浠ｇ爜妫€鏌?Check Black formatting	2026-01-27T05:34:04.4677073Z -                "id": "fix_spacing_all",
Python 浠ｇ爜妫€鏌?Check Black formatting	2026-01-27T05:34:04.4677530Z -                "rule_id": self.id,
Python 浠ｇ爜妫€鏌?Check Black formatting	2026-01-27T05:34:04.4678469Z -                "description": f"宸插簲鐢ㄨ闂磋窛 {line_spacing}x锛屾鍓?{space_before}pt锛屾鍚?{space_after}pt",
Python 浠ｇ爜妫€鏌?Check Black formatting	2026-01-27T05:34:04.4686331Z would reformat /home/runner/work/Md2Docx/Md2Docx/backend/engine/rules/paragraph.py
Python 浠ｇ爜妫€鏌?Check Black formatting	2026-01-27T05:34:04.4687237Z -                "paragraph_indices": affected_indices,
Python 浠ｇ爜妫€鏌?Check Black formatting	2026-01-27T05:34:04.4687736Z -            })
Python 浠ｇ爜妫€鏌?Check Black formatting	2026-01-27T05:34:04.4688081Z +            fixes.append(
Python 浠ｇ爜妫€鏌?Check Black formatting	2026-01-27T05:34:04.4688441Z +                {
Python 浠ｇ爜妫€鏌?Check Black formatting	2026-01-27T05:34:04.4688782Z +                    "id": "fix_spacing_all",
Python 浠ｇ爜妫€鏌?Check Black formatting	2026-01-27T05:34:04.4689258Z +                    "rule_id": self.id,
Python 浠ｇ爜妫€鏌?Check Black formatting	2026-01-27T05:34:04.4690427Z +                    "description": f"宸插簲鐢ㄨ闂磋窛 {line_spacing}x锛屾鍓?{space_before}pt锛屾鍚?{space_after}pt",
Python 浠ｇ爜妫€鏌?Check Black formatting	2026-01-27T05:34:04.4691230Z +                    "paragraph_indices": affected_indices,
Python 浠ｇ爜妫€鏌?Check Black formatting	2026-01-27T05:34:04.4691721Z +                }
Python 浠ｇ爜妫€鏌?Check Black formatting	2026-01-27T05:34:04.4692029Z +            )
Python 浠ｇ爜妫€鏌?Check Black formatting	2026-01-27T05:34:04.4692330Z          return fixes
Python 浠ｇ爜妫€鏌?Check Black formatting	2026-01-27T05:34:04.4692648Z +
Python 浠ｇ爜妫€鏌?Check Black formatting	2026-01-27T05:34:04.4692897Z  
Python 浠ｇ爜妫€鏌?Check Black formatting	2026-01-27T05:34:04.4693204Z  class FirstLineIndentRule(BaseRule):
Python 浠ｇ爜妫€鏌?Check Black formatting	2026-01-27T05:34:04.4693662Z      id = "first_line_indent"
Python 浠ｇ爜妫€鏌?Check Black formatting	2026-01-27T05:34:04.4694150Z      name = "棣栬缂╄繘瑙勫垯"
Python 浠ｇ爜妫€鏌?Check Black formatting	2026-01-27T05:34:04.4694513Z      category = "paragraph"
Python 浠ｇ爜妫€鏌?Check Black formatting	2026-01-27T05:34:04.4695038Z      description = "涓烘鏂囨钀藉簲鐢ㄩ琛岀缉杩涖€?
Python 浠ｇ爜妫€鏌?Check Black formatting	2026-01-27T05:34:04.4695420Z      priority = 90
Python 浠ｇ爜妫€鏌?Check Black formatting	2026-01-27T05:34:04.4695732Z  
Python 浠ｇ爜妫€鏌?Check Black formatting	2026-01-27T05:34:04.4696057Z      def get_default_params(self) -> Dict[str, Any]:
Python 浠ｇ爜妫€鏌?Check Black formatting	2026-01-27T05:34:04.4696554Z -        return {
Python 浠ｇ爜妫€鏌?Check Black formatting	2026-01-27T05:34:04.4696876Z -            "indent_size": 2
Python 浠ｇ爜妫€鏌?Check Black formatting	2026-01-27T05:34:04.4697246Z -        }
Python 浠ｇ爜妫€鏌?Check Black formatting	2026-01-27T05:34:04.4697553Z +        return {"indent_size": 2}
Python 浠ｇ爜妫€鏌?Check Black formatting	2026-01-27T05:34:04.4697947Z  
Python 浠ｇ爜妫€鏌?Check Black formatting	2026-01-27T05:34:04.4698449Z      def apply(self, doc: Document, params: Dict[str, Any]) -> List[Dict[str, Any]]:
Python 浠ｇ爜妫€鏌?Check Black formatting	2026-01-27T05:34:04.4699130Z          fixes = []
Python 浠ｇ爜妫€鏌?Check Black formatting	2026-01-27T05:34:04.4699504Z          defaults = self.get_default_params()
Python 浠ｇ爜妫€鏌?Check Black formatting	2026-01-27T05:34:04.4700350Z          indent_size = params.get("indent_size", defaults["indent_size"])
Python 浠ｇ爜妫€鏌?Check Black formatting	2026-01-27T05:34:04.4700951Z @@ -71,17 +69,20 @@
Python 浠ｇ爜妫€鏌?Check Black formatting	2026-01-27T05:34:04.4701319Z              if pf.first_line_indent != indent_pt:
Python 浠ｇ爜妫€鏌?Check Black formatting	2026-01-27T05:34:04.4701932Z                  pf.first_line_indent = indent_pt
Python 浠ｇ爜妫€鏌?Check Black formatting	2026-01-27T05:34:04.4702652Z                  affected_indices.append(i)
Python 浠ｇ爜妫€鏌?Check Black formatting	2026-01-27T05:34:04.4702914Z  
Python 浠ｇ爜妫€鏌?Check Black formatting	2026-01-27T05:34:04.4703099Z          if affected_indices:
Python 浠ｇ爜妫€鏌?Check Black formatting	2026-01-27T05:34:04.4703460Z -            fixes.append({
Python 浠ｇ爜妫€鏌?Check Black formatting	2026-01-27T05:34:04.4703714Z -                "id": "fix_first_line_indent",
Python 浠ｇ爜妫€鏌?Check Black formatting	2026-01-27T05:34:04.4703975Z -                "rule_id": self.id,
Python 浠ｇ爜妫€鏌?Check Black formatting	2026-01-27T05:34:04.4704396Z -                "description": f"宸插簲鐢?{indent_size} 瀛楃棣栬缂╄繘",
Python 浠ｇ爜妫€鏌?Check Black formatting	2026-01-27T05:34:04.4704732Z -                "paragraph_indices": affected_indices,
Python 浠ｇ爜妫€鏌?Check Black formatting	2026-01-27T05:34:04.4705016Z -            })
Python 浠ｇ爜妫€鏌?Check Black formatting	2026-01-27T05:34:04.4705213Z +            fixes.append(
Python 浠ｇ爜妫€鏌?Check Black formatting	2026-01-27T05:34:04.4705414Z +                {
Python 浠ｇ爜妫€鏌?Check Black formatting	2026-01-27T05:34:04.4705625Z +                    "id": "fix_first_line_indent",
Python 浠ｇ爜妫€鏌?Check Black formatting	2026-01-27T05:34:04.4705885Z +                    "rule_id": self.id,
Python 浠ｇ爜妫€鏌?Check Black formatting	2026-01-27T05:34:04.4706223Z +                    "description": f"宸插簲鐢?{indent_size} 瀛楃棣栬缂╄繘",
Python 浠ｇ爜妫€鏌?Check Black formatting	2026-01-27T05:34:04.4706546Z +                    "paragraph_indices": affected_indices,
Python 浠ｇ爜妫€鏌?Check Black formatting	2026-01-27T05:34:04.4706821Z +                }
Python 浠ｇ爜妫€鏌?Check Black formatting	2026-01-27T05:34:04.4706990Z +            )
Python 浠ｇ爜妫€鏌?Check Black formatting	2026-01-27T05:34:04.4707151Z          return fixes
Python 浠ｇ爜妫€鏌?Check Black formatting	2026-01-27T05:34:04.4707333Z +
Python 浠ｇ爜妫€鏌?Check Black formatting	2026-01-27T05:34:04.4707488Z  
Python 浠ｇ爜妫€鏌?Check Black formatting	2026-01-27T05:34:04.4707662Z  class TitleBoldRule(BaseRule):
Python 浠ｇ爜妫€鏌?Check Black formatting	2026-01-27T05:34:04.4707884Z      id = "title_bold"
Python 浠ｇ爜妫€鏌?Check Black formatting	2026-01-27T05:34:04.4708108Z      name = "鏍囬鍔犵矖瑙勫垯"
Python 浠ｇ爜妫€鏌?Check Black formatting	2026-01-27T05:34:04.4708290Z      category = "heading"
Python 浠ｇ爜妫€鏌?Check Black formatting	2026-01-27T05:34:04.4708483Z @@ -97,31 +98,30 @@
Python 浠ｇ爜妫€鏌?Check Black formatting	2026-01-27T05:34:04.4708667Z                  for run in para.runs:
Python 浠ｇ爜妫€鏌?Check Black formatting	2026-01-27T05:34:04.4708910Z                      if not run.bold:
Python 浠ｇ爜妫€鏌?Check Black formatting	2026-01-27T05:34:04.4709139Z                          run.bold = True
Python 浠ｇ爜妫€鏌?Check Black formatting	2026-01-27T05:34:04.4709381Z                          changed = True
Python 浠ｇ爜妫€鏌?Check Black formatting	2026-01-27T05:34:04.4709932Z                  if changed:
Python 浠ｇ爜妫€鏌?Check Black formatting	2026-01-27T05:34:04.4710595Z -                    fixes.append({
Python 浠ｇ爜妫€鏌?Check Black formatting	2026-01-27T05:34:04.4711105Z -                        "id": f"fix_title_bold_{i}",
Python 浠ｇ爜妫€鏌?Check Black formatting	2026-01-27T05:34:04.4711595Z -                        "rule_id": self.id,
Python 浠ｇ爜妫€鏌?Check Black formatting	2026-01-27T05:34:04.4712335Z -                        "description": f"宸插皢鏍囬 '{para.style.name}' 鍔犵矖",
Python 浠ｇ爜妫€鏌?Check Black formatting	2026-01-27T05:34:04.4712936Z -                        "paragraph_indices": [i],
Python 浠ｇ爜妫€鏌?Check Black formatting	2026-01-27T05:34:04.4713447Z -                    })
Python 浠ｇ爜妫€鏌?Check Black formatting	2026-01-27T05:34:04.4713804Z +                    fixes.append(
Python 浠ｇ爜妫€鏌?Check Black formatting	2026-01-27T05:34:04.4714185Z +                        {
Python 浠ｇ爜妫€鏌?Check Black formatting	2026-01-27T05:34:04.4714569Z +                            "id": f"fix_title_bold_{i}",
Python 浠ｇ爜妫€鏌?Check Black formatting	2026-01-27T05:34:04.4715035Z +                            "rule_id": self.id,
Python 浠ｇ爜妫€鏌?Check Black formatting	2026-01-27T05:34:04.4715729Z +                            "description": f"宸插皢鏍囬 '{para.style.name}' 鍔犵矖",
Python 浠ｇ爜妫€鏌?Check Black formatting	2026-01-27T05:34:04.4716296Z +                            "paragraph_indices": [i],
Python 浠ｇ爜妫€鏌?Check Black formatting	2026-01-27T05:34:04.4716760Z +                        }
Python 浠ｇ爜妫€鏌?Check Black formatting	2026-01-27T05:34:04.4717088Z +                    )
Python 浠ｇ爜妫€鏌?Check Black formatting	2026-01-27T05:34:04.4717406Z          return fixes
Python 浠ｇ爜妫€鏌?Check Black formatting	2026-01-27T05:34:04.4717685Z +
Python 浠ｇ爜妫€鏌?Check Black formatting	2026-01-27T05:34:04.4717923Z  
Python 浠ｇ爜妫€鏌?Check Black formatting	2026-01-27T05:34:04.4718210Z  class HeadingStyleRule(BaseRule):
Python 浠ｇ爜妫€鏌?Check Black formatting	2026-01-27T05:34:04.4718613Z      id = "heading_style"
Python 浠ｇ爜妫€鏌?Check Black formatting	2026-01-27T05:34:04.4719056Z      name = "鏍囬鏍峰紡瑙勫垯"
Python 浠ｇ爜妫€鏌?Check Black formatting	2026-01-27T05:34:04.4719376Z      category = "heading"
Python 浠ｇ爜妫€鏌?Check Black formatting	2026-01-27T05:34:04.4720087Z      description = "缁熶竴鍚勭骇鏍囬鐨勫瓧浣撳ぇ灏忓拰鏍峰紡銆?
Python 浠ｇ爜妫€鏌?Check Black formatting	2026-01-27T05:34:04.4720496Z      priority = 100
Python 浠ｇ爜妫€鏌?Check Black formatting	2026-01-27T05:34:04.4720805Z  
Python 浠ｇ爜妫€鏌?Check Black formatting	2026-01-27T05:34:04.4721154Z      def get_default_params(self) -> Dict[str, Any]:
Python 浠ｇ爜妫€鏌?Check Black formatting	2026-01-27T05:34:04.4721652Z -        return {
Python 浠ｇ爜妫€鏌?Check Black formatting	2026-01-27T05:34:04.4721978Z -            "h1_size": 22,
Python 浠ｇ爜妫€鏌?Check Black formatting	2026-01-27T05:34:04.4722356Z -            "h2_size": 16,
Python 浠ｇ爜妫€鏌?Check Black formatting	2026-01-27T05:34:04.4722725Z -            "h3_size": 14
Python 浠ｇ爜妫€鏌?Check Black formatting	2026-01-27T05:34:04.4723065Z -        }
Python 浠ｇ爜妫€鏌?Check Black formatting	2026-01-27T05:34:04.4723451Z +        return {"h1_size": 22, "h2_size": 16, "h3_size": 14}
Python 浠ｇ爜妫€鏌?Check Black formatting	2026-01-27T05:34:04.4723953Z  
Python 浠ｇ爜妫€鏌?Check Black formatting	2026-01-27T05:34:04.4724476Z      def apply(self, doc: Document, params: Dict[str, Any]) -> List[Dict[str, Any]]:
Python 浠ｇ爜妫€鏌?Check Black formatting	2026-01-27T05:34:04.4725151Z          fixes = []
Python 浠ｇ爜妫€鏌?Check Black formatting	2026-01-27T05:34:04.4725518Z          defaults = self.get_default_params()
Python 浠ｇ爜妫€鏌?Check Black formatting	2026-01-27T05:34:04.4726063Z          h1_size = params.get("h1_size", defaults["h1_size"])
Python 浠ｇ爜妫€鏌?Check Black formatting	2026-01-27T05:34:04.4726855Z @@ -142,17 +142,20 @@
Python 浠ｇ爜妫€鏌?Check Black formatting	2026-01-27T05:34:04.4727258Z                      if run.font.size != Pt(target_size):
Python 浠ｇ爜妫€鏌?Check Black formatting	2026-01-27T05:34:04.4728012Z                          run.font.size = Pt(target_size)
Python 浠ｇ爜妫€鏌?Check Black formatting	2026-01-27T05:34:04.4728516Z                          run.bold = True
Python 浠ｇ爜妫€鏌?Check Black formatting	2026-01-27T05:34:04.4728951Z                          changed = True
Python 浠ｇ爜妫€鏌?Check Black formatting	2026-01-27T05:34:04.4729377Z                  if changed:
Python 浠ｇ爜妫€鏌?Check Black formatting	2026-01-27T05:34:04.4730060Z -                    fixes.append({
Python 浠ｇ爜妫€鏌?Check Black formatting	2026-01-27T05:34:04.4730536Z -                        "id": f"fix_heading_{i}",
Python 浠ｇ爜妫€鏌?Check Black formatting	2026-01-27T05:34:04.4731025Z -                        "rule_id": self.id,
Python 浠ｇ爜妫€鏌?Check Black formatting	2026-01-27T05:34:04.4731845Z -                        "description": f"宸插簲鐢?{target_size}pt 鍒版爣棰?{para.style.name}",
Python 浠ｇ爜妫€鏌?Check Black formatting	2026-01-27T05:34:04.4732521Z -                        "paragraph_indices": [i],
Python 浠ｇ爜妫€鏌?Check Black formatting	2026-01-27T05:34:04.4732982Z -                    })
Python 浠ｇ爜妫€鏌?Check Black formatting	2026-01-27T05:34:04.4733341Z +                    fixes.append(
Python 浠ｇ爜妫€鏌?Check Black formatting	2026-01-27T05:34:04.4733739Z +                        {
Python 浠ｇ爜妫€鏌?Check Black formatting	2026-01-27T05:34:04.4734143Z +                            "id": f"fix_heading_{i}",
Python 浠ｇ爜妫€鏌?Check Black formatting	2026-01-27T05:34:04.4734623Z +                            "rule_id": self.id,
Python 浠ｇ爜妫€鏌?Check Black formatting	2026-01-27T05:34:04.4735446Z +                            "description": f"宸插簲鐢?{target_size}pt 鍒版爣棰?{para.style.name}",
Python 浠ｇ爜妫€鏌?Check Black formatting	2026-01-27T05:34:04.4736131Z +                            "paragraph_indices": [i],
Python 浠ｇ爜妫€鏌?Check Black formatting	2026-01-27T05:34:04.4736592Z +                        }
Python 浠ｇ爜妫€鏌?Check Black formatting	2026-01-27T05:34:04.4736939Z +                    )
Python 浠ｇ爜妫€鏌?Check Black formatting	2026-01-27T05:34:04.4737239Z          return fixes
Python 浠ｇ爜妫€鏌?Check Black formatting	2026-01-27T05:34:04.4737620Z +
Python 浠ｇ爜妫€鏌?Check Black formatting	2026-01-27T05:34:04.4737864Z  
Python 浠ｇ爜妫€鏌?Check Black formatting	2026-01-27T05:34:04.4738196Z  registry.register(ParagraphSpacingRule())
Python 浠ｇ爜妫€鏌?Check Black formatting	2026-01-27T05:34:04.4738718Z  registry.register(FirstLineIndentRule())
Python 浠ｇ爜妫€鏌?Check Black formatting	2026-01-27T05:34:04.4739214Z  registry.register(TitleBoldRule())
Python 浠ｇ爜妫€鏌?Check Black formatting	2026-01-27T05:34:04.4739937Z  registry.register(HeadingStyleRule())
Python 浠ｇ爜妫€鏌?Check Black formatting	2026-01-27T05:34:04.4758890Z --- /home/runner/work/Md2Docx/Md2Docx/backend/api/routes.py	2026-01-27 05:33:58.078951+00:00
Python 浠ｇ爜妫€鏌?Check Black formatting	2026-01-27T05:34:04.4761238Z +++ /home/runner/work/Md2Docx/Md2Docx/backend/api/routes.py	2026-01-27 05:34:04.470343+00:00
Python 浠ｇ爜妫€鏌?Check Black formatting	2026-01-27T05:34:04.4761931Z @@ -184,22 +184,24 @@
Python 浠ｇ爜妫€鏌?Check Black formatting	2026-01-27T05:34:04.4762254Z  
Python 浠ｇ爜妫€鏌?Check Black formatting	2026-01-27T05:34:04.4762517Z  @router.get("/rules")
Python 浠ｇ爜妫€鏌?Check Black formatting	2026-01-27T05:34:04.4762855Z  async def get_rules():
Python 浠ｇ爜妫€鏌?Check Black formatting	2026-01-27T05:34:04.4763315Z      """Get all available rules dynamically from the registry"""
Python 浠ｇ爜妫€鏌?Check Black formatting	2026-01-27T05:34:04.4763886Z      from backend.engine import registry
Python 浠ｇ爜妫€鏌?Check Black formatting	2026-01-27T05:34:04.4764305Z -    
Python 浠ｇ爜妫€鏌?Check Black formatting	2026-01-27T05:34:04.4764547Z +
Python 浠ｇ爜妫€鏌?Check Black formatting	2026-01-27T05:34:04.4764805Z      rule_types = []
Python 浠ｇ爜妫€鏌?Check Black formatting	2026-01-27T05:34:04.4765317Z      for rule in sorted(registry.get_all_rules(), key=lambda r: r.priority):
Python 浠ｇ爜妫€鏌?Check Black formatting	2026-01-27T05:34:04.4765949Z -        rule_types.append({
Python 浠ｇ爜妫€鏌?Check Black formatting	2026-01-27T05:34:04.4766306Z -            "id": rule.id,
Python 浠ｇ爜妫€鏌?Check Black formatting	2026-01-27T05:34:04.4766656Z -            "name": rule.name,
Python 浠ｇ爜妫€鏌?Check Black formatting	2026-01-27T05:34:04.4767040Z -            "category": rule.category,
Python 浠ｇ爜妫€鏌?Check Black formatting	2026-01-27T05:34:04.4767492Z -            "description": rule.description,
Python 浠ｇ爜妫€鏌?Check Black formatting	2026-01-27T05:34:04.4767967Z -            "priority": rule.priority,
Python 浠ｇ爜妫€鏌?Check Black formatting	2026-01-27T05:34:04.4768428Z -            "parameters": rule.get_default_params()
Python 浠ｇ爜妫€鏌?Check Black formatting	2026-01-27T05:34:04.4768874Z -        })
Python 浠ｇ爜妫€鏌?Check Black formatting	2026-01-27T05:34:04.4769124Z -    
Python 浠ｇ爜妫€鏌?Check Black formatting	2026-01-27T05:34:04.4769406Z +        rule_types.append(
Python 浠ｇ爜妫€鏌?Check Black formatting	2026-01-27T05:34:04.4769916Z +            {
Python 浠ｇ爜妫€鏌?Check Black formatting	2026-01-27T05:34:04.4770207Z +                "id": rule.id,
Python 浠ｇ爜妫€鏌?Check Black formatting	2026-01-27T05:34:04.4770564Z +                "name": rule.name,
Python 浠ｇ爜妫€鏌?Check Black formatting	2026-01-27T05:34:04.4770968Z +                "category": rule.category,
Python 浠ｇ爜妫€鏌?Check Black formatting	2026-01-27T05:34:04.4771429Z +                "description": rule.description,
Python 浠ｇ爜妫€鏌?Check Black formatting	2026-01-27T05:34:04.4771887Z +                "priority": rule.priority,
Python 浠ｇ爜妫€鏌?Check Black formatting	2026-01-27T05:34:04.4772366Z +                "parameters": rule.get_default_params(),
Python 浠ｇ爜妫€鏌?Check Black formatting	2026-01-27T05:34:04.4772808Z +            }
Python 浠ｇ爜妫€鏌?Check Black formatting	2026-01-27T05:34:04.4773075Z +        )
Python 浠ｇ爜妫€鏌?Check Black formatting	2026-01-27T05:34:04.4773317Z +
Python 浠ｇ爜妫€鏌?Check Black formatting	2026-01-27T05:34:04.4773589Z      return {"rules": rule_types}
Python 浠ｇ爜妫€鏌?Check Black formatting	2026-01-27T05:34:04.4773940Z  
Python 浠ｇ爜妫€鏌?Check Black formatting	2026-01-27T05:34:04.4774172Z  
Python 浠ｇ爜妫€鏌?Check Black formatting	2026-01-27T05:34:04.4774431Z  @router.get("/rules/{rule_id}")
Python 浠ｇ爜妫€鏌?Check Black formatting	2026-01-27T05:34:04.4775073Z  async def get_rule_detail(rule_id: str):
Python 浠ｇ爜妫€鏌?Check Black formatting	2026-01-27T05:34:04.4792138Z would reformat /home/runner/work/Md2Docx/Md2Docx/backend/api/routes.py
Python 浠ｇ爜妫€鏌?Check Black formatting	2026-01-27T05:34:04.5060966Z --- /home/runner/work/Md2Docx/Md2Docx/backend/engine/rules/table.py	2026-01-27 05:33:58.078951+00:00
Python 浠ｇ爜妫€鏌?Check Black formatting	2026-01-27T05:34:04.5062235Z +++ /home/runner/work/Md2Docx/Md2Docx/backend/engine/rules/table.py	2026-01-27 05:34:04.503482+00:00
Python 浠ｇ爜妫€鏌?Check Black formatting	2026-01-27T05:34:04.5063021Z @@ -2,10 +2,11 @@
Python 浠ｇ爜妫€鏌?Check Black formatting	2026-01-27T05:34:04.5063363Z  from docx import Document
Python 浠ｇ爜妫€鏌?Check Black formatting	2026-01-27T05:34:04.5063762Z  from docx.oxml import OxmlElement
Python 浠ｇ爜妫€鏌?Check Black formatting	2026-01-27T05:34:04.5064194Z  from docx.oxml.ns import qn
Python 浠ｇ爜妫€鏌?Check Black formatting	2026-01-27T05:34:04.5064613Z  from backend.engine.base import BaseRule
Python 浠ｇ爜妫€鏌?Check Black formatting	2026-01-27T05:34:04.5065137Z  from backend.engine.registry import registry
Python 浠ｇ爜妫€鏌?Check Black formatting	2026-01-27T05:34:04.5065589Z +
Python 浠ｇ爜妫€鏌?Check Black formatting	2026-01-27T05:34:04.5065838Z  
Python 浠ｇ爜妫€鏌?Check Black formatting	2026-01-27T05:34:04.5066127Z  class TableBorderRule(BaseRule):
Python 浠ｇ爜妫€鏌?Check Black formatting	2026-01-27T05:34:04.5066553Z      id = "table_border"
Python 浠ｇ爜妫€鏌?Check Black formatting	2026-01-27T05:34:04.5067133Z      name = "琛ㄦ牸杈规瑙勫垯"
Python 浠ｇ爜妫€鏌?Check Black formatting	2026-01-27T05:34:04.5067471Z      category = "table"
Python 浠ｇ爜妫€鏌?Check Black formatting	2026-01-27T05:34:04.5067791Z @@ -15,11 +16,11 @@
Python 浠ｇ爜妫€鏌?Check Black formatting	2026-01-27T05:34:04.5068189Z      def get_default_params(self) -> Dict[str, Any]:
Python 浠ｇ爜妫€鏌?Check Black formatting	2026-01-27T05:34:04.5068668Z          return {
Python 浠ｇ爜妫€鏌?Check Black formatting	2026-01-27T05:34:04.5068975Z              "border_size": 4,
Python 浠ｇ爜妫€鏌?Check Black formatting	2026-01-27T05:34:04.5069364Z              "border_color": "000000",
Python 浠ｇ爜妫€鏌?Check Black formatting	2026-01-27T05:34:04.5070005Z              "add_table_header_format": True,
Python 浠ｇ爜妫€鏌?Check Black formatting	2026-01-27T05:34:04.5070500Z -            "table_header_bg_color": "E3E3E3"
Python 浠ｇ爜妫€鏌?Check Black formatting	2026-01-27T05:34:04.5070981Z +            "table_header_bg_color": "E3E3E3",
Python 浠ｇ爜妫€鏌?Check Black formatting	2026-01-27T05:34:04.5071408Z          }
Python 浠ｇ爜妫€鏌?Check Black formatting	2026-01-27T05:34:04.5071662Z  
Python 浠ｇ爜妫€鏌?Check Black formatting	2026-01-27T05:34:04.5072172Z      def apply(self, doc: Document, params: Dict[str, Any]) -> List[Dict[str, Any]]:
Python 浠ｇ爜妫€鏌?Check Black formatting	2026-01-27T05:34:04.5072833Z          fixes = []
Python 浠ｇ爜妫€鏌?Check Black formatting	2026-01-27T05:34:04.5073183Z          defaults = self.get_default_params()
Python 浠ｇ爜妫€鏌?Check Black formatting	2026-01-27T05:34:04.5073625Z @@ -28,21 +29,30 @@
Python 浠ｇ爜妫€鏌?Check Black formatting	2026-01-27T05:34:04.5073915Z  
Python 浠ｇ爜妫€鏌?Check Black formatting	2026-01-27T05:34:04.5074242Z          for i, table in enumerate(doc.tables):
Python 浠ｇ爜妫€鏌?Check Black formatting	2026-01-27T05:34:04.5074819Z              self._set_table_borders(table, border_size, border_color)
Python 浠ｇ爜妫€鏌?Check Black formatting	2026-01-27T05:34:04.5075588Z              desc = f"宸蹭负琛ㄦ牸 {i+1} 搴旂敤 {border_size}pt 杈规"
Python 浠ｇ爜妫€鏌?Check Black formatting	2026-01-27T05:34:04.5076055Z  
Python 浠ｇ爜妫€鏌?Check Black formatting	2026-01-27T05:34:04.5076716Z -            if params.get("add_table_header_format", defaults["add_table_header_format"]) and len(table.rows) > 0:
Python 浠ｇ爜妫€鏌?Check Black formatting	2026-01-27T05:34:04.5077834Z -                header_bg = params.get("table_header_bg_color", defaults["table_header_bg_color"])
Python 浠ｇ爜妫€鏌?Check Black formatting	2026-01-27T05:34:04.5078532Z +            if (
Python 浠ｇ爜妫€鏌?Check Black formatting	2026-01-27T05:34:04.5078850Z +                params.get(
Python 浠ｇ爜妫€鏌?Check Black formatting	2026-01-27T05:34:04.5079374Z +                    "add_table_header_format", defaults["add_table_header_format"]
Python 浠ｇ爜妫€鏌?Check Black formatting	2026-01-27T05:34:04.5080109Z +                )
Python 浠ｇ爜妫€鏌?Check Black formatting	2026-01-27T05:34:04.5080419Z +                and len(table.rows) > 0
Python 浠ｇ爜妫€鏌?Check Black formatting	2026-01-27T05:34:04.5080826Z +            ):
Python 浠ｇ爜妫€鏌?Check Black formatting	2026-01-27T05:34:04.5081137Z +                header_bg = params.get(
Python 浠ｇ爜妫€鏌?Check Black formatting	2026-01-27T05:34:04.5081716Z +                    "table_header_bg_color", defaults["table_header_bg_color"]
Python 浠ｇ爜妫€鏌?Check Black formatting	2026-01-27T05:34:04.5082276Z +                )
Python 浠ｇ爜妫€鏌?Check Black formatting	2026-01-27T05:34:04.5082686Z                  self._set_row_shading(table.rows[0], header_bg)
Python 浠ｇ爜妫€鏌?Check Black formatting	2026-01-27T05:34:04.5083372Z                  desc += f" 涓旇缃〃澶磋儗鏅壊 #{header_bg}"
Python 浠ｇ爜妫€鏌?Check Black formatting	2026-01-27T05:34:04.5083798Z  
Python 浠ｇ爜妫€鏌?Check Black formatting	2026-01-27T05:34:04.5084075Z -            fixes.append({
Python 浠ｇ爜妫€鏌?Check Black formatting	2026-01-27T05:34:04.5084453Z -                "id": f"fix_table_{i}",
Python 浠ｇ爜妫€鏌?Check Black formatting	2026-01-27T05:34:04.5084889Z -                "rule_id": self.id,
Python 浠ｇ爜妫€鏌?Check Black formatting	2026-01-27T05:34:04.5085302Z -                "description": desc,
Python 浠ｇ爜妫€鏌?Check Black formatting	2026-01-27T05:34:04.5085730Z -                "table_indices": [i],
Python 浠ｇ爜妫€鏌?Check Black formatting	2026-01-27T05:34:04.5086130Z -            })
Python 浠ｇ爜妫€鏌?Check Black formatting	2026-01-27T05:34:04.5086438Z +            fixes.append(
Python 浠ｇ爜妫€鏌?Check Black formatting	2026-01-27T05:34:04.5086780Z +                {
Python 浠ｇ爜妫€鏌?Check Black formatting	2026-01-27T05:34:04.5087095Z +                    "id": f"fix_table_{i}",
Python 浠ｇ爜妫€鏌?Check Black formatting	2026-01-27T05:34:04.5087522Z +                    "rule_id": self.id,
Python 浠ｇ爜妫€鏌?Check Black formatting	2026-01-27T05:34:04.5087948Z +                    "description": desc,
Python 浠ｇ爜妫€鏌?Check Black formatting	2026-01-27T05:34:04.5088686Z +                    "table_indices": [i],
Python 浠ｇ爜妫€鏌?Check Black formatting	2026-01-27T05:34:04.5089086Z +                }
Python 浠ｇ爜妫€鏌?Check Black formatting	2026-01-27T05:34:04.5089890Z +            )
Python 浠ｇ爜妫€鏌?Check Black formatting	2026-01-27T05:34:04.5090203Z          return fixes
Python 浠ｇ爜妫€鏌?Check Black formatting	2026-01-27T05:34:04.5090511Z  
Python 浠ｇ爜妫€鏌?Check Black formatting	2026-01-27T05:34:04.5090861Z      def _set_table_borders(self, table, size, color):
Python 浠ｇ爜妫€鏌?Check Black formatting	2026-01-27T05:34:04.5091357Z          tbl = table._tbl
Python 浠ｇ爜妫€鏌?Check Black formatting	2026-01-27T05:34:04.5091911Z          tblPr = tbl.tblPr if tbl.tblPr is not None else OxmlElement("w:tblPr")
Python 浠ｇ爜妫€鏌?Check Black formatting	2026-01-27T05:34:04.5116455Z @@ -62,10 +72,11 @@
Python 浠ｇ爜妫€鏌?Check Black formatting	2026-01-27T05:34:04.5116901Z              tcPr = cell._tc.get_or_add_tcPr()
Python 浠ｇ爜妫€鏌?Check Black formatting	2026-01-27T05:34:04.5117409Z              shd = OxmlElement("w:shd")
Python 浠ｇ爜妫€鏌?Check Black formatting	2026-01-27T05:34:04.5117867Z              shd.set(qn("w:fill"), color)
Python 浠ｇ爜妫€鏌?Check Black formatting	2026-01-27T05:34:04.5118333Z              tcPr.append(shd)
Python 浠ｇ爜妫€鏌?Check Black formatting	2026-01-27T05:34:04.5118699Z  
Python 浠ｇ爜妫€鏌?Check Black formatting	2026-01-27T05:34:04.5118960Z +
Python 浠ｇ爜妫€鏌?Check Black formatting	2026-01-27T05:34:04.5119275Z  class TableCellSpacingRule(BaseRule):
Python 浠ｇ爜妫€鏌?Check Black formatting	2026-01-27T05:34:04.5119946Z      id = "table_cell_spacing"
Python 浠ｇ爜妫€鏌?Check Black formatting	2026-01-27T05:34:04.5120500Z      name = "琛ㄦ牸鍗曞厓鏍奸棿璺濊鍒?
Python 浠ｇ爜妫€鏌?Check Black formatting	2026-01-27T05:34:04.5120848Z      category = "table"
Python 浠ｇ爜妫€鏌?Check Black formatting	2026-01-27T05:34:04.5121352Z      description = "涓烘墍鏈夎〃鏍艰缃粺涓€鐨勫崟鍏冩牸鍐呰竟璺濄€?
Python 浠ｇ爜妫€鏌?Check Black formatting	2026-01-27T05:34:04.5121785Z @@ -74,11 +85,11 @@
Python 浠ｇ爜妫€鏌?Check Black formatting	2026-01-27T05:34:04.5122185Z      def get_default_params(self) -> Dict[str, Any]:
Python 浠ｇ爜妫€鏌?Check Black formatting	2026-01-27T05:34:04.5122675Z          return {
Python 浠ｇ爜妫€鏌?Check Black formatting	2026-01-27T05:34:04.5123017Z              "cell_margin_top": 50,
Python 浠ｇ爜妫€鏌?Check Black formatting	2026-01-27T05:34:04.5123438Z              "cell_margin_left": 50,
Python 浠ｇ爜妫€鏌?Check Black formatting	2026-01-27T05:34:04.5123884Z              "cell_margin_bottom": 50,
Python 浠ｇ爜妫€鏌?Check Black formatting	2026-01-27T05:34:04.5124315Z -            "cell_margin_right": 50
Python 浠ｇ爜妫€鏌?Check Black formatting	2026-01-27T05:34:04.5124734Z +            "cell_margin_right": 50,
Python 浠ｇ爜妫€鏌?Check Black formatting	2026-01-27T05:34:04.5125140Z          }
Python 浠ｇ爜妫€鏌?Check Black formatting	2026-01-27T05:34:04.5125403Z  
Python 浠ｇ爜妫€鏌?Check Black formatting	2026-01-27T05:34:04.5125922Z      def apply(self, doc: Document, params: Dict[str, Any]) -> List[Dict[str, Any]]:
Python 浠ｇ爜妫€鏌?Check Black formatting	2026-01-27T05:34:04.5126573Z          fixes = []
Python 浠ｇ爜妫€鏌?Check Black formatting	2026-01-27T05:34:04.5126948Z          defaults = self.get_default_params()
Python 浠ｇ爜妫€鏌?Check Black formatting	2026-01-27T05:34:04.5127386Z @@ -90,23 +101,28 @@
Python 浠ｇ爜妫€鏌?Check Black formatting	2026-01-27T05:34:04.5127781Z          for i, table in enumerate(doc.tables):
Python 浠ｇ爜妫€鏌?Check Black formatting	2026-01-27T05:34:04.5128251Z              for row in table.rows:
Python 浠ｇ爜妫€鏌?Check Black formatting	2026-01-27T05:34:04.5128663Z                  for cell in row.cells:
Python 浠ｇ爜妫€鏌?Check Black formatting	2026-01-27T05:34:04.5129143Z                      tcPr = cell._tc.get_or_add_tcPr()
Python 浠ｇ爜妫€鏌?Check Black formatting	2026-01-27T05:34:04.5129879Z                      tcMar = OxmlElement("w:tcMar")
Python 浠ｇ爜妫€鏌?Check Black formatting	2026-01-27T05:34:04.5130578Z -                    for side, val in zip(["top", "left", "bottom", "right"], [tm, lm, bm, rm]):
Python 浠ｇ爜妫€鏌?Check Black formatting	2026-01-27T05:34:04.5131262Z +                    for side, val in zip(
Python 浠ｇ爜妫€鏌?Check Black formatting	2026-01-27T05:34:04.5131820Z +                        ["top", "left", "bottom", "right"], [tm, lm, bm, rm]
Python 浠ｇ爜妫€鏌?Check Black formatting	2026-01-27T05:34:04.5132398Z +                    ):
Python 浠ｇ爜妫€鏌?Check Black formatting	2026-01-27T05:34:04.5132847Z                          node = OxmlElement(f"w:{side}")
Python 浠ｇ爜妫€鏌?Check Black formatting	2026-01-27T05:34:04.5133367Z                          node.set(qn("w:w"), str(val))
Python 浠ｇ爜妫€鏌?Check Black formatting	2026-01-27T05:34:04.5133871Z                          node.set(qn("w:type"), "dxa")
Python 浠ｇ爜妫€鏌?Check Black formatting	2026-01-27T05:34:04.5134373Z                          tcMar.append(node)
Python 浠ｇ爜妫€鏌?Check Black formatting	2026-01-27T05:34:04.5134831Z                      tcPr.append(tcMar)
Python 浠ｇ爜妫€鏌?Check Black formatting	2026-01-27T05:34:04.5135281Z -            fixes.append({
Python 浠ｇ爜妫€鏌?Check Black formatting	2026-01-27T05:34:04.5135707Z -                "id": f"fix_table_cell_spacing_{i}",
Python 浠ｇ爜妫€鏌?Check Black formatting	2026-01-27T05:34:04.5136190Z -                "rule_id": self.id,
Python 浠ｇ爜妫€鏌?Check Black formatting	2026-01-27T05:34:04.5136828Z -                "description": f"宸蹭负琛ㄦ牸 {i+1} 搴旂敤鍗曞厓鏍奸棿璺?,
Python 浠ｇ爜妫€鏌?Check Black formatting	2026-01-27T05:34:04.5137330Z -                "table_indices": [i],
Python 浠ｇ爜妫€鏌?Check Black formatting	2026-01-27T05:34:04.5137827Z -            })
Python 浠ｇ爜妫€鏌?Check Black formatting	2026-01-27T05:34:04.5138148Z +            fixes.append(
Python 浠ｇ爜妫€鏌?Check Black formatting	2026-01-27T05:34:04.5138504Z +                {
Python 浠ｇ爜妫€鏌?Check Black formatting	2026-01-27T05:34:04.5138874Z +                    "id": f"fix_table_cell_spacing_{i}",
Python 浠ｇ爜妫€鏌?Check Black formatting	2026-01-27T05:34:04.5139381Z +                    "rule_id": self.id,
Python 浠ｇ爜妫€鏌?Check Black formatting	2026-01-27T05:34:04.5140233Z +                    "description": f"宸蹭负琛ㄦ牸 {i+1} 搴旂敤鍗曞厓鏍奸棿璺?,
Python 浠ｇ爜妫€鏌?Check Black formatting	2026-01-27T05:34:04.5140751Z +                    "table_indices": [i],
Python 浠ｇ爜妫€鏌?Check Black formatting	2026-01-27T05:34:04.5141180Z +                }
Python 浠ｇ爜妫€鏌?Check Black formatting	2026-01-27T05:34:04.5141494Z +            )
Python 浠ｇ爜妫€鏌?Check Black formatting	2026-01-27T05:34:04.5142051Z          return fixes
Python 浠ｇ爜妫€鏌?Check Black formatting	2026-01-27T05:34:04.5142368Z +
Python 浠ｇ爜妫€鏌?Check Black formatting	2026-01-27T05:34:04.5142636Z  
Python 浠ｇ爜妫€鏌?Check Black formatting	2026-01-27T05:34:04.5143191Z  class TableColumnWidthRule(BaseRule):
Python 浠ｇ爜妫€鏌?Check Black formatting	2026-01-27T05:34:04.5143672Z      id = "table_column_width"
Python 浠ｇ爜妫€鏌?Check Black formatting	2026-01-27T05:34:04.5144165Z      name = "琛ㄦ牸鍒楀鑷€傚簲瑙勫垯"
Python 浠ｇ爜妫€鏌?Check Black formatting	2026-01-27T05:34:04.5144531Z      category = "table"
Python 浠ｇ爜妫€鏌?Check Black formatting	2026-01-27T05:34:04.5144866Z @@ -126,16 +142,19 @@
Python 浠ｇ爜妫€鏌?Check Black formatting	2026-01-27T05:34:04.5145221Z              for row in table.rows:
Python 浠ｇ爜妫€鏌?Check Black formatting	2026-01-27T05:34:04.5145650Z                  for cell in row.cells:
Python 浠ｇ爜妫€鏌?Check Black formatting	2026-01-27T05:34:04.5146126Z                      tcPr = cell._tc.get_or_add_tcPr()
Python 浠ｇ爜妫€鏌?Check Black formatting	2026-01-27T05:34:04.5146689Z                      for element in tcPr.findall(qn("w:tcW")):
Python 浠ｇ爜妫€鏌?Check Black formatting	2026-01-27T05:34:04.5147218Z                          tcPr.remove(element)
Python 浠ｇ爜妫€鏌?Check Black formatting	2026-01-27T05:34:04.5147684Z -            fixes.append({
Python 浠ｇ爜妫€鏌?Check Black formatting	2026-01-27T05:34:04.5148118Z -                "id": f"fix_table_column_width_{i}",
Python 浠ｇ爜妫€鏌?Check Black formatting	2026-01-27T05:34:04.5148625Z -                "rule_id": self.id,
Python 浠ｇ爜妫€鏌?Check Black formatting	2026-01-27T05:34:04.5149249Z -                "description": f"宸蹭负琛ㄦ牸 {i+1} 搴旂敤鑷姩鍒楀",
Python 浠ｇ爜妫€鏌?Check Black formatting	2026-01-27T05:34:04.5149971Z -                "table_indices": [i],
Python 浠ｇ爜妫€鏌?Check Black formatting	2026-01-27T05:34:04.5150465Z -            })
Python 浠ｇ爜妫€鏌?Check Black formatting	2026-01-27T05:34:04.5150787Z +            fixes.append(
Python 浠ｇ爜妫€鏌?Check Black formatting	2026-01-27T05:34:04.5151148Z +                {
Python 浠ｇ爜妫€鏌?Check Black formatting	2026-01-27T05:34:04.5151516Z +                    "id": f"fix_table_column_width_{i}",
Python 浠ｇ爜妫€鏌?Check Black formatting	2026-01-27T05:34:04.5152012Z +                    "rule_id": self.id,
Python 浠ｇ爜妫€鏌?Check Black formatting	2026-01-27T05:34:04.5152647Z +                    "description": f"宸蹭负琛ㄦ牸 {i+1} 搴旂敤鑷姩鍒楀",
Python 浠ｇ爜妫€鏌?Check Black formatting	2026-01-27T05:34:04.5153149Z +                    "table_indices": [i],
Python 浠ｇ爜妫€鏌?Check Black formatting	2026-01-27T05:34:04.5153564Z +                }
Python 浠ｇ爜妫€鏌?Check Black formatting	2026-01-27T05:34:04.5153871Z +            )
Python 浠ｇ爜妫€鏌?Check Black formatting	2026-01-27T05:34:04.5154174Z          return fixes
Python 浠ｇ爜妫€鏌?Check Black formatting	2026-01-27T05:34:04.5154500Z +
Python 浠ｇ爜妫€鏌?Check Black formatting	2026-01-27T05:34:04.5154757Z  
Python 浠ｇ爜妫€鏌?Check Black formatting	2026-01-27T05:34:04.5155058Z  registry.register(TableBorderRule())
Python 浠ｇ爜妫€鏌?Check Black formatting	2026-01-27T05:34:04.5155565Z  registry.register(TableCellSpacingRule())
Python 浠ｇ爜妫€鏌?Check Black formatting	2026-01-27T05:34:04.5156092Z  registry.register(TableColumnWidthRule())
Python 浠ｇ爜妫€鏌?Check Black formatting	2026-01-27T05:34:04.5156845Z would reformat /home/runner/work/Md2Docx/Md2Docx/backend/engine/rules/table.py
Python 浠ｇ爜妫€鏌?Check Black formatting	2026-01-27T05:34:04.5268987Z 
Python 浠ｇ爜妫€鏌?Check Black formatting	2026-01-27T05:34:04.5270932Z Oh no! 馃挜 馃挃 馃挜
Python 浠ｇ爜妫€鏌?Check Black formatting	2026-01-27T05:34:04.5271412Z 10 files would be reformatted, 20 files would be left unchanged.
Python 浠ｇ爜妫€鏌?Check Black formatting	2026-01-27T05:34:04.5492613Z 浠ｇ爜鏍煎紡涓嶇鍚?Black 瑙勮寖
Python 浠ｇ爜妫€鏌?Run Ruff	锘?026-01-27T05:34:04.5522132Z ##[group]Run ruff check . || echo "瀛樺湪 Ruff 璀﹀憡"
Python 浠ｇ爜妫€鏌?Run Ruff	2026-01-27T05:34:04.5522488Z [36;1mruff check . || echo "瀛樺湪 Ruff 璀﹀憡"[0m
Python 浠ｇ爜妫€鏌?Run Ruff	2026-01-27T05:34:04.5553969Z shell: /usr/bin/bash -e {0}
Python 浠ｇ爜妫€鏌?Run Ruff	2026-01-27T05:34:04.5554217Z env:
Python 浠ｇ爜妫€鏌?Run Ruff	2026-01-27T05:34:04.5554486Z   pythonLocation: /opt/hostedtoolcache/Python/3.10.19/x64
Python 浠ｇ爜妫€鏌?Run Ruff	2026-01-27T05:34:04.5554910Z   PKG_CONFIG_PATH: /opt/hostedtoolcache/Python/3.10.19/x64/lib/pkgconfig
Python 浠ｇ爜妫€鏌?Run Ruff	2026-01-27T05:34:04.5555315Z   Python_ROOT_DIR: /opt/hostedtoolcache/Python/3.10.19/x64
Python 浠ｇ爜妫€鏌?Run Ruff	2026-01-27T05:34:04.5555685Z   Python2_ROOT_DIR: /opt/hostedtoolcache/Python/3.10.19/x64
Python 浠ｇ爜妫€鏌?Run Ruff	2026-01-27T05:34:04.5556059Z   Python3_ROOT_DIR: /opt/hostedtoolcache/Python/3.10.19/x64
Python 浠ｇ爜妫€鏌?Run Ruff	2026-01-27T05:34:04.5556445Z   LD_LIBRARY_PATH: /opt/hostedtoolcache/Python/3.10.19/x64/lib
Python 浠ｇ爜妫€鏌?Run Ruff	2026-01-27T05:34:04.5556752Z ##[endgroup]
Python 浠ｇ爜妫€鏌?Run Ruff	2026-01-27T05:34:04.5725413Z E722 Do not use bare `except`
Python 浠ｇ爜妫€鏌?Run Ruff	2026-01-27T05:34:04.5726045Z   --> backend/api/routes.py:45:9
Python 浠ｇ爜妫€鏌?Run Ruff	2026-01-27T05:34:04.5726417Z    |
Python 浠ｇ爜妫€鏌?Run Ruff	2026-01-27T05:34:04.5726674Z 43 |         try:
Python 浠ｇ爜妫€鏌?Run Ruff	2026-01-27T05:34:04.5727192Z 44 |             return json.loads(HISTORY_FILE.read_text(encoding="utf-8"))
Python 浠ｇ爜妫€鏌?Run Ruff	2026-01-27T05:34:04.5727756Z 45 |         except:
Python 浠ｇ爜妫€鏌?Run Ruff	2026-01-27T05:34:04.5728038Z    |         ^^^^^^
Python 浠ｇ爜妫€鏌?Run Ruff	2026-01-27T05:34:04.5728416Z 46 |             return []
Python 浠ｇ爜妫€鏌?Run Ruff	2026-01-27T05:34:04.5728734Z 47 |     return []
Python 浠ｇ爜妫€鏌?Run Ruff	2026-01-27T05:34:04.5729006Z    |
Python 浠ｇ爜妫€鏌?Run Ruff	2026-01-27T05:34:04.5729144Z 
Python 浠ｇ爜妫€鏌?Run Ruff	2026-01-27T05:34:04.5729281Z E722 Do not use bare `except`
Python 浠ｇ爜妫€鏌?Run Ruff	2026-01-27T05:34:04.5729833Z    --> backend/api/routes.py:389:9
Python 浠ｇ爜妫€鏌?Run Ruff	2026-01-27T05:34:04.5730212Z     |
Python 浠ｇ爜妫€鏌?Run Ruff	2026-01-27T05:34:04.5730489Z 387 |             if conv_path.exists():
Python 浠ｇ爜妫€鏌?Run Ruff	2026-01-27T05:34:04.5730917Z 388 |                 os.remove(conv_path)
Python 浠ｇ爜妫€鏌?Run Ruff	2026-01-27T05:34:04.5731304Z 389 |         except:
Python 浠ｇ爜妫€鏌?Run Ruff	2026-01-27T05:34:04.5731832Z     |         ^^^^^^
Python 浠ｇ爜妫€鏌?Run Ruff	2026-01-27T05:34:04.5732119Z 390 |             pass
Python 浠ｇ爜妫€鏌?Run Ruff	2026-01-27T05:34:04.5732410Z     |
Python 浠ｇ爜妫€鏌?Run Ruff	2026-01-27T05:34:04.5732551Z 
Python 浠ｇ爜妫€鏌?Run Ruff	2026-01-27T05:34:04.5732682Z F401 [*] `os` imported but unused
Python 浠ｇ爜妫€鏌?Run Ruff	2026-01-27T05:34:04.5733076Z  --> backend/core/config.py:1:8
Python 浠ｇ爜妫€鏌?Run Ruff	2026-01-27T05:34:04.5733427Z   |
Python 浠ｇ爜妫€鏌?Run Ruff	2026-01-27T05:34:04.5733671Z 1 | import os
Python 浠ｇ爜妫€鏌?Run Ruff	2026-01-27T05:34:04.5733934Z   |        ^^
Python 浠ｇ爜妫€鏌?Run Ruff	2026-01-27T05:34:04.5734216Z 2 | from pathlib import Path
Python 浠ｇ爜妫€鏌?Run Ruff	2026-01-27T05:34:04.5734555Z   |
Python 浠ｇ爜妫€鏌?Run Ruff	2026-01-27T05:34:04.5734812Z help: Remove unused import: `os`
Python 浠ｇ爜妫€鏌?Run Ruff	2026-01-27T05:34:04.5735067Z 
Python 浠ｇ爜妫€鏌?Run Ruff	2026-01-27T05:34:04.5735228Z F401 [*] `pathlib.Path` imported but unused
Python 浠ｇ爜妫€鏌?Run Ruff	2026-01-27T05:34:04.5735689Z  --> backend/core/latex_converter.py:7:21
Python 浠ｇ爜妫€鏌?Run Ruff	2026-01-27T05:34:04.5736087Z   |
Python 浠ｇ爜妫€鏌?Run Ruff	2026-01-27T05:34:04.5736318Z 6 | import re
Python 浠ｇ爜妫€鏌?Run Ruff	2026-01-27T05:34:04.5736607Z 7 | from pathlib import Path
Python 浠ｇ爜妫€鏌?Run Ruff	2026-01-27T05:34:04.5736943Z   |                     ^^^^
Python 浠ｇ爜妫€鏌?Run Ruff	2026-01-27T05:34:04.5737270Z 8 | from lxml import etree
Python 浠ｇ爜妫€鏌?Run Ruff	2026-01-27T05:34:04.5737625Z 9 | from docx import Document
Python 浠ｇ爜妫€鏌?Run Ruff	2026-01-27T05:34:04.5737953Z   |
Python 浠ｇ爜妫€鏌?Run Ruff	2026-01-27T05:34:04.5738253Z help: Remove unused import: `pathlib.Path`
Python 浠ｇ爜妫€鏌?Run Ruff	2026-01-27T05:34:04.5738568Z 
Python 浠ｇ爜妫€鏌?Run Ruff	2026-01-27T05:34:04.5738812Z F841 Local variable `full_match` is assigned to but never used
Python 浠ｇ爜妫€鏌?Run Ruff	2026-01-27T05:34:04.5739394Z    --> backend/core/latex_converter.py:237:21
Python 浠ｇ爜妫€鏌?Run Ruff	2026-01-27T05:34:04.5740157Z     |
Python 浠ｇ爜妫€鏌?Run Ruff	2026-01-27T05:34:04.5740407Z 235 |                 if match:
Python 浠ｇ爜妫€鏌?Run Ruff	2026-01-27T05:34:04.5740818Z 236 |                     latex_expr = match.group(1).strip()
Python 浠ｇ爜妫€鏌?Run Ruff	2026-01-27T05:34:04.5741145Z 237 |                     full_match = match.group(0)
Python 浠ｇ爜妫€鏌?Run Ruff	2026-01-27T05:34:04.5741405Z     |                     ^^^^^^^^^^
Python 浠ｇ爜妫€鏌?Run Ruff	2026-01-27T05:34:04.5741705Z 238 |                     start, end = match.span()
Python 浠ｇ爜妫€鏌?Run Ruff	2026-01-27T05:34:04.5742115Z     |
Python 浠ｇ爜妫€鏌?Run Ruff	2026-01-27T05:34:04.5742460Z help: Remove assignment to unused variable `full_match`
Python 浠ｇ爜妫€鏌?Run Ruff	2026-01-27T05:34:04.5742787Z 
Python 浠ｇ爜妫€鏌?Run Ruff	2026-01-27T05:34:04.5742892Z F401 [*] `docx.shared.Pt` imported but unused
Python 浠ｇ爜妫€鏌?Run Ruff	2026-01-27T05:34:04.5743168Z  --> backend/core/preview_converter.py:5:25
Python 浠ｇ爜妫€鏌?Run Ruff	2026-01-27T05:34:04.5743421Z   |
Python 浠ｇ爜妫€鏌?Run Ruff	2026-01-27T05:34:04.5743577Z 3 | import traceback
Python 浠ｇ爜妫€鏌?Run Ruff	2026-01-27T05:34:04.5743773Z 4 | from docx import Document
Python 浠ｇ爜妫€鏌?Run Ruff	2026-01-27T05:34:04.5744304Z 5 | from docx.shared import Pt, RGBColor
Python 浠ｇ爜妫€鏌?Run Ruff	2026-01-27T05:34:04.5744704Z   |                         ^^
Python 浠ｇ爜妫€鏌?Run Ruff	2026-01-27T05:34:04.5745018Z 6 | from docx.enum.text import WD_PARAGRAPH_ALIGNMENT
Python 浠ｇ爜妫€鏌?Run Ruff	2026-01-27T05:34:04.5745565Z 7 | from docx.oxml.text.paragraph import CT_P
Python 浠ｇ爜妫€鏌?Run Ruff	2026-01-27T05:34:04.5745823Z   |
Python 浠ｇ爜妫€鏌?Run Ruff	2026-01-27T05:34:04.5745981Z help: Remove unused import
Python 浠ｇ爜妫€鏌?Run Ruff	2026-01-27T05:34:04.5746123Z 
Python 浠ｇ爜妫€鏌?Run Ruff	2026-01-27T05:34:04.5746239Z F401 [*] `docx.shared.RGBColor` imported but unused
Python 浠ｇ爜妫€鏌?Run Ruff	2026-01-27T05:34:04.5746544Z  --> backend/core/preview_converter.py:5:29
Python 浠ｇ爜妫€鏌?Run Ruff	2026-01-27T05:34:04.5746780Z   |
Python 浠ｇ爜妫€鏌?Run Ruff	2026-01-27T05:34:04.5746932Z 3 | import traceback
Python 浠ｇ爜妫€鏌?Run Ruff	2026-01-27T05:34:04.5747119Z 4 | from docx import Document
Python 浠ｇ爜妫€鏌?Run Ruff	2026-01-27T05:34:04.5747348Z 5 | from docx.shared import Pt, RGBColor
Python 浠ｇ爜妫€鏌?Run Ruff	2026-01-27T05:34:04.5747585Z   |                             ^^^^^^^^
Python 浠ｇ爜妫€鏌?Run Ruff	2026-01-27T05:34:04.5747867Z 6 | from docx.enum.text import WD_PARAGRAPH_ALIGNMENT
Python 浠ｇ爜妫€鏌?Run Ruff	2026-01-27T05:34:04.5748186Z 7 | from docx.oxml.text.paragraph import CT_P
Python 浠ｇ爜妫€鏌?Run Ruff	2026-01-27T05:34:04.5748435Z   |
Python 浠ｇ爜妫€鏌?Run Ruff	2026-01-27T05:34:04.5748590Z help: Remove unused import
Python 浠ｇ爜妫€鏌?Run Ruff	2026-01-27T05:34:04.5748733Z 
Python 浠ｇ爜妫€鏌?Run Ruff	2026-01-27T05:34:04.5748832Z E701 Multiple statements on one line (colon)
Python 浠ｇ爜妫€鏌?Run Ruff	2026-01-27T05:34:04.5749135Z    --> backend/core/preview_converter.py:168:13
Python 浠ｇ爜妫€鏌?Run Ruff	2026-01-27T05:34:04.5749379Z     |
Python 浠ｇ爜妫€鏌?Run Ruff	2026-01-27T05:34:04.5749763Z 166 |             full_desc = "; ".join(desc_list)
Python 浠ｇ爜妫€鏌?Run Ruff	2026-01-27T05:34:04.5750108Z 167 |             title_str = f' title="{html.escape(full_desc)}"'
Python 浠ｇ爜妫€鏌?Run Ruff	2026-01-27T05:34:04.5750470Z 168 |         else:class_str = ' class="dict-preview-table"'
Python 浠ｇ爜妫€鏌?Run Ruff	2026-01-27T05:34:04.5750744Z     |             ^
Python 浠ｇ爜妫€鏌?Run Ruff	2026-01-27T05:34:04.5750907Z 169 |
Python 浠ｇ爜妫€鏌?Run Ruff	2026-01-27T05:34:04.5751055Z 170 |         rows = []
Python 浠ｇ爜妫€鏌?Run Ruff	2026-01-27T05:34:04.5751222Z     |
Python 浠ｇ爜妫€鏌?Run Ruff	2026-01-27T05:34:04.5751303Z 
Python 浠ｇ爜妫€鏌?Run Ruff	2026-01-27T05:34:04.5751689Z F401 `backend.engine.rules.formula` imported but unused; consider removing, adding to `__all__`, or using a redundant alias
Python 浠ｇ爜妫€鏌?Run Ruff	2026-01-27T05:34:04.5752379Z   --> backend/engine/__init__.py:9:8
Python 浠ｇ爜妫€鏌?Run Ruff	2026-01-27T05:34:04.5752602Z    |
Python 浠ｇ爜妫€鏌?Run Ruff	2026-01-27T05:34:04.5752781Z  7 | import backend.engine.rules.paragraph
Python 浠ｇ爜妫€鏌?Run Ruff	2026-01-27T05:34:04.5753059Z  8 | import backend.engine.rules.image
Python 浠ｇ爜妫€鏌?Run Ruff	2026-01-27T05:34:04.5753323Z  9 | import backend.engine.rules.formula
Python 浠ｇ爜妫€鏌?Run Ruff	2026-01-27T05:34:04.5753570Z    |        ^^^^^^^^^^^^^^^^^^^^^^^^^^^^
Python 浠ｇ爜妫€鏌?Run Ruff	2026-01-27T05:34:04.5753777Z 10 |
Python 浠ｇ爜妫€鏌?Run Ruff	2026-01-27T05:34:04.5753938Z 11 | __all__ = ["registry", "RuleParser"]
Python 浠ｇ爜妫€鏌?Run Ruff	2026-01-27T05:34:04.5754167Z    |
Python 浠ｇ爜妫€鏌?Run Ruff	2026-01-27T05:34:04.5754318Z help: Add `backend` to __all__
Python 浠ｇ爜妫€鏌?Run Ruff	2026-01-27T05:34:04.5754463Z 
Python 浠ｇ爜妫€鏌?Run Ruff	2026-01-27T05:34:04.5754565Z F401 [*] `pathlib.Path` imported but unused
Python 浠ｇ爜妫€鏌?Run Ruff	2026-01-27T05:34:04.5754827Z  --> backend/engine/parser.py:2:21
Python 浠ｇ爜妫€鏌?Run Ruff	2026-01-27T05:34:04.5755042Z   |
Python 浠ｇ爜妫€鏌?Run Ruff	2026-01-27T05:34:04.5755183Z 1 | import yaml
Python 浠ｇ爜妫€鏌?Run Ruff	2026-01-27T05:34:04.5755367Z 2 | from pathlib import Path
Python 浠ｇ爜妫€鏌?Run Ruff	2026-01-27T05:34:04.5755570Z   |                     ^^^^
Python 浠ｇ爜妫€鏌?Run Ruff	2026-01-27T05:34:04.5755795Z 3 | from backend.core.config import settings
Python 浠ｇ爜妫€鏌?Run Ruff	2026-01-27T05:34:04.5756044Z   |
Python 浠ｇ爜妫€鏌?Run Ruff	2026-01-27T05:34:04.5756213Z help: Remove unused import: `pathlib.Path`
Python 浠ｇ爜妫€鏌?Run Ruff	2026-01-27T05:34:04.5756395Z 
Python 浠ｇ爜妫€鏌?Run Ruff	2026-01-27T05:34:04.5756492Z F401 [*] `typing.Type` imported but unused
Python 浠ｇ爜妫€鏌?Run Ruff	2026-01-27T05:34:04.5756740Z  --> backend/engine/registry.py:1:26
Python 浠ｇ爜妫€鏌?Run Ruff	2026-01-27T05:34:04.5756968Z   |
Python 浠ｇ爜妫€鏌?Run Ruff	2026-01-27T05:34:04.5757148Z 1 | from typing import Dict, Type, List, Optional
Python 浠ｇ爜妫€鏌?Run Ruff	2026-01-27T05:34:04.5757412Z   |                          ^^^^
Python 浠ｇ爜妫€鏌?Run Ruff	2026-01-27T05:34:04.5757647Z 2 | from backend.engine.base import BaseRule
Python 浠ｇ爜妫€鏌?Run Ruff	2026-01-27T05:34:04.5757890Z   |
Python 浠ｇ爜妫€鏌?Run Ruff	2026-01-27T05:34:04.5758060Z help: Remove unused import: `typing.Type`
Python 浠ｇ爜妫€鏌?Run Ruff	2026-01-27T05:34:04.5758235Z 
Python 浠ｇ爜妫€鏌?Run Ruff	2026-01-27T05:34:04.5758310Z F821 Undefined name `Pt`
Python 浠ｇ爜妫€鏌?Run Ruff	2026-01-27T05:34:04.5758536Z    --> backend/engine/rules/image.py:123:37
Python 浠ｇ爜妫€鏌?Run Ruff	2026-01-27T05:34:04.5758770Z     |
Python 浠ｇ爜妫€鏌?Run Ruff	2026-01-27T05:34:04.5759069Z 121 |                 font_size = params.get("caption_font_size", defaults["caption_font_size"])
Python 浠ｇ爜妫€鏌?Run Ruff	2026-01-27T05:34:04.5759489Z 122 |                 for run in caption_para.runs:
Python 浠ｇ爜妫€鏌?Run Ruff	2026-01-27T05:34:04.5760009Z 123 |                     run.font.size = Pt(font_size)
Python 浠ｇ爜妫€鏌?Run Ruff	2026-01-27T05:34:04.5760281Z     |                                     ^^
Python 浠ｇ爜妫€鏌?Run Ruff	2026-01-27T05:34:04.5760500Z 124 |                 
Python 浠ｇ爜妫€鏌?Run Ruff	2026-01-27T05:34:04.5760696Z 125 |                 image_counter += 1
Python 浠ｇ爜妫€鏌?Run Ruff	2026-01-27T05:34:04.5761130Z     |
Python 浠ｇ爜妫€鏌?Run Ruff	2026-01-27T05:34:04.5761215Z 
Python 浠ｇ爜妫€鏌?Run Ruff	2026-01-27T05:34:04.5761302Z F401 [*] `os` imported but unused
Python 浠ｇ爜妫€鏌?Run Ruff	2026-01-27T05:34:04.5761533Z  --> backend/tests/test_api.py:8:8
Python 浠ｇ爜妫€鏌?Run Ruff	2026-01-27T05:34:04.5761749Z   |
Python 浠ｇ爜妫€鏌?Run Ruff	2026-01-27T05:34:04.5761895Z 6 | import pytest
Python 浠ｇ爜妫€鏌?Run Ruff	2026-01-27T05:34:04.5762072Z 7 | import requests
Python 浠ｇ爜妫€鏌?Run Ruff	2026-01-27T05:34:04.5762238Z 8 | import os
Python 浠ｇ爜妫€鏌?Run Ruff	2026-01-27T05:34:04.5762396Z   |        ^^
Python 浠ｇ爜妫€鏌?Run Ruff	2026-01-27T05:34:04.5762570Z 9 | from pathlib import Path
Python 浠ｇ爜妫€鏌?Run Ruff	2026-01-27T05:34:04.5762766Z   |
Python 浠ｇ爜妫€鏌?Run Ruff	2026-01-27T05:34:04.5762929Z help: Remove unused import: `os`
Python 浠ｇ爜妫€鏌?Run Ruff	2026-01-27T05:34:04.5763082Z 
Python 浠ｇ爜妫€鏌?Run Ruff	2026-01-27T05:34:04.5763291Z E712 Avoid equality comparisons to `True`; use `data["success"]:` for truth checks
Python 浠ｇ爜妫€鏌?Run Ruff	2026-01-27T05:34:04.5763697Z   --> backend/tests/test_api.py:87:16
Python 浠ｇ爜妫€鏌?Run Ruff	2026-01-27T05:34:04.5763917Z    |
Python 浠ｇ爜妫€鏌?Run Ruff	2026-01-27T05:34:04.5764099Z 85 |         assert response.status_code == 200
Python 浠ｇ爜妫€鏌?Run Ruff	2026-01-27T05:34:04.5764356Z 86 |         data = response.json()
Python 浠ｇ爜妫€鏌?Run Ruff	2026-01-27T05:34:04.5764593Z 87 |         assert data["success"] == True
Python 浠ｇ爜妫€鏌?Run Ruff	2026-01-27T05:34:04.5764829Z    |                ^^^^^^^^^^^^^^^^^^^^^^^
Python 浠ｇ爜妫€鏌?Run Ruff	2026-01-27T05:34:04.5765033Z 88 |
Python 浠ｇ爜妫€鏌?Run Ruff	2026-01-27T05:34:04.5765195Z 89 |     def test_delete_history(self):
Python 浠ｇ爜妫€鏌?Run Ruff	2026-01-27T05:34:04.5765417Z    |
Python 浠ｇ爜妫€鏌?Run Ruff	2026-01-27T05:34:04.5765586Z help: Replace with `data["success"]`
Python 浠ｇ爜妫€鏌?Run Ruff	2026-01-27T05:34:04.5765751Z 
Python 浠ｇ爜妫€鏌?Run Ruff	2026-01-27T05:34:04.5765828Z E722 Do not use bare `except`
Python 浠ｇ爜妫€鏌?Run Ruff	2026-01-27T05:34:04.5766061Z    --> backend/tests/test_api.py:192:9
Python 浠ｇ爜妫€鏌?Run Ruff	2026-01-27T05:34:04.5766278Z     |
Python 浠ｇ爜妫€鏌?Run Ruff	2026-01-27T05:34:04.5766462Z 190 |             ws.close()
Python 浠ｇ爜妫€鏌?Run Ruff	2026-01-27T05:34:04.5766666Z 191 |             connected = True
Python 浠ｇ爜妫€鏌?Run Ruff	2026-01-27T05:34:04.5766873Z 192 |         except:
Python 浠ｇ爜妫€鏌?Run Ruff	2026-01-27T05:34:04.5767046Z     |         ^^^^^^
Python 浠ｇ爜妫€鏌?Run Ruff	2026-01-27T05:34:04.5767339Z 193 |             connected = False
Python 浠ｇ爜妫€鏌?Run Ruff	2026-01-27T05:34:04.5767546Z     |
Python 浠ｇ爜妫€鏌?Run Ruff	2026-01-27T05:34:04.5767632Z 
Python 浠ｇ爜妫€鏌?Run Ruff	2026-01-27T05:34:04.5767770Z F841 Local variable `connected` is assigned to but never used
Python 浠ｇ爜妫€鏌?Run Ruff	2026-01-27T05:34:04.5768095Z    --> backend/tests/test_api.py:193:13
Python 浠ｇ爜妫€鏌?Run Ruff	2026-01-27T05:34:04.5768313Z     |
Python 浠ｇ爜妫€鏌?Run Ruff	2026-01-27T05:34:04.5768471Z 191 |             connected = True
Python 浠ｇ爜妫€鏌?Run Ruff	2026-01-27T05:34:04.5768686Z 192 |         except:
Python 浠ｇ爜妫€鏌?Run Ruff	2026-01-27T05:34:04.5768864Z 193 |             connected = False
Python 浠ｇ爜妫€鏌?Run Ruff	2026-01-27T05:34:04.5769073Z     |             ^^^^^^^^^
Python 浠ｇ爜妫€鏌?Run Ruff	2026-01-27T05:34:04.5769249Z 194 |
Python 浠ｇ爜妫€鏌?Run Ruff	2026-01-27T05:34:04.5769481Z 195 |         # May fail if websocket library not installed, that's ok
Python 浠ｇ爜妫€鏌?Run Ruff	2026-01-27T05:34:04.5770033Z     |
Python 浠ｇ爜妫€鏌?Run Ruff	2026-01-27T05:34:04.5770241Z help: Remove assignment to unused variable `connected`
Python 浠ｇ爜妫€鏌?Run Ruff	2026-01-27T05:34:04.5770459Z 
Python 浠ｇ爜妫€鏌?Run Ruff	2026-01-27T05:34:04.5770540Z F401 [*] `os` imported but unused
Python 浠ｇ爜妫€鏌?Run Ruff	2026-01-27T05:34:04.5770772Z   --> scripts/run_tests.py:14:8
Python 浠ｇ爜妫€鏌?Run Ruff	2026-01-27T05:34:04.5770970Z    |
Python 浠ｇ爜妫€鏌?Run Ruff	2026-01-27T05:34:04.5771128Z 12 | import subprocess
Python 浠ｇ爜妫€鏌?Run Ruff	2026-01-27T05:34:04.5771316Z 13 | import sys
Python 浠ｇ爜妫€鏌?Run Ruff	2026-01-27T05:34:04.5771478Z 14 | import os
Python 浠ｇ爜妫€鏌?Run Ruff	2026-01-27T05:34:04.5771638Z    |        ^^
Python 浠ｇ爜妫€鏌?Run Ruff	2026-01-27T05:34:04.5771796Z 15 | import time
Python 浠ｇ爜妫€鏌?Run Ruff	2026-01-27T05:34:04.5771973Z 16 | import requests
Python 浠ｇ爜妫€鏌?Run Ruff	2026-01-27T05:34:04.5772143Z    |
Python 浠ｇ爜妫€鏌?Run Ruff	2026-01-27T05:34:04.5772312Z help: Remove unused import: `os`
Python 浠ｇ爜妫€鏌?Run Ruff	2026-01-27T05:34:04.5772470Z 
Python 浠ｇ爜妫€鏌?Run Ruff	2026-01-27T05:34:04.5772551Z F401 [*] `time` imported but unused
Python 浠ｇ爜妫€鏌?Run Ruff	2026-01-27T05:34:04.5772790Z   --> scripts/run_tests.py:15:8
Python 浠ｇ爜妫€鏌?Run Ruff	2026-01-27T05:34:04.5772989Z    |
Python 浠ｇ爜妫€鏌?Run Ruff	2026-01-27T05:34:04.5773139Z 13 | import sys
Python 浠ｇ爜妫€鏌?Run Ruff	2026-01-27T05:34:04.5773311Z 14 | import os
Python 浠ｇ爜妫€鏌?Run Ruff	2026-01-27T05:34:04.5773470Z 15 | import time
Python 浠ｇ爜妫€鏌?Run Ruff	2026-01-27T05:34:04.5773634Z    |        ^^^^
Python 浠ｇ爜妫€鏌?Run Ruff	2026-01-27T05:34:04.5773796Z 16 | import requests
Python 浠ｇ爜妫€鏌?Run Ruff	2026-01-27T05:34:04.5773992Z 17 | from pathlib import Path
Python 浠ｇ爜妫€鏌?Run Ruff	2026-01-27T05:34:04.5774190Z    |
Python 浠ｇ爜妫€鏌?Run Ruff	2026-01-27T05:34:04.5774357Z help: Remove unused import: `time`
Python 浠ｇ爜妫€鏌?Run Ruff	2026-01-27T05:34:04.5774520Z 
Python 浠ｇ爜妫€鏌?Run Ruff	2026-01-27T05:34:04.5774598Z E722 Do not use bare `except`
Python 浠ｇ爜妫€鏌?Run Ruff	2026-01-27T05:34:04.5774823Z   --> scripts/run_tests.py:60:5
Python 浠ｇ爜妫€鏌?Run Ruff	2026-01-27T05:34:04.5775017Z    |
Python 浠ｇ爜妫€鏌?Run Ruff	2026-01-27T05:34:04.5775313Z 58 |         response = requests.get("http://127.0.0.1:8000/health", timeout=5)
Python 浠ｇ爜妫€鏌?Run Ruff	2026-01-27T05:34:04.5775728Z 59 |         return response.status_code == 200
Python 浠ｇ爜妫€鏌?Run Ruff	2026-01-27T05:34:04.5775972Z 60 |     except:
Python 浠ｇ爜妫€鏌?Run Ruff	2026-01-27T05:34:04.5776293Z    |     ^^^^^^
Python 浠ｇ爜妫€鏌?Run Ruff	2026-01-27T05:34:04.5776454Z 61 |         return False
Python 浠ｇ爜妫€鏌?Run Ruff	2026-01-27T05:34:04.5776640Z    |
Python 浠ｇ爜妫€鏌?Run Ruff	2026-01-27T05:34:04.5776721Z 
Python 浠ｇ爜妫€鏌?Run Ruff	2026-01-27T05:34:04.5776805Z F401 [*] `asyncio` imported but unused
Python 浠ｇ爜妫€鏌?Run Ruff	2026-01-27T05:34:04.5777069Z  --> skills/article_scraper/scraper.py:3:8
Python 浠ｇ爜妫€鏌?Run Ruff	2026-01-27T05:34:04.5777303Z   |
Python 浠ｇ爜妫€鏌?Run Ruff	2026-01-27T05:34:04.5777480Z 1 | # skills/article_scraper/scraper.py
Python 浠ｇ爜妫€鏌?Run Ruff	2026-01-27T05:34:04.5777709Z 2 |
Python 浠ｇ爜妫€鏌?Run Ruff	2026-01-27T05:34:04.5777854Z 3 | import asyncio
Python 浠ｇ爜妫€鏌?Run Ruff	2026-01-27T05:34:04.5778024Z   |        ^^^^^^^
Python 浠ｇ爜妫€鏌?Run Ruff	2026-01-27T05:34:04.5778245Z 4 | from playwright.async_api import async_playwright
Python 浠ｇ爜妫€鏌?Run Ruff	2026-01-27T05:34:04.5778545Z 5 | from bs4 import BeautifulSoup
Python 浠ｇ爜妫€鏌?Run Ruff	2026-01-27T05:34:04.5778753Z   |
Python 浠ｇ爜妫€鏌?Run Ruff	2026-01-27T05:34:04.5778917Z help: Remove unused import: `asyncio`
Python 浠ｇ爜妫€鏌?Run Ruff	2026-01-27T05:34:04.5779080Z 
Python 浠ｇ爜妫€鏌?Run Ruff	2026-01-27T05:34:04.5779170Z F401 [*] `pytest` imported but unused
Python 浠ｇ爜妫€鏌?Run Ruff	2026-01-27T05:34:04.5779411Z  --> tests/test_rule_saving.py:1:8
Python 浠ｇ爜妫€鏌?Run Ruff	2026-01-27T05:34:04.5779855Z   |
Python 浠ｇ爜妫€鏌?Run Ruff	2026-01-27T05:34:04.5780054Z 1 | import pytest
Python 浠ｇ爜妫€鏌?Run Ruff	2026-01-27T05:34:04.5780229Z   |        ^^^^^^
Python 浠ｇ爜妫€鏌?Run Ruff	2026-01-27T05:34:04.5780408Z 2 | from pathlib import Path
Python 浠ｇ爜妫€鏌?Run Ruff	2026-01-27T05:34:04.5780621Z 3 | import tempfile
Python 浠ｇ爜妫€鏌?Run Ruff	2026-01-27T05:34:04.5780783Z   |
Python 浠ｇ爜妫€鏌?Run Ruff	2026-01-27T05:34:04.5780950Z help: Remove unused import: `pytest`
Python 浠ｇ爜妫€鏌?Run Ruff	2026-01-27T05:34:04.5781109Z 
Python 浠ｇ爜妫€鏌?Run Ruff	2026-01-27T05:34:04.5781192Z F401 [*] `yaml` imported but unused
Python 浠ｇ爜妫€鏌?Run Ruff	2026-01-27T05:34:04.5781422Z  --> tests/test_rule_saving.py:4:8
Python 浠ｇ爜妫€鏌?Run Ruff	2026-01-27T05:34:04.5781635Z   |
Python 浠ｇ爜妫€鏌?Run Ruff	2026-01-27T05:34:04.5781789Z 2 | from pathlib import Path
Python 浠ｇ爜妫€鏌?Run Ruff	2026-01-27T05:34:04.5781994Z 3 | import tempfile
Python 浠ｇ爜妫€鏌?Run Ruff	2026-01-27T05:34:04.5782161Z 4 | import yaml
Python 浠ｇ爜妫€鏌?Run Ruff	2026-01-27T05:34:04.5782324Z   |        ^^^^
Python 浠ｇ爜妫€鏌?Run Ruff	2026-01-27T05:34:04.5782526Z 5 | from backend.engine.parser import RuleParser
Python 浠ｇ爜妫€鏌?Run Ruff	2026-01-27T05:34:04.5782925Z   |
Python 浠ｇ爜妫€鏌?Run Ruff	2026-01-27T05:34:04.5783089Z help: Remove unused import: `yaml`
Python 浠ｇ爜妫€鏌?Run Ruff	2026-01-27T05:34:04.5783243Z 
Python 浠ｇ爜妫€鏌?Run Ruff	2026-01-27T05:34:04.5783511Z E712 Avoid equality comparisons to `True`; use `parser.save_presets(initial_data):` for truth checks
Python 浠ｇ爜妫€鏌?Run Ruff	2026-01-27T05:34:04.5783973Z   --> tests/test_rule_saving.py:30:16
Python 浠ｇ爜妫€鏌?Run Ruff	2026-01-27T05:34:04.5784197Z    |
Python 浠ｇ爜妫€鏌?Run Ruff	2026-01-27T05:34:04.5784344Z 28 |             }
Python 浠ｇ爜妫€鏌?Run Ruff	2026-01-27T05:34:04.5784503Z 29 |         }
Python 浠ｇ爜妫€鏌?Run Ruff	2026-01-27T05:34:04.5784726Z 30 |         assert parser.save_presets(initial_data) == True
Python 浠ｇ爜妫€鏌?Run Ruff	2026-01-27T05:34:04.5785031Z    |                ^^^^^^^^^^^^^^^^^^^^^^^^^^^^^^^^^^^^^^^^^
Python 浠ｇ爜妫€鏌?Run Ruff	2026-01-27T05:34:04.5785273Z 31 |
Python 浠ｇ爜妫€鏌?Run Ruff	2026-01-27T05:34:04.5785443Z 32 |         # Verify file content
Python 浠ｇ爜妫€鏌?Run Ruff	2026-01-27T05:34:04.5785647Z    |
Python 浠ｇ爜妫€鏌?Run Ruff	2026-01-27T05:34:04.5785848Z help: Replace with `parser.save_presets(initial_data)`
Python 浠ｇ爜妫€鏌?Run Ruff	2026-01-27T05:34:04.5786064Z 
Python 浠ｇ爜妫€鏌?Run Ruff	2026-01-27T05:34:04.5786387Z E712 Avoid equality comparisons to `True`; use `parser.update_preset("test_preset", update_data):` for truth checks
Python 浠ｇ爜妫€鏌?Run Ruff	2026-01-27T05:34:04.5786906Z   --> tests/test_rule_saving.py:41:16
Python 浠ｇ爜妫€鏌?Run Ruff	2026-01-27T05:34:04.5787132Z    |
Python 浠ｇ爜妫€鏌?Run Ruff	2026-01-27T05:34:04.5787317Z 39 |             "rules": {"test_rule": {"enabled": False}},
Python 浠ｇ爜妫€鏌?Run Ruff	2026-01-27T05:34:04.5787577Z 40 |         }
Python 浠ｇ爜妫€鏌?Run Ruff	2026-01-27T05:34:04.5787837Z 41 |         assert parser.update_preset("test_preset", update_data) == True
Python 浠ｇ爜妫€鏌?Run Ruff	2026-01-27T05:34:04.5788212Z    |                ^^^^^^^^^^^^^^^^^^^^^^^^^^^^^^^^^^^^^^^^^^^^^^^^^^^^^^^^
Python 浠ｇ爜妫€鏌?Run Ruff	2026-01-27T05:34:04.5788471Z 42 |
Python 浠ｇ爜妫€鏌?Run Ruff	2026-01-27T05:34:04.5788618Z 43 |         # Verify update
Python 浠ｇ爜妫€鏌?Run Ruff	2026-01-27T05:34:04.5788811Z    |
Python 浠ｇ爜妫€鏌?Run Ruff	2026-01-27T05:34:04.5789057Z help: Replace with `parser.update_preset("test_preset", update_data)`
Python 浠ｇ爜妫€鏌?Run Ruff	2026-01-27T05:34:04.5789336Z 
Python 浠ｇ爜妫€鏌?Run Ruff	2026-01-27T05:34:04.5789684Z E712 Avoid equality comparisons to `False`; use `not ...:` for false checks
Python 浠ｇ爜妫€鏌?Run Ruff	2026-01-27T05:34:04.5790266Z   --> tests/test_rule_saving.py:46:16
Python 浠ｇ爜妫€鏌?Run Ruff	2026-01-27T05:34:04.5790568Z    |
Python 浠ｇ爜妫€鏌?Run Ruff	2026-01-27T05:34:04.5790742Z 44 |         loaded_v2 = parser.load_presets()
Python 浠ｇ爜妫€鏌?Run Ruff	2026-01-27T05:34:04.5791064Z 45 |         assert loaded_v2["test_preset"]["name"] == "Updated Preset"
Python 浠ｇ爜妫€鏌?Run Ruff	2026-01-27T05:34:04.5791493Z 46 |         assert loaded_v2["test_preset"]["rules"]["test_rule"]["enabled"] == False
Python 浠ｇ爜妫€鏌?Run Ruff	2026-01-27T05:34:04.5791877Z    |                ^^^^^^^^^^^^^^^^^^^^^^^^^^^^^^^^^^^^^^^^^^^^^^^^^^^^^^^^^^^^^^^^^^
Python 浠ｇ爜妫€鏌?Run Ruff	2026-01-27T05:34:04.5792144Z 47 |
Python 浠ｇ爜妫€鏌?Run Ruff	2026-01-27T05:34:04.5792485Z 48 |         # 3. Test creating new preset via update
Python 浠ｇ爜妫€鏌?Run Ruff	2026-01-27T05:34:04.5792738Z    |
Python 浠ｇ爜妫€鏌?Run Ruff	2026-01-27T05:34:04.5792891Z help: Replace comparison
Python 浠ｇ爜妫€鏌?Run Ruff	2026-01-27T05:34:04.5793029Z 
Python 浠ｇ爜妫€鏌?Run Ruff	2026-01-27T05:34:04.5793110Z F401 [*] `time` imported but unused
Python 浠ｇ爜妫€鏌?Run Ruff	2026-01-27T05:34:04.5793352Z  --> tests/verify_batch_zip_api.py:3:8
Python 浠ｇ爜妫€鏌?Run Ruff	2026-01-27T05:34:04.5793572Z   |
Python 浠ｇ爜妫€鏌?Run Ruff	2026-01-27T05:34:04.5793731Z 1 | import urllib.request
Python 浠ｇ爜妫€鏌?Run Ruff	2026-01-27T05:34:04.5793920Z 2 | import json
Python 浠ｇ爜妫€鏌?Run Ruff	2026-01-27T05:34:04.5794094Z 3 | import time
Python 浠ｇ爜妫€鏌?Run Ruff	2026-01-27T05:34:04.5794254Z   |        ^^^^
Python 浠ｇ爜妫€鏌?Run Ruff	2026-01-27T05:34:04.5794415Z 4 | import zipfile
Python 浠ｇ爜妫€鏌?Run Ruff	2026-01-27T05:34:04.5794584Z 5 | import io
Python 浠ｇ爜妫€鏌?Run Ruff	2026-01-27T05:34:04.5794740Z   |
Python 浠ｇ爜妫€鏌?Run Ruff	2026-01-27T05:34:04.5794907Z help: Remove unused import: `time`
Python 浠ｇ爜妫€鏌?Run Ruff	2026-01-27T05:34:04.5795077Z 
Python 浠ｇ爜妫€鏌?Run Ruff	2026-01-27T05:34:04.5795155Z F401 [*] `os` imported but unused
Python 浠ｇ爜妫€鏌?Run Ruff	2026-01-27T05:34:04.5795395Z  --> tests/verify_latex.py:1:8
Python 浠ｇ爜妫€鏌?Run Ruff	2026-01-27T05:34:04.5795592Z   |
Python 浠ｇ爜妫€鏌?Run Ruff	2026-01-27T05:34:04.5795736Z 1 | import os
Python 浠ｇ爜妫€鏌?Run Ruff	2026-01-27T05:34:04.5795887Z   |        ^^
Python 浠ｇ爜妫€鏌?Run Ruff	2026-01-27T05:34:04.5796046Z 2 | import sys
Python 浠ｇ爜妫€鏌?Run Ruff	2026-01-27T05:34:04.5796222Z 3 | from pathlib import Path
Python 浠ｇ爜妫€鏌?Run Ruff	2026-01-27T05:34:04.5796422Z   |
Python 浠ｇ爜妫€鏌?Run Ruff	2026-01-27T05:34:04.5796583Z help: Remove unused import: `os`
Python 浠ｇ爜妫€鏌?Run Ruff	2026-01-27T05:34:04.5796740Z 
Python 浠ｇ爜妫€鏌?Run Ruff	2026-01-27T05:34:04.5796867Z F841 Local variable `p1` is assigned to but never used
Python 浠ｇ爜妫€鏌?Run Ruff	2026-01-27T05:34:04.5797163Z   --> tests/verify_latex.py:15:5
Python 浠ｇ爜妫€鏌?Run Ruff	2026-01-27T05:34:04.5797364Z    |
Python 浠ｇ爜妫€鏌?Run Ruff	2026-01-27T05:34:04.5797527Z 13 |     # Create a test document
Python 浠ｇ爜妫€鏌?Run Ruff	2026-01-27T05:34:04.5797737Z 14 |     doc = Document()
Python 浠ｇ爜妫€鏌?Run Ruff	2026-01-27T05:34:04.5797966Z 15 |     p1 = doc.add_paragraph("Hello World")
Python 浠ｇ爜妫€鏌?Run Ruff	2026-01-27T05:34:04.5798206Z    |     ^^
Python 浠ｇ爜妫€鏌?Run Ruff	2026-01-27T05:34:04.5798494Z 16 |     p2 = doc.add_paragraph("Here is an inline formula: $E=mc^2$ inside text.")
Python 浠ｇ爜妫€鏌?Run Ruff	2026-01-27T05:34:04.5799042Z 17 |     p3 = doc.add_paragraph("And here is a display formula:")
Python 浠ｇ爜妫€鏌?Run Ruff	2026-01-27T05:34:04.5799335Z    |
Python 浠ｇ爜妫€鏌?Run Ruff	2026-01-27T05:34:04.5799745Z help: Remove assignment to unused variable `p1`
Python 浠ｇ爜妫€鏌?Run Ruff	2026-01-27T05:34:04.5799969Z 
Python 浠ｇ爜妫€鏌?Run Ruff	2026-01-27T05:34:04.5800112Z F841 Local variable `p2` is assigned to but never used
Python 浠ｇ爜妫€鏌?Run Ruff	2026-01-27T05:34:04.5800448Z   --> tests/verify_latex.py:16:5
Python 浠ｇ爜妫€鏌?Run Ruff	2026-01-27T05:34:04.5800651Z    |
Python 浠ｇ爜妫€鏌?Run Ruff	2026-01-27T05:34:04.5800805Z 14 |     doc = Document()
Python 浠ｇ爜妫€鏌?Run Ruff	2026-01-27T05:34:04.5801024Z 15 |     p1 = doc.add_paragraph("Hello World")
Python 浠ｇ爜妫€鏌?Run Ruff	2026-01-27T05:34:04.5801392Z 16 |     p2 = doc.add_paragraph("Here is an inline formula: $E=mc^2$ inside text.")
Python 浠ｇ爜妫€鏌?Run Ruff	2026-01-27T05:34:04.5801733Z    |     ^^
Python 浠ｇ爜妫€鏌?Run Ruff	2026-01-27T05:34:04.5801972Z 17 |     p3 = doc.add_paragraph("And here is a display formula:")
Python 浠ｇ爜妫€鏌?Run Ruff	2026-01-27T05:34:04.5802321Z 18 |     p4 = doc.add_paragraph("$$\\frac{a}{b} = c$$")
Python 浠ｇ爜妫€鏌?Run Ruff	2026-01-27T05:34:04.5802572Z    |
Python 浠ｇ爜妫€鏌?Run Ruff	2026-01-27T05:34:04.5802766Z help: Remove assignment to unused variable `p2`
Python 浠ｇ爜妫€鏌?Run Ruff	2026-01-27T05:34:04.5802963Z 
Python 浠ｇ爜妫€鏌?Run Ruff	2026-01-27T05:34:04.5803082Z F841 Local variable `p3` is assigned to but never used
Python 浠ｇ爜妫€鏌?Run Ruff	2026-01-27T05:34:04.5803371Z   --> tests/verify_latex.py:17:5
Python 浠ｇ爜妫€鏌?Run Ruff	2026-01-27T05:34:04.5803570Z    |
Python 浠ｇ爜妫€鏌?Run Ruff	2026-01-27T05:34:04.5803745Z 15 |     p1 = doc.add_paragraph("Hello World")
Python 浠ｇ爜妫€鏌?Run Ruff	2026-01-27T05:34:04.5804101Z 16 |     p2 = doc.add_paragraph("Here is an inline formula: $E=mc^2$ inside text.")
Python 浠ｇ爜妫€鏌?Run Ruff	2026-01-27T05:34:04.5804515Z 17 |     p3 = doc.add_paragraph("And here is a display formula:")
Python 浠ｇ爜妫€鏌?Run Ruff	2026-01-27T05:34:04.5804798Z    |     ^^
Python 浠ｇ爜妫€鏌?Run Ruff	2026-01-27T05:34:04.5804993Z 18 |     p4 = doc.add_paragraph("$$\\frac{a}{b} = c$$")
Python 浠ｇ爜妫€鏌?Run Ruff	2026-01-27T05:34:04.5805245Z    |
Python 浠ｇ爜妫€鏌?Run Ruff	2026-01-27T05:34:04.5805423Z help: Remove assignment to unused variable `p3`
Python 浠ｇ爜妫€鏌?Run Ruff	2026-01-27T05:34:04.5805621Z 
Python 浠ｇ爜妫€鏌?Run Ruff	2026-01-27T05:34:04.5805740Z F841 Local variable `p4` is assigned to but never used
Python 浠ｇ爜妫€鏌?Run Ruff	2026-01-27T05:34:04.5806021Z   --> tests/verify_latex.py:18:5
Python 浠ｇ爜妫€鏌?Run Ruff	2026-01-27T05:34:04.5806227Z    |
Python 浠ｇ爜妫€鏌?Run Ruff	2026-01-27T05:34:04.5806484Z 16 |     p2 = doc.add_paragraph("Here is an inline formula: $E=mc^2$ inside text.")
Python 浠ｇ爜妫€鏌?Run Ruff	2026-01-27T05:34:04.5806893Z 17 |     p3 = doc.add_paragraph("And here is a display formula:")
Python 浠ｇ爜妫€鏌?Run Ruff	2026-01-27T05:34:04.5807223Z 18 |     p4 = doc.add_paragraph("$$\\frac{a}{b} = c$$")
Python 浠ｇ爜妫€鏌?Run Ruff	2026-01-27T05:34:04.5807470Z    |     ^^
Python 浠ｇ爜妫€鏌?Run Ruff	2026-01-27T05:34:04.5807619Z 19 |
Python 浠ｇ爜妫€鏌?Run Ruff	2026-01-27T05:34:04.5807767Z 20 |     # Run conversion
Python 浠ｇ爜妫€鏌?Run Ruff	2026-01-27T05:34:04.5808076Z    |
Python 浠ｇ爜妫€鏌?Run Ruff	2026-01-27T05:34:04.5808257Z help: Remove assignment to unused variable `p4`
Python 浠ｇ爜妫€鏌?Run Ruff	2026-01-27T05:34:04.5808454Z 
Python 浠ｇ爜妫€鏌?Run Ruff	2026-01-27T05:34:04.5808538Z F401 [*] `json` imported but unused
Python 浠ｇ爜妫€鏌?Run Ruff	2026-01-27T05:34:04.5808781Z  --> tests/verify_rule_test_api.py:2:8
Python 浠ｇ爜妫€鏌?Run Ruff	2026-01-27T05:34:04.5809007Z   |
Python 浠ｇ爜妫€鏌?Run Ruff	2026-01-27T05:34:04.5809158Z 1 | import requests
Python 浠ｇ爜妫€鏌?Run Ruff	2026-01-27T05:34:04.5809328Z 2 | import json
Python 浠ｇ爜妫€鏌?Run Ruff	2026-01-27T05:34:04.5809489Z   |        ^^^^
Python 浠ｇ爜妫€鏌?Run Ruff	2026-01-27T05:34:04.5809811Z 3 | import sys
Python 浠ｇ爜妫€鏌?Run Ruff	2026-01-27T05:34:04.5809974Z   |
Python 浠ｇ爜妫€鏌?Run Ruff	2026-01-27T05:34:04.5810136Z help: Remove unused import: `json`
Python 浠ｇ爜妫€鏌?Run Ruff	2026-01-27T05:34:04.5810297Z 
Python 浠ｇ爜妫€鏌?Run Ruff	2026-01-27T05:34:04.5810361Z Found 32 errors.
Python 浠ｇ爜妫€鏌?Run Ruff	2026-01-27T05:34:04.5810741Z [*] 15 fixable with the `--fix` option (10 hidden fixes can be enabled with the `--unsafe-fixes` option).
Python 浠ｇ爜妫€鏌?Run Ruff	2026-01-27T05:34:04.5811397Z 瀛樺湪 Ruff 璀﹀憡
Python 浠ｇ爜妫€鏌?Post Setup Python	锘?026-01-27T05:34:04.5871350Z Post job cleanup.
Python 浠ｇ爜妫€鏌?Post Checkout	锘?026-01-27T05:34:04.7498810Z Post job cleanup.
Python 浠ｇ爜妫€鏌?Post Checkout	2026-01-27T05:34:04.8437920Z [command]/usr/bin/git version
Python 浠ｇ爜妫€鏌?Post Checkout	2026-01-27T05:34:04.8474271Z git version 2.52.0
Python 浠ｇ爜妫€鏌?Post Checkout	2026-01-27T05:34:04.8516824Z Temporarily overriding HOME='/home/runner/work/_temp/a42c95ab-b934-4677-9696-cac698d5b978' before making global git config changes
Python 浠ｇ爜妫€鏌?Post Checkout	2026-01-27T05:34:04.8517960Z Adding repository directory to the temporary git global config as a safe directory
Python 浠ｇ爜妫€鏌?Post Checkout	2026-01-27T05:34:04.8522387Z [command]/usr/bin/git config --global --add safe.directory /home/runner/work/Md2Docx/Md2Docx
Python 浠ｇ爜妫€鏌?Post Checkout	2026-01-27T05:34:04.8558905Z [command]/usr/bin/git config --local --name-only --get-regexp core\.sshCommand
Python 浠ｇ爜妫€鏌?Post Checkout	2026-01-27T05:34:04.8591565Z [command]/usr/bin/git submodule foreach --recursive sh -c "git config --local --name-only --get-regexp 'core\.sshCommand' && git config --local --unset-all 'core.sshCommand' || :"
Python 浠ｇ爜妫€鏌?Post Checkout	2026-01-27T05:34:04.8837380Z [command]/usr/bin/git config --local --name-only --get-regexp http\.https\:\/\/github\.com\/\.extraheader
Python 浠ｇ爜妫€鏌?Post Checkout	2026-01-27T05:34:04.8862700Z http.https://github.com/.extraheader
Python 浠ｇ爜妫€鏌?Post Checkout	2026-01-27T05:34:04.8880035Z [command]/usr/bin/git config --local --unset-all http.https://github.com/.extraheader
Python 浠ｇ爜妫€鏌?Post Checkout	2026-01-27T05:34:04.8913769Z [command]/usr/bin/git submodule foreach --recursive sh -c "git config --local --name-only --get-regexp 'http\.https\:\/\/github\.com\/\.extraheader' && git config --local --unset-all 'http.https://github.com/.extraheader' || :"
Python 浠ｇ爜妫€鏌?Post Checkout	2026-01-27T05:34:04.9160620Z [command]/usr/bin/git config --local --name-only --get-regexp ^includeIf\.gitdir:
Python 浠ｇ爜妫€鏌?Post Checkout	2026-01-27T05:34:04.9200000Z [command]/usr/bin/git submodule foreach --recursive git config --local --show-origin --name-only --get-regexp remote.origin.url
Python 浠ｇ爜妫€鏌?Complete job	锘?026-01-27T05:34:04.9559425Z Cleaning up orphan processes
鍓嶇浠ｇ爜妫€鏌?Set up job	锘?026-01-27T05:33:56.7816655Z Current runner version: '2.331.0'
鍓嶇浠ｇ爜妫€鏌?Set up job	2026-01-27T05:33:56.7840884Z ##[group]Runner Image Provisioner
鍓嶇浠ｇ爜妫€鏌?Set up job	2026-01-27T05:33:56.7841733Z Hosted Compute Agent
鍓嶇浠ｇ爜妫€鏌?Set up job	2026-01-27T05:33:56.7842299Z Version: 20260115.477
鍓嶇浠ｇ爜妫€鏌?Set up job	2026-01-27T05:33:56.7842902Z Commit: 4b342d620503cbe250a3154040964899ea7c9b00
鍓嶇浠ｇ爜妫€鏌?Set up job	2026-01-27T05:33:56.7843607Z Build Date: 2026-01-15T22:32:41Z
鍓嶇浠ｇ爜妫€鏌?Set up job	2026-01-27T05:33:56.7844205Z Worker ID: {81497933-f590-4d92-93ea-81483ee70c7a}
鍓嶇浠ｇ爜妫€鏌?Set up job	2026-01-27T05:33:56.7844929Z Azure Region: westus
鍓嶇浠ｇ爜妫€鏌?Set up job	2026-01-27T05:33:56.7845437Z ##[endgroup]
鍓嶇浠ｇ爜妫€鏌?Set up job	2026-01-27T05:33:56.7846804Z ##[group]Operating System
鍓嶇浠ｇ爜妫€鏌?Set up job	2026-01-27T05:33:56.7847372Z Ubuntu
鍓嶇浠ｇ爜妫€鏌?Set up job	2026-01-27T05:33:56.7847937Z 24.04.3
鍓嶇浠ｇ爜妫€鏌?Set up job	2026-01-27T05:33:56.7848585Z LTS
鍓嶇浠ｇ爜妫€鏌?Set up job	2026-01-27T05:33:56.7849117Z ##[endgroup]
鍓嶇浠ｇ爜妫€鏌?Set up job	2026-01-27T05:33:56.7849708Z ##[group]Runner Image
鍓嶇浠ｇ爜妫€鏌?Set up job	2026-01-27T05:33:56.7850219Z Image: ubuntu-24.04
鍓嶇浠ｇ爜妫€鏌?Set up job	2026-01-27T05:33:56.7850704Z Version: 20260119.4.1
鍓嶇浠ｇ爜妫€鏌?Set up job	2026-01-27T05:33:56.7851711Z Included Software: https://github.com/actions/runner-images/blob/ubuntu24/20260119.4/images/ubuntu/Ubuntu2404-Readme.md
鍓嶇浠ｇ爜妫€鏌?Set up job	2026-01-27T05:33:56.7853377Z Image Release: https://github.com/actions/runner-images/releases/tag/ubuntu24%2F20260119.4
鍓嶇浠ｇ爜妫€鏌?Set up job	2026-01-27T05:33:56.7854257Z ##[endgroup]
鍓嶇浠ｇ爜妫€鏌?Set up job	2026-01-27T05:33:56.7855301Z ##[group]GITHUB_TOKEN Permissions
鍓嶇浠ｇ爜妫€鏌?Set up job	2026-01-27T05:33:56.7857485Z Contents: read
鍓嶇浠ｇ爜妫€鏌?Set up job	2026-01-27T05:33:56.7858065Z Metadata: read
鍓嶇浠ｇ爜妫€鏌?Set up job	2026-01-27T05:33:56.7858830Z Packages: read
鍓嶇浠ｇ爜妫€鏌?Set up job	2026-01-27T05:33:56.7859390Z ##[endgroup]
鍓嶇浠ｇ爜妫€鏌?Set up job	2026-01-27T05:33:56.7861505Z Secret source: Actions
鍓嶇浠ｇ爜妫€鏌?Set up job	2026-01-27T05:33:56.7862212Z Prepare workflow directory
鍓嶇浠ｇ爜妫€鏌?Set up job	2026-01-27T05:33:56.8181195Z Prepare all required actions
鍓嶇浠ｇ爜妫€鏌?Set up job	2026-01-27T05:33:56.8217683Z Getting action download info
鍓嶇浠ｇ爜妫€鏌?Set up job	2026-01-27T05:33:57.3033653Z Download action repository 'actions/checkout@v4' (SHA:34e114876b0b11c390a56381ad16ebd13914f8d5)
鍓嶇浠ｇ爜妫€鏌?Set up job	2026-01-27T05:33:57.4357942Z Download action repository 'actions/setup-node@v4' (SHA:49933ea5288caeca8642d1e84afbd3f7d6820020)
鍓嶇浠ｇ爜妫€鏌?Set up job	2026-01-27T05:33:57.6833227Z Complete job name: 鍓嶇浠ｇ爜妫€鏌?鍓嶇浠ｇ爜妫€鏌?Checkout	锘?026-01-27T05:33:57.7504804Z ##[group]Run actions/checkout@v4
鍓嶇浠ｇ爜妫€鏌?Checkout	2026-01-27T05:33:57.7505640Z with:
鍓嶇浠ｇ爜妫€鏌?Checkout	2026-01-27T05:33:57.7506050Z   repository: ilovend/Md2Docx
鍓嶇浠ｇ爜妫€鏌?Checkout	2026-01-27T05:33:57.7506675Z   token: ***
鍓嶇浠ｇ爜妫€鏌?Checkout	2026-01-27T05:33:57.7507053Z   ssh-strict: true
鍓嶇浠ｇ爜妫€鏌?Checkout	2026-01-27T05:33:57.7507442Z   ssh-user: git
鍓嶇浠ｇ爜妫€鏌?Checkout	2026-01-27T05:33:57.7507826Z   persist-credentials: true
鍓嶇浠ｇ爜妫€鏌?Checkout	2026-01-27T05:33:57.7508257Z   clean: true
鍓嶇浠ｇ爜妫€鏌?Checkout	2026-01-27T05:33:57.7508805Z   sparse-checkout-cone-mode: true
鍓嶇浠ｇ爜妫€鏌?Checkout	2026-01-27T05:33:57.7509283Z   fetch-depth: 1
鍓嶇浠ｇ爜妫€鏌?Checkout	2026-01-27T05:33:57.7509670Z   fetch-tags: false
鍓嶇浠ｇ爜妫€鏌?Checkout	2026-01-27T05:33:57.7510053Z   show-progress: true
鍓嶇浠ｇ爜妫€鏌?Checkout	2026-01-27T05:33:57.7510453Z   lfs: false
鍓嶇浠ｇ爜妫€鏌?Checkout	2026-01-27T05:33:57.7510801Z   submodules: false
鍓嶇浠ｇ爜妫€鏌?Checkout	2026-01-27T05:33:57.7511189Z   set-safe-directory: true
鍓嶇浠ｇ爜妫€鏌?Checkout	2026-01-27T05:33:57.7511848Z ##[endgroup]
鍓嶇浠ｇ爜妫€鏌?Checkout	2026-01-27T05:33:57.8639456Z Syncing repository: ilovend/Md2Docx
鍓嶇浠ｇ爜妫€鏌?Checkout	2026-01-27T05:33:57.8641262Z ##[group]Getting Git version info
鍓嶇浠ｇ爜妫€鏌?Checkout	2026-01-27T05:33:57.8642367Z Working directory is '/home/runner/work/Md2Docx/Md2Docx'
鍓嶇浠ｇ爜妫€鏌?Checkout	2026-01-27T05:33:57.8643990Z [command]/usr/bin/git version
鍓嶇浠ｇ爜妫€鏌?Checkout	2026-01-27T05:33:57.8721247Z git version 2.52.0
鍓嶇浠ｇ爜妫€鏌?Checkout	2026-01-27T05:33:57.8748013Z ##[endgroup]
鍓嶇浠ｇ爜妫€鏌?Checkout	2026-01-27T05:33:57.8764872Z Temporarily overriding HOME='/home/runner/work/_temp/e22021a2-d2ec-4f29-b5ef-fc35dc39ae01' before making global git config changes
鍓嶇浠ｇ爜妫€鏌?Checkout	2026-01-27T05:33:57.8767512Z Adding repository directory to the temporary git global config as a safe directory
鍓嶇浠ｇ爜妫€鏌?Checkout	2026-01-27T05:33:57.8780795Z [command]/usr/bin/git config --global --add safe.directory /home/runner/work/Md2Docx/Md2Docx
鍓嶇浠ｇ爜妫€鏌?Checkout	2026-01-27T05:33:57.8820875Z Deleting the contents of '/home/runner/work/Md2Docx/Md2Docx'
鍓嶇浠ｇ爜妫€鏌?Checkout	2026-01-27T05:33:57.8824759Z ##[group]Initializing the repository
鍓嶇浠ｇ爜妫€鏌?Checkout	2026-01-27T05:33:57.8829708Z [command]/usr/bin/git init /home/runner/work/Md2Docx/Md2Docx
鍓嶇浠ｇ爜妫€鏌?Checkout	2026-01-27T05:33:57.8940153Z hint: Using 'master' as the name for the initial branch. This default branch name
鍓嶇浠ｇ爜妫€鏌?Checkout	2026-01-27T05:33:57.8942088Z hint: will change to "main" in Git 3.0. To configure the initial branch name
鍓嶇浠ｇ爜妫€鏌?Checkout	2026-01-27T05:33:57.8943685Z hint: to use in all of your new repositories, which will suppress this warning,
鍓嶇浠ｇ爜妫€鏌?Checkout	2026-01-27T05:33:57.8945256Z hint: call:
鍓嶇浠ｇ爜妫€鏌?Checkout	2026-01-27T05:33:57.8946692Z hint:
鍓嶇浠ｇ爜妫€鏌?Checkout	2026-01-27T05:33:57.8947785Z hint: 	git config --global init.defaultBranch <name>
鍓嶇浠ｇ爜妫€鏌?Checkout	2026-01-27T05:33:57.8949309Z hint:
鍓嶇浠ｇ爜妫€鏌?Checkout	2026-01-27T05:33:57.8950494Z hint: Names commonly chosen instead of 'master' are 'main', 'trunk' and
鍓嶇浠ｇ爜妫€鏌?Checkout	2026-01-27T05:33:57.8952460Z hint: 'development'. The just-created branch can be renamed via this command:
鍓嶇浠ｇ爜妫€鏌?Checkout	2026-01-27T05:33:57.8954014Z hint:
鍓嶇浠ｇ爜妫€鏌?Checkout	2026-01-27T05:33:57.8955123Z hint: 	git branch -m <name>
鍓嶇浠ｇ爜妫€鏌?Checkout	2026-01-27T05:33:57.8956127Z hint:
鍓嶇浠ｇ爜妫€鏌?Checkout	2026-01-27T05:33:57.8957768Z hint: Disable this message with "git config set advice.defaultBranchName false"
鍓嶇浠ｇ爜妫€鏌?Checkout	2026-01-27T05:33:57.8959760Z Initialized empty Git repository in /home/runner/work/Md2Docx/Md2Docx/.git/
鍓嶇浠ｇ爜妫€鏌?Checkout	2026-01-27T05:33:57.8962604Z [command]/usr/bin/git remote add origin https://github.com/ilovend/Md2Docx
鍓嶇浠ｇ爜妫€鏌?Checkout	2026-01-27T05:33:57.8995403Z ##[endgroup]
鍓嶇浠ｇ爜妫€鏌?Checkout	2026-01-27T05:33:57.8996218Z ##[group]Disabling automatic garbage collection
鍓嶇浠ｇ爜妫€鏌?Checkout	2026-01-27T05:33:57.8998219Z [command]/usr/bin/git config --local gc.auto 0
鍓嶇浠ｇ爜妫€鏌?Checkout	2026-01-27T05:33:57.9027270Z ##[endgroup]
鍓嶇浠ｇ爜妫€鏌?Checkout	2026-01-27T05:33:57.9028691Z ##[group]Setting up auth
鍓嶇浠ｇ爜妫€鏌?Checkout	2026-01-27T05:33:57.9035276Z [command]/usr/bin/git config --local --name-only --get-regexp core\.sshCommand
鍓嶇浠ｇ爜妫€鏌?Checkout	2026-01-27T05:33:57.9067226Z [command]/usr/bin/git submodule foreach --recursive sh -c "git config --local --name-only --get-regexp 'core\.sshCommand' && git config --local --unset-all 'core.sshCommand' || :"
鍓嶇浠ｇ爜妫€鏌?Checkout	2026-01-27T05:33:57.9399922Z [command]/usr/bin/git config --local --name-only --get-regexp http\.https\:\/\/github\.com\/\.extraheader
鍓嶇浠ｇ爜妫€鏌?Checkout	2026-01-27T05:33:57.9432125Z [command]/usr/bin/git submodule foreach --recursive sh -c "git config --local --name-only --get-regexp 'http\.https\:\/\/github\.com\/\.extraheader' && git config --local --unset-all 'http.https://github.com/.extraheader' || :"
鍓嶇浠ｇ爜妫€鏌?Checkout	2026-01-27T05:33:57.9650049Z [command]/usr/bin/git config --local --name-only --get-regexp ^includeIf\.gitdir:
鍓嶇浠ｇ爜妫€鏌?Checkout	2026-01-27T05:33:57.9680525Z [command]/usr/bin/git submodule foreach --recursive git config --local --show-origin --name-only --get-regexp remote.origin.url
鍓嶇浠ｇ爜妫€鏌?Checkout	2026-01-27T05:33:57.9907668Z [command]/usr/bin/git config --local http.https://github.com/.extraheader AUTHORIZATION: basic ***
鍓嶇浠ｇ爜妫€鏌?Checkout	2026-01-27T05:33:57.9942654Z ##[endgroup]
鍓嶇浠ｇ爜妫€鏌?Checkout	2026-01-27T05:33:57.9943502Z ##[group]Fetching the repository
鍓嶇浠ｇ爜妫€鏌?Checkout	2026-01-27T05:33:57.9950939Z [command]/usr/bin/git -c protocol.version=2 fetch --no-tags --prune --no-recurse-submodules --depth=1 origin +a1c4a01071ea0cc25525309680dc70d37119207a:refs/remotes/origin/main
鍓嶇浠ｇ爜妫€鏌?Checkout	2026-01-27T05:33:58.4406974Z From https://github.com/ilovend/Md2Docx
鍓嶇浠ｇ爜妫€鏌?Checkout	2026-01-27T05:33:58.4408117Z  * [new ref]         a1c4a01071ea0cc25525309680dc70d37119207a -> origin/main
鍓嶇浠ｇ爜妫€鏌?Checkout	2026-01-27T05:33:58.4442294Z ##[endgroup]
鍓嶇浠ｇ爜妫€鏌?Checkout	2026-01-27T05:33:58.4443517Z ##[group]Determining the checkout info
鍓嶇浠ｇ爜妫€鏌?Checkout	2026-01-27T05:33:58.4445305Z ##[endgroup]
鍓嶇浠ｇ爜妫€鏌?Checkout	2026-01-27T05:33:58.4449209Z [command]/usr/bin/git sparse-checkout disable
鍓嶇浠ｇ爜妫€鏌?Checkout	2026-01-27T05:33:58.4494426Z [command]/usr/bin/git config --local --unset-all extensions.worktreeConfig
鍓嶇浠ｇ爜妫€鏌?Checkout	2026-01-27T05:33:58.4523350Z ##[group]Checking out the ref
鍓嶇浠ｇ爜妫€鏌?Checkout	2026-01-27T05:33:58.4526161Z [command]/usr/bin/git checkout --progress --force -B main refs/remotes/origin/main
鍓嶇浠ｇ爜妫€鏌?Checkout	2026-01-27T05:33:58.4687615Z Switched to a new branch 'main'
鍓嶇浠ｇ爜妫€鏌?Checkout	2026-01-27T05:33:58.4689498Z branch 'main' set up to track 'origin/main'.
鍓嶇浠ｇ爜妫€鏌?Checkout	2026-01-27T05:33:58.4696628Z ##[endgroup]
鍓嶇浠ｇ爜妫€鏌?Checkout	2026-01-27T05:33:58.4730389Z [command]/usr/bin/git log -1 --format=%H
鍓嶇浠ｇ爜妫€鏌?Checkout	2026-01-27T05:33:58.4752551Z a1c4a01071ea0cc25525309680dc70d37119207a
鍓嶇浠ｇ爜妫€鏌?Setup Node.js	锘?026-01-27T05:33:58.5064893Z ##[group]Run actions/setup-node@v4
鍓嶇浠ｇ爜妫€鏌?Setup Node.js	2026-01-27T05:33:58.5065974Z with:
鍓嶇浠ｇ爜妫€鏌?Setup Node.js	2026-01-27T05:33:58.5066659Z   node-version: 18
鍓嶇浠ｇ爜妫€鏌?Setup Node.js	2026-01-27T05:33:58.5067438Z   always-auth: false
鍓嶇浠ｇ爜妫€鏌?Setup Node.js	2026-01-27T05:33:58.5068266Z   check-latest: false
鍓嶇浠ｇ爜妫€鏌?Setup Node.js	2026-01-27T05:33:58.5069524Z   token: ***
鍓嶇浠ｇ爜妫€鏌?Setup Node.js	2026-01-27T05:33:58.5070246Z ##[endgroup]
鍓嶇浠ｇ爜妫€鏌?Setup Node.js	2026-01-27T05:33:58.7206852Z Attempting to download 18...
鍓嶇浠ｇ爜妫€鏌?Setup Node.js	2026-01-27T05:33:59.3558054Z Acquiring 18.20.8 - x64 from https://github.com/actions/node-versions/releases/download/18.20.8-14110393767/node-18.20.8-linux-x64.tar.gz
鍓嶇浠ｇ爜妫€鏌?Setup Node.js	2026-01-27T05:33:59.8277329Z Extracting ...
鍓嶇浠ｇ爜妫€鏌?Setup Node.js	2026-01-27T05:33:59.8378931Z [command]/usr/bin/tar xz --strip 1 --warning=no-unknown-keyword --overwrite -C /home/runner/work/_temp/a275d271-2b67-440f-a12c-3a5a371ee048 -f /home/runner/work/_temp/5f44500a-29f4-4111-8a26-1369848a5b4a
鍓嶇浠ｇ爜妫€鏌?Setup Node.js	2026-01-27T05:34:00.7728907Z Adding to the cache ...
鍓嶇浠ｇ爜妫€鏌?Setup Node.js	2026-01-27T05:34:02.3727693Z ##[group]Environment details
鍓嶇浠ｇ爜妫€鏌?Setup Node.js	2026-01-27T05:34:02.6790605Z node: v18.20.8
鍓嶇浠ｇ爜妫€鏌?Setup Node.js	2026-01-27T05:34:02.6791188Z npm: 10.8.2
鍓嶇浠ｇ爜妫€鏌?Setup Node.js	2026-01-27T05:34:02.6791616Z yarn: 1.22.22
鍓嶇浠ｇ爜妫€鏌?Setup Node.js	2026-01-27T05:34:02.6800782Z ##[endgroup]
鍓嶇浠ｇ爜妫€鏌?Install Dependencies	锘?026-01-27T05:34:02.6946520Z ##[group]Run npm ci
鍓嶇浠ｇ爜妫€鏌?Install Dependencies	2026-01-27T05:34:02.6946812Z [36;1mnpm ci[0m
鍓嶇浠ｇ爜妫€鏌?Install Dependencies	2026-01-27T05:34:02.6983975Z shell: /usr/bin/bash -e {0}
鍓嶇浠ｇ爜妫€鏌?Install Dependencies	2026-01-27T05:34:02.6984245Z ##[endgroup]
鍓嶇浠ｇ爜妫€鏌?Install Dependencies	2026-01-27T05:34:03.5287845Z npm warn EBADENGINE Unsupported engine {
鍓嶇浠ｇ爜妫€鏌?Install Dependencies	2026-01-27T05:34:03.5288797Z npm warn EBADENGINE   package: '@electron/rebuild@4.0.1',
鍓嶇浠ｇ爜妫€鏌?Install Dependencies	2026-01-27T05:34:03.5289449Z npm warn EBADENGINE   required: { node: '>=22.12.0' },
鍓嶇浠ｇ爜妫€鏌?Install Dependencies	2026-01-27T05:34:03.5289934Z npm warn EBADENGINE   current: { node: 'v18.20.8', npm: '10.8.2' }
鍓嶇浠ｇ爜妫€鏌?Install Dependencies	2026-01-27T05:34:03.5290330Z npm warn EBADENGINE }
鍓嶇浠ｇ爜妫€鏌?Install Dependencies	2026-01-27T05:34:03.5294663Z npm warn EBADENGINE Unsupported engine {
鍓嶇浠ｇ爜妫€鏌?Install Dependencies	2026-01-27T05:34:03.5295409Z npm warn EBADENGINE   package: '@isaacs/balanced-match@4.0.1',
鍓嶇浠ｇ爜妫€鏌?Install Dependencies	2026-01-27T05:34:03.5295906Z npm warn EBADENGINE   required: { node: '20 || >=22' },
鍓嶇浠ｇ爜妫€鏌?Install Dependencies	2026-01-27T05:34:03.5296426Z npm warn EBADENGINE   current: { node: 'v18.20.8', npm: '10.8.2' }
鍓嶇浠ｇ爜妫€鏌?Install Dependencies	2026-01-27T05:34:03.5296848Z npm warn EBADENGINE }
鍓嶇浠ｇ爜妫€鏌?Install Dependencies	2026-01-27T05:34:03.5299094Z npm warn EBADENGINE Unsupported engine {
鍓嶇浠ｇ爜妫€鏌?Install Dependencies	2026-01-27T05:34:03.5299858Z npm warn EBADENGINE   package: '@isaacs/brace-expansion@5.0.0',
鍓嶇浠ｇ爜妫€鏌?Install Dependencies	2026-01-27T05:34:03.5300353Z npm warn EBADENGINE   required: { node: '20 || >=22' },
鍓嶇浠ｇ爜妫€鏌?Install Dependencies	2026-01-27T05:34:03.5300855Z npm warn EBADENGINE   current: { node: 'v18.20.8', npm: '10.8.2' }
鍓嶇浠ｇ爜妫€鏌?Install Dependencies	2026-01-27T05:34:03.5301237Z npm warn EBADENGINE }
鍓嶇浠ｇ爜妫€鏌?Install Dependencies	2026-01-27T05:34:03.5307389Z npm warn EBADENGINE Unsupported engine {
鍓嶇浠ｇ爜妫€鏌?Install Dependencies	2026-01-27T05:34:03.5308142Z npm warn EBADENGINE   package: '@vitejs/plugin-react@5.1.2',
鍓嶇浠ｇ爜妫€鏌?Install Dependencies	2026-01-27T05:34:03.5309116Z npm warn EBADENGINE   required: { node: '^20.19.0 || >=22.12.0' },
鍓嶇浠ｇ爜妫€鏌?Install Dependencies	2026-01-27T05:34:03.5309959Z npm warn EBADENGINE   current: { node: 'v18.20.8', npm: '10.8.2' }
鍓嶇浠ｇ爜妫€鏌?Install Dependencies	2026-01-27T05:34:03.5310551Z npm warn EBADENGINE }
鍓嶇浠ｇ爜妫€鏌?Install Dependencies	2026-01-27T05:34:03.5312572Z npm warn EBADENGINE Unsupported engine {
鍓嶇浠ｇ爜妫€鏌?Install Dependencies	2026-01-27T05:34:03.5313226Z npm warn EBADENGINE   package: 'minimatch@10.1.1',
鍓嶇浠ｇ爜妫€鏌?Install Dependencies	2026-01-27T05:34:03.5313913Z npm warn EBADENGINE   required: { node: '20 || >=22' },
鍓嶇浠ｇ爜妫€鏌?Install Dependencies	2026-01-27T05:34:03.5314690Z npm warn EBADENGINE   current: { node: 'v18.20.8', npm: '10.8.2' }
鍓嶇浠ｇ爜妫€鏌?Install Dependencies	2026-01-27T05:34:03.5315316Z npm warn EBADENGINE }
鍓嶇浠ｇ爜妫€鏌?Install Dependencies	2026-01-27T05:34:03.5320965Z npm warn EBADENGINE Unsupported engine {
鍓嶇浠ｇ爜妫€鏌?Install Dependencies	2026-01-27T05:34:03.5321684Z npm warn EBADENGINE   package: 'cli-truncate@5.1.1',
鍓嶇浠ｇ爜妫€鏌?Install Dependencies	2026-01-27T05:34:03.5322360Z npm warn EBADENGINE   required: { node: '>=20' },
鍓嶇浠ｇ爜妫€鏌?Install Dependencies	2026-01-27T05:34:03.5323124Z npm warn EBADENGINE   current: { node: 'v18.20.8', npm: '10.8.2' }
鍓嶇浠ｇ爜妫€鏌?Install Dependencies	2026-01-27T05:34:03.5323718Z npm warn EBADENGINE }
鍓嶇浠ｇ爜妫€鏌?Install Dependencies	2026-01-27T05:34:03.5324241Z npm warn EBADENGINE Unsupported engine {
鍓嶇浠ｇ爜妫€鏌?Install Dependencies	2026-01-27T05:34:03.5324856Z npm warn EBADENGINE   package: 'commander@14.0.2',
鍓嶇浠ｇ爜妫€鏌?Install Dependencies	2026-01-27T05:34:03.5325501Z npm warn EBADENGINE   required: { node: '>=20' },
鍓嶇浠ｇ爜妫€鏌?Install Dependencies	2026-01-27T05:34:03.5326230Z npm warn EBADENGINE   current: { node: 'v18.20.8', npm: '10.8.2' }
鍓嶇浠ｇ爜妫€鏌?Install Dependencies	2026-01-27T05:34:03.5326810Z npm warn EBADENGINE }
鍓嶇浠ｇ爜妫€鏌?Install Dependencies	2026-01-27T05:34:03.5341338Z npm warn EBADENGINE Unsupported engine {
鍓嶇浠ｇ爜妫€鏌?Install Dependencies	2026-01-27T05:34:03.5341982Z npm warn EBADENGINE   package: 'lint-staged@16.2.7',
鍓嶇浠ｇ爜妫€鏌?Install Dependencies	2026-01-27T05:34:03.5342424Z npm warn EBADENGINE   required: { node: '>=20.17' },
鍓嶇浠ｇ爜妫€鏌?Install Dependencies	2026-01-27T05:34:03.5342938Z npm warn EBADENGINE   current: { node: 'v18.20.8', npm: '10.8.2' }
鍓嶇浠ｇ爜妫€鏌?Install Dependencies	2026-01-27T05:34:03.5343533Z npm warn EBADENGINE }
鍓嶇浠ｇ爜妫€鏌?Install Dependencies	2026-01-27T05:34:03.5344001Z npm warn EBADENGINE Unsupported engine {
鍓嶇浠ｇ爜妫€鏌?Install Dependencies	2026-01-27T05:34:03.5344579Z npm warn EBADENGINE   package: 'listr2@9.0.5',
鍓嶇浠ｇ爜妫€鏌?Install Dependencies	2026-01-27T05:34:03.5345225Z npm warn EBADENGINE   required: { node: '>=20.0.0' },
鍓嶇浠ｇ爜妫€鏌?Install Dependencies	2026-01-27T05:34:03.5345985Z npm warn EBADENGINE   current: { node: 'v18.20.8', npm: '10.8.2' }
鍓嶇浠ｇ爜妫€鏌?Install Dependencies	2026-01-27T05:34:03.5346690Z npm warn EBADENGINE }
鍓嶇浠ｇ爜妫€鏌?Install Dependencies	2026-01-27T05:34:03.5348605Z npm warn EBADENGINE Unsupported engine {
鍓嶇浠ｇ爜妫€鏌?Install Dependencies	2026-01-27T05:34:03.5349249Z npm warn EBADENGINE   package: 'nano-spawn@2.0.0',
鍓嶇浠ｇ爜妫€鏌?Install Dependencies	2026-01-27T05:34:03.5349689Z npm warn EBADENGINE   required: { node: '>=20.17' },
鍓嶇浠ｇ爜妫€鏌?Install Dependencies	2026-01-27T05:34:03.5350123Z npm warn EBADENGINE   current: { node: 'v18.20.8', npm: '10.8.2' }
鍓嶇浠ｇ爜妫€鏌?Install Dependencies	2026-01-27T05:34:03.5350461Z npm warn EBADENGINE }
鍓嶇浠ｇ爜妫€鏌?Install Dependencies	2026-01-27T05:34:03.5351155Z npm warn EBADENGINE Unsupported engine {
鍓嶇浠ｇ爜妫€鏌?Install Dependencies	2026-01-27T05:34:03.5352110Z npm warn EBADENGINE   package: 'node-abi@4.26.0',
鍓嶇浠ｇ爜妫€鏌?Install Dependencies	2026-01-27T05:34:03.5352766Z npm warn EBADENGINE   required: { node: '>=22.12.0' },
鍓嶇浠ｇ爜妫€鏌?Install Dependencies	2026-01-27T05:34:03.5353528Z npm warn EBADENGINE   current: { node: 'v18.20.8', npm: '10.8.2' }
鍓嶇浠ｇ爜妫€鏌?Install Dependencies	2026-01-27T05:34:03.5354104Z npm warn EBADENGINE }
鍓嶇浠ｇ爜妫€鏌?Install Dependencies	2026-01-27T05:34:03.5357523Z npm warn EBADENGINE Unsupported engine {
鍓嶇浠ｇ爜妫€鏌?Install Dependencies	2026-01-27T05:34:03.5358303Z npm warn EBADENGINE   package: 'prettier-plugin-tailwindcss@0.7.2',
鍓嶇浠ｇ爜妫€鏌?Install Dependencies	2026-01-27T05:34:03.5359260Z npm warn EBADENGINE   required: { node: '>=20.19' },
鍓嶇浠ｇ爜妫€鏌?Install Dependencies	2026-01-27T05:34:03.5360018Z npm warn EBADENGINE   current: { node: 'v18.20.8', npm: '10.8.2' }
鍓嶇浠ｇ爜妫€鏌?Install Dependencies	2026-01-27T05:34:03.5360626Z npm warn EBADENGINE }
鍓嶇浠ｇ爜妫€鏌?Install Dependencies	2026-01-27T05:34:03.5361111Z npm warn EBADENGINE Unsupported engine {
鍓嶇浠ｇ爜妫€鏌?Install Dependencies	2026-01-27T05:34:03.5361745Z npm warn EBADENGINE   package: 'react-router@7.13.0',
鍓嶇浠ｇ爜妫€鏌?Install Dependencies	2026-01-27T05:34:03.5362414Z npm warn EBADENGINE   required: { node: '>=20.0.0' },
鍓嶇浠ｇ爜妫€鏌?Install Dependencies	2026-01-27T05:34:03.5363161Z npm warn EBADENGINE   current: { node: 'v18.20.8', npm: '10.8.2' }
鍓嶇浠ｇ爜妫€鏌?Install Dependencies	2026-01-27T05:34:03.5363747Z npm warn EBADENGINE }
鍓嶇浠ｇ爜妫€鏌?Install Dependencies	2026-01-27T05:34:03.5364230Z npm warn EBADENGINE Unsupported engine {
鍓嶇浠ｇ爜妫€鏌?Install Dependencies	2026-01-27T05:34:03.5364952Z npm warn EBADENGINE   package: 'react-router-dom@7.13.0',
鍓嶇浠ｇ爜妫€鏌?Install Dependencies	2026-01-27T05:34:03.5365652Z npm warn EBADENGINE   required: { node: '>=20.0.0' },
鍓嶇浠ｇ爜妫€鏌?Install Dependencies	2026-01-27T05:34:03.5366107Z npm warn EBADENGINE   current: { node: 'v18.20.8', npm: '10.8.2' }
鍓嶇浠ｇ爜妫€鏌?Install Dependencies	2026-01-27T05:34:03.5366442Z npm warn EBADENGINE }
鍓嶇浠ｇ爜妫€鏌?Install Dependencies	2026-01-27T05:34:03.5372334Z npm warn EBADENGINE Unsupported engine {
鍓嶇浠ｇ爜妫€鏌?Install Dependencies	2026-01-27T05:34:03.5374063Z npm warn EBADENGINE   package: 'string-width@8.1.0',
鍓嶇浠ｇ爜妫€鏌?Install Dependencies	2026-01-27T05:34:03.5374794Z npm warn EBADENGINE   required: { node: '>=20' },
鍓嶇浠ｇ爜妫€鏌?Install Dependencies	2026-01-27T05:34:03.5375823Z npm warn EBADENGINE   current: { node: 'v18.20.8', npm: '10.8.2' }
鍓嶇浠ｇ爜妫€鏌?Install Dependencies	2026-01-27T05:34:03.5459349Z npm warn EBADENGINE }
鍓嶇浠ｇ爜妫€鏌?Install Dependencies	2026-01-27T05:34:03.5460152Z npm warn EBADENGINE Unsupported engine {
鍓嶇浠ｇ爜妫€鏌?Install Dependencies	2026-01-27T05:34:03.5460861Z npm warn EBADENGINE   package: 'vite@7.3.1',
鍓嶇浠ｇ爜妫€鏌?Install Dependencies	2026-01-27T05:34:03.5461775Z npm warn EBADENGINE   required: { node: '^20.19.0 || >=22.12.0' },
鍓嶇浠ｇ爜妫€鏌?Install Dependencies	2026-01-27T05:34:03.5462362Z npm warn EBADENGINE   current: { node: 'v18.20.8', npm: '10.8.2' }
鍓嶇浠ｇ爜妫€鏌?Install Dependencies	2026-01-27T05:34:03.5462729Z npm warn EBADENGINE }
鍓嶇浠ｇ爜妫€鏌?Install Dependencies	2026-01-27T05:34:03.5463048Z npm warn EBADENGINE Unsupported engine {
鍓嶇浠ｇ爜妫€鏌?Install Dependencies	2026-01-27T05:34:03.5463416Z npm warn EBADENGINE   package: 'vitest@4.0.18',
鍓嶇浠ｇ爜妫€鏌?Install Dependencies	2026-01-27T05:34:03.5463879Z npm warn EBADENGINE   required: { node: '^20.0.0 || ^22.0.0 || >=24.0.0' },
鍓嶇浠ｇ爜妫€鏌?Install Dependencies	2026-01-27T05:34:03.5464383Z npm warn EBADENGINE   current: { node: 'v18.20.8', npm: '10.8.2' }
鍓嶇浠ｇ爜妫€鏌?Install Dependencies	2026-01-27T05:34:03.5464727Z npm warn EBADENGINE }
鍓嶇浠ｇ爜妫€鏌?Install Dependencies	2026-01-27T05:34:05.9297036Z npm warn deprecated rimraf@2.6.3: Rimraf versions prior to v4 are no longer supported
鍓嶇浠ｇ爜妫€鏌?Install Dependencies	2026-01-27T05:34:06.7096146Z npm warn deprecated inflight@1.0.6: This module is not supported, and leaks memory. Do not use it. Check out lru-cache if you want a good and tested way to coalesce async requests by a key value, which is much more comprehensive and powerful.
鍓嶇浠ｇ爜妫€鏌?Install Dependencies	2026-01-27T05:34:06.8092256Z npm warn deprecated glob@7.2.3: Glob versions prior to v9 are no longer supported
鍓嶇浠ｇ爜妫€鏌?Install Dependencies	2026-01-27T05:34:07.7159580Z npm warn deprecated tar@6.2.1: Old versions of tar are not supported, and contain widely publicized security vulnerabilities, which have been fixed in the current version. Please update. Support for old versions may be purchased (at exhorbitant rates) by contacting i@izs.me
鍓嶇浠ｇ爜妫€鏌?Install Dependencies	2026-01-27T05:34:07.8862287Z npm warn deprecated boolean@3.2.0: Package no longer supported. Contact Support at https://www.npmjs.com/support for more info.
鍓嶇浠ｇ爜妫€鏌?Install Dependencies	2026-01-27T05:34:20.1505116Z 
鍓嶇浠ｇ爜妫€鏌?Install Dependencies	2026-01-27T05:34:20.1506266Z > frontend@0.0.0 prepare
鍓嶇浠ｇ爜妫€鏌?Install Dependencies	2026-01-27T05:34:20.1507052Z > husky
鍓嶇浠ｇ爜妫€鏌?Install Dependencies	2026-01-27T05:34:20.1507476Z 
鍓嶇浠ｇ爜妫€鏌?Install Dependencies	2026-01-27T05:34:20.2139083Z .git can't be found
鍓嶇浠ｇ爜妫€鏌?Install Dependencies	2026-01-27T05:34:20.2139712Z added 829 packages, and audited 830 packages in 17s
鍓嶇浠ｇ爜妫€鏌?Install Dependencies	2026-01-27T05:34:20.2140097Z 
鍓嶇浠ｇ爜妫€鏌?Install Dependencies	2026-01-27T05:34:20.2140354Z 217 packages are looking for funding
鍓嶇浠ｇ爜妫€鏌?Install Dependencies	2026-01-27T05:34:20.2140834Z   run `npm fund` for details
鍓嶇浠ｇ爜妫€鏌?Install Dependencies	2026-01-27T05:34:20.2435895Z 
鍓嶇浠ｇ爜妫€鏌?Install Dependencies	2026-01-27T05:34:20.2436746Z 6 high severity vulnerabilities
鍓嶇浠ｇ爜妫€鏌?Install Dependencies	2026-01-27T05:34:20.2437871Z 
鍓嶇浠ｇ爜妫€鏌?Install Dependencies	2026-01-27T05:34:20.2438266Z To address all issues, run:
鍓嶇浠ｇ爜妫€鏌?Install Dependencies	2026-01-27T05:34:20.2438889Z   npm audit fix
鍓嶇浠ｇ爜妫€鏌?Install Dependencies	2026-01-27T05:34:20.2439086Z 
鍓嶇浠ｇ爜妫€鏌?Install Dependencies	2026-01-27T05:34:20.2439304Z Run `npm audit` for details.
鍓嶇浠ｇ爜妫€鏌?Type Check	锘?026-01-27T05:34:20.2911644Z ##[group]Run npx tsc --noEmit || echo "瀛樺湪绫诲瀷閿欒"
鍓嶇浠ｇ爜妫€鏌?Type Check	2026-01-27T05:34:20.2912006Z [36;1mnpx tsc --noEmit || echo "瀛樺湪绫诲瀷閿欒"[0m
鍓嶇浠ｇ爜妫€鏌?Type Check	2026-01-27T05:34:20.2946177Z shell: /usr/bin/bash -e {0}
鍓嶇浠ｇ爜妫€鏌?Type Check	2026-01-27T05:34:20.2946436Z ##[endgroup]
鍓嶇浠ｇ爜妫€鏌?Build	锘?026-01-27T05:34:20.8693217Z ##[group]Run npm run build
鍓嶇浠ｇ爜妫€鏌?Build	2026-01-27T05:34:20.8693481Z [36;1mnpm run build[0m
鍓嶇浠ｇ爜妫€鏌?Build	2026-01-27T05:34:20.8725154Z shell: /usr/bin/bash -e {0}
鍓嶇浠ｇ爜妫€鏌?Build	2026-01-27T05:34:20.8725385Z ##[endgroup]
鍓嶇浠ｇ爜妫€鏌?Build	2026-01-27T05:34:21.0341236Z 
鍓嶇浠ｇ爜妫€鏌?Build	2026-01-27T05:34:21.0341719Z > frontend@0.0.0 build
鍓嶇浠ｇ爜妫€鏌?Build	2026-01-27T05:34:21.0342202Z > tsc -b && vite build
鍓嶇浠ｇ爜妫€鏌?Build	2026-01-27T05:34:21.0342439Z 
鍓嶇浠ｇ爜妫€鏌?Build	2026-01-27T05:34:26.5914431Z [33mYou are using Node.js 18.20.8. Vite requires Node.js version 20.19+ or 22.12+. Please upgrade your Node.js version.[39m
鍓嶇浠ｇ爜妫€鏌?Build	2026-01-27T05:34:26.8538770Z [36mvite v7.3.1 [32mbuilding client environment for production...[36m[39m
鍓嶇浠ｇ爜妫€鏌?Build	2026-01-27T05:34:26.9258281Z transforming...
鍓嶇浠ｇ爜妫€鏌?Build	2026-01-27T05:34:29.9512210Z [32m鉁?[39m 1833 modules transformed.
鍓嶇浠ｇ爜妫€鏌?Build	2026-01-27T05:34:30.2286246Z rendering chunks...
鍓嶇浠ｇ爜妫€鏌?Build	2026-01-27T05:34:30.2416562Z computing gzip size...
鍓嶇浠ｇ爜妫€鏌?Build	2026-01-27T05:34:30.2577651Z [2mdist/[22m[32mindex.html                 [39m[1m[2m  0.46 kB[22m[1m[22m[2m 鈹?gzip:   0.29 kB[22m
鍓嶇浠ｇ爜妫€鏌?Build	2026-01-27T05:34:30.2579129Z [2mdist/[22m[2massets/[22m[35mindex-DgpfoDAZ.css  [39m[1m[2m 62.89 kB[22m[1m[22m[2m 鈹?gzip:  10.98 kB[22m
鍓嶇浠ｇ爜妫€鏌?Build	2026-01-27T05:34:30.2580204Z [2mdist/[22m[2massets/[22m[36mindex-Bkjptpwg.js   [39m[1m[33m507.93 kB[39m[22m[2m 鈹?gzip: 159.61 kB[22m
鍓嶇浠ｇ爜妫€鏌?Build	2026-01-27T05:34:30.2580754Z [33m
鍓嶇浠ｇ爜妫€鏌?Build	2026-01-27T05:34:30.2581216Z (!) Some chunks are larger than 500 kB after minification. Consider:
鍓嶇浠ｇ爜妫€鏌?Build	2026-01-27T05:34:30.2582001Z - Using dynamic import() to code-split the application
鍓嶇浠ｇ爜妫€鏌?Build	2026-01-27T05:34:30.2584118Z - Use build.rollupOptions.output.manualChunks to improve chunking: https://rollupjs.org/configuration-options/#output-manualchunks
鍓嶇浠ｇ爜妫€鏌?Build	2026-01-27T05:34:30.2585645Z - Adjust chunk size limit for this warning via build.chunkSizeWarningLimit.[39m
鍓嶇浠ｇ爜妫€鏌?Build	2026-01-27T05:34:30.2586550Z [32m鉁?built in 3.37s[39m
鍓嶇浠ｇ爜妫€鏌?Post Setup Node.js	锘?026-01-27T05:34:30.3090130Z Post job cleanup.
鍓嶇浠ｇ爜妫€鏌?Post Checkout	锘?026-01-27T05:34:30.4756713Z Post job cleanup.
鍓嶇浠ｇ爜妫€鏌?Post Checkout	2026-01-27T05:34:30.5698633Z [command]/usr/bin/git version
鍓嶇浠ｇ爜妫€鏌?Post Checkout	2026-01-27T05:34:30.5734477Z git version 2.52.0
鍓嶇浠ｇ爜妫€鏌?Post Checkout	2026-01-27T05:34:30.5779536Z Temporarily overriding HOME='/home/runner/work/_temp/f3f44db9-d515-47c5-a544-27332590338d' before making global git config changes
鍓嶇浠ｇ爜妫€鏌?Post Checkout	2026-01-27T05:34:30.5781080Z Adding repository directory to the temporary git global config as a safe directory
鍓嶇浠ｇ爜妫€鏌?Post Checkout	2026-01-27T05:34:30.5793440Z [command]/usr/bin/git config --global --add safe.directory /home/runner/work/Md2Docx/Md2Docx
鍓嶇浠ｇ爜妫€鏌?Post Checkout	2026-01-27T05:34:30.5827687Z [command]/usr/bin/git config --local --name-only --get-regexp core\.sshCommand
鍓嶇浠ｇ爜妫€鏌?Post Checkout	2026-01-27T05:34:30.5860018Z [command]/usr/bin/git submodule foreach --recursive sh -c "git config --local --name-only --get-regexp 'core\.sshCommand' && git config --local --unset-all 'core.sshCommand' || :"
鍓嶇浠ｇ爜妫€鏌?Post Checkout	2026-01-27T05:34:30.6096395Z [command]/usr/bin/git config --local --name-only --get-regexp http\.https\:\/\/github\.com\/\.extraheader
鍓嶇浠ｇ爜妫€鏌?Post Checkout	2026-01-27T05:34:30.6119530Z http.https://github.com/.extraheader
鍓嶇浠ｇ爜妫€鏌?Post Checkout	2026-01-27T05:34:30.6137222Z [command]/usr/bin/git config --local --unset-all http.https://github.com/.extraheader
鍓嶇浠ｇ爜妫€鏌?Post Checkout	2026-01-27T05:34:30.6171968Z [command]/usr/bin/git submodule foreach --recursive sh -c "git config --local --name-only --get-regexp 'http\.https\:\/\/github\.com\/\.extraheader' && git config --local --unset-all 'http.https://github.com/.extraheader' || :"
鍓嶇浠ｇ爜妫€鏌?Post Checkout	2026-01-27T05:34:30.6416431Z [command]/usr/bin/git config --local --name-only --get-regexp ^includeIf\.gitdir:
鍓嶇浠ｇ爜妫€鏌?Post Checkout	2026-01-27T05:34:30.6451094Z [command]/usr/bin/git submodule foreach --recursive git config --local --show-origin --name-only --get-regexp remote.origin.url
鍓嶇浠ｇ爜妫€鏌?Complete job	锘?026-01-27T05:34:30.6806856Z Cleaning up orphan processes
楠岃瘉妫€鏌?Set up job	锘?026-01-27T05:33:56.8324955Z Current runner version: '2.331.0'
楠岃瘉妫€鏌?Set up job	2026-01-27T05:33:56.8349948Z ##[group]Runner Image Provisioner
楠岃瘉妫€鏌?Set up job	2026-01-27T05:33:56.8350865Z Hosted Compute Agent
楠岃瘉妫€鏌?Set up job	2026-01-27T05:33:56.8351436Z Version: 20260115.477
楠岃瘉妫€鏌?Set up job	2026-01-27T05:33:56.8351992Z Commit: 4b342d620503cbe250a3154040964899ea7c9b00
楠岃瘉妫€鏌?Set up job	2026-01-27T05:33:56.8352745Z Build Date: 2026-01-15T22:32:41Z
楠岃瘉妫€鏌?Set up job	2026-01-27T05:33:56.8353669Z Worker ID: {24471506-d694-415c-ac01-6bf15476c4f2}
楠岃瘉妫€鏌?Set up job	2026-01-27T05:33:56.8354461Z Azure Region: westus
楠岃瘉妫€鏌?Set up job	2026-01-27T05:33:56.8355027Z ##[endgroup]
楠岃瘉妫€鏌?Set up job	2026-01-27T05:33:56.8356475Z ##[group]Operating System
楠岃瘉妫€鏌?Set up job	2026-01-27T05:33:56.8357091Z Ubuntu
楠岃瘉妫€鏌?Set up job	2026-01-27T05:33:56.8357589Z 24.04.3
楠岃瘉妫€鏌?Set up job	2026-01-27T05:33:56.8358065Z LTS
楠岃瘉妫€鏌?Set up job	2026-01-27T05:33:56.8358526Z ##[endgroup]
楠岃瘉妫€鏌?Set up job	2026-01-27T05:33:56.8359071Z ##[group]Runner Image
楠岃瘉妫€鏌?Set up job	2026-01-27T05:33:56.8359611Z Image: ubuntu-24.04
楠岃瘉妫€鏌?Set up job	2026-01-27T05:33:56.8360123Z Version: 20260119.4.1
楠岃瘉妫€鏌?Set up job	2026-01-27T05:33:56.8361077Z Included Software: https://github.com/actions/runner-images/blob/ubuntu24/20260119.4/images/ubuntu/Ubuntu2404-Readme.md
楠岃瘉妫€鏌?Set up job	2026-01-27T05:33:56.8362760Z Image Release: https://github.com/actions/runner-images/releases/tag/ubuntu24%2F20260119.4
楠岃瘉妫€鏌?Set up job	2026-01-27T05:33:56.8363973Z ##[endgroup]
楠岃瘉妫€鏌?Set up job	2026-01-27T05:33:56.8365053Z ##[group]GITHUB_TOKEN Permissions
楠岃瘉妫€鏌?Set up job	2026-01-27T05:33:56.8367035Z Contents: read
楠岃瘉妫€鏌?Set up job	2026-01-27T05:33:56.8367703Z Metadata: read
楠岃瘉妫€鏌?Set up job	2026-01-27T05:33:56.8368176Z Packages: read
楠岃瘉妫€鏌?Set up job	2026-01-27T05:33:56.8368656Z ##[endgroup]
楠岃瘉妫€鏌?Set up job	2026-01-27T05:33:56.8370799Z Secret source: Actions
楠岃瘉妫€鏌?Set up job	2026-01-27T05:33:56.8371528Z Prepare workflow directory
楠岃瘉妫€鏌?Set up job	2026-01-27T05:33:56.8687253Z Prepare all required actions
楠岃瘉妫€鏌?Set up job	2026-01-27T05:33:56.8725062Z Getting action download info
楠岃瘉妫€鏌?Set up job	2026-01-27T05:33:57.3433613Z Download action repository 'actions/checkout@v4' (SHA:34e114876b0b11c390a56381ad16ebd13914f8d5)
楠岃瘉妫€鏌?Set up job	2026-01-27T05:33:57.4580026Z Download action repository 'actions/setup-python@v5' (SHA:a26af69be951a213d495a4c3e4e4022e16d87065)
楠岃瘉妫€鏌?Set up job	2026-01-27T05:33:57.5411570Z Download action repository 'actions/setup-node@v4' (SHA:49933ea5288caeca8642d1e84afbd3f7d6820020)
楠岃瘉妫€鏌?Set up job	2026-01-27T05:33:57.7351463Z Complete job name: 楠岃瘉妫€鏌?楠岃瘉妫€鏌?Checkout	锘?026-01-27T05:33:57.8041245Z ##[group]Run actions/checkout@v4
楠岃瘉妫€鏌?Checkout	2026-01-27T05:33:57.8042132Z with:
楠岃瘉妫€鏌?Checkout	2026-01-27T05:33:57.8042527Z   repository: ilovend/Md2Docx
楠岃瘉妫€鏌?Checkout	2026-01-27T05:33:57.8043454Z   token: ***
楠岃瘉妫€鏌?Checkout	2026-01-27T05:33:57.8043920Z   ssh-strict: true
楠岃瘉妫€鏌?Checkout	2026-01-27T05:33:57.8044339Z   ssh-user: git
楠岃瘉妫€鏌?Checkout	2026-01-27T05:33:57.8044748Z   persist-credentials: true
楠岃瘉妫€鏌?Checkout	2026-01-27T05:33:57.8045190Z   clean: true
楠岃瘉妫€鏌?Checkout	2026-01-27T05:33:57.8045585Z   sparse-checkout-cone-mode: true
楠岃瘉妫€鏌?Checkout	2026-01-27T05:33:57.8046060Z   fetch-depth: 1
楠岃瘉妫€鏌?Checkout	2026-01-27T05:33:57.8046490Z   fetch-tags: false
楠岃瘉妫€鏌?Checkout	2026-01-27T05:33:57.8046903Z   show-progress: true
楠岃瘉妫€鏌?Checkout	2026-01-27T05:33:57.8047341Z   lfs: false
楠岃瘉妫€鏌?Checkout	2026-01-27T05:33:57.8047722Z   submodules: false
楠岃瘉妫€鏌?Checkout	2026-01-27T05:33:57.8048138Z   set-safe-directory: true
楠岃瘉妫€鏌?Checkout	2026-01-27T05:33:57.8048991Z ##[endgroup]
楠岃瘉妫€鏌?Checkout	2026-01-27T05:33:57.9159988Z Syncing repository: ilovend/Md2Docx
楠岃瘉妫€鏌?Checkout	2026-01-27T05:33:57.9161703Z ##[group]Getting Git version info
楠岃瘉妫€鏌?Checkout	2026-01-27T05:33:57.9162394Z Working directory is '/home/runner/work/Md2Docx/Md2Docx'
楠岃瘉妫€鏌?Checkout	2026-01-27T05:33:57.9163993Z [command]/usr/bin/git version
楠岃瘉妫€鏌?Checkout	2026-01-27T05:33:57.9317475Z git version 2.52.0
楠岃瘉妫€鏌?Checkout	2026-01-27T05:33:57.9357593Z ##[endgroup]
楠岃瘉妫€鏌?Checkout	2026-01-27T05:33:57.9385258Z Temporarily overriding HOME='/home/runner/work/_temp/c0fd1d4d-1756-4c18-8f4d-0cac463c01df' before making global git config changes
楠岃瘉妫€鏌?Checkout	2026-01-27T05:33:57.9387056Z Adding repository directory to the temporary git global config as a safe directory
楠岃瘉妫€鏌?Checkout	2026-01-27T05:33:57.9393013Z [command]/usr/bin/git config --global --add safe.directory /home/runner/work/Md2Docx/Md2Docx
楠岃瘉妫€鏌?Checkout	2026-01-27T05:33:57.9442115Z Deleting the contents of '/home/runner/work/Md2Docx/Md2Docx'
楠岃瘉妫€鏌?Checkout	2026-01-27T05:33:57.9446433Z ##[group]Initializing the repository
楠岃瘉妫€鏌?Checkout	2026-01-27T05:33:57.9452146Z [command]/usr/bin/git init /home/runner/work/Md2Docx/Md2Docx
楠岃瘉妫€鏌?Checkout	2026-01-27T05:33:57.9567574Z hint: Using 'master' as the name for the initial branch. This default branch name
楠岃瘉妫€鏌?Checkout	2026-01-27T05:33:57.9568795Z hint: will change to "main" in Git 3.0. To configure the initial branch name
楠岃瘉妫€鏌?Checkout	2026-01-27T05:33:57.9571071Z hint: to use in all of your new repositories, which will suppress this warning,
楠岃瘉妫€鏌?Checkout	2026-01-27T05:33:57.9572578Z hint: call:
楠岃瘉妫€鏌?Checkout	2026-01-27T05:33:57.9573664Z hint:
楠岃瘉妫€鏌?Checkout	2026-01-27T05:33:57.9574658Z hint: 	git config --global init.defaultBranch <name>
楠岃瘉妫€鏌?Checkout	2026-01-27T05:33:57.9575593Z hint:
楠岃瘉妫€鏌?Checkout	2026-01-27T05:33:57.9576258Z hint: Names commonly chosen instead of 'master' are 'main', 'trunk' and
楠岃瘉妫€鏌?Checkout	2026-01-27T05:33:57.9577249Z hint: 'development'. The just-created branch can be renamed via this command:
楠岃瘉妫€鏌?Checkout	2026-01-27T05:33:57.9577989Z hint:
楠岃瘉妫€鏌?Checkout	2026-01-27T05:33:57.9578404Z hint: 	git branch -m <name>
楠岃瘉妫€鏌?Checkout	2026-01-27T05:33:57.9578853Z hint:
楠岃瘉妫€鏌?Checkout	2026-01-27T05:33:57.9579445Z hint: Disable this message with "git config set advice.defaultBranchName false"
楠岃瘉妫€鏌?Checkout	2026-01-27T05:33:57.9580420Z Initialized empty Git repository in /home/runner/work/Md2Docx/Md2Docx/.git/
楠岃瘉妫€鏌?Checkout	2026-01-27T05:33:57.9590210Z [command]/usr/bin/git remote add origin https://github.com/ilovend/Md2Docx
楠岃瘉妫€鏌?Checkout	2026-01-27T05:33:57.9630440Z ##[endgroup]
楠岃瘉妫€鏌?Checkout	2026-01-27T05:33:57.9631503Z ##[group]Disabling automatic garbage collection
楠岃瘉妫€鏌?Checkout	2026-01-27T05:33:57.9636240Z [command]/usr/bin/git config --local gc.auto 0
楠岃瘉妫€鏌?Checkout	2026-01-27T05:33:57.9669176Z ##[endgroup]
楠岃瘉妫€鏌?Checkout	2026-01-27T05:33:57.9670379Z ##[group]Setting up auth
楠岃瘉妫€鏌?Checkout	2026-01-27T05:33:57.9677289Z [command]/usr/bin/git config --local --name-only --get-regexp core\.sshCommand
楠岃瘉妫€鏌?Checkout	2026-01-27T05:33:57.9707904Z [command]/usr/bin/git submodule foreach --recursive sh -c "git config --local --name-only --get-regexp 'core\.sshCommand' && git config --local --unset-all 'core.sshCommand' || :"
楠岃瘉妫€鏌?Checkout	2026-01-27T05:33:58.0062764Z [command]/usr/bin/git config --local --name-only --get-regexp http\.https\:\/\/github\.com\/\.extraheader
楠岃瘉妫€鏌?Checkout	2026-01-27T05:33:58.0091553Z [command]/usr/bin/git submodule foreach --recursive sh -c "git config --local --name-only --get-regexp 'http\.https\:\/\/github\.com\/\.extraheader' && git config --local --unset-all 'http.https://github.com/.extraheader' || :"
楠岃瘉妫€鏌?Checkout	2026-01-27T05:33:58.0311694Z [command]/usr/bin/git config --local --name-only --get-regexp ^includeIf\.gitdir:
楠岃瘉妫€鏌?Checkout	2026-01-27T05:33:58.0345841Z [command]/usr/bin/git submodule foreach --recursive git config --local --show-origin --name-only --get-regexp remote.origin.url
楠岃瘉妫€鏌?Checkout	2026-01-27T05:33:58.0566746Z [command]/usr/bin/git config --local http.https://github.com/.extraheader AUTHORIZATION: basic ***
楠岃瘉妫€鏌?Checkout	2026-01-27T05:33:58.0600457Z ##[endgroup]
楠岃瘉妫€鏌?Checkout	2026-01-27T05:33:58.0601697Z ##[group]Fetching the repository
楠岃瘉妫€鏌?Checkout	2026-01-27T05:33:58.0610183Z [command]/usr/bin/git -c protocol.version=2 fetch --no-tags --prune --no-recurse-submodules --depth=1 origin +a1c4a01071ea0cc25525309680dc70d37119207a:refs/remotes/origin/main
楠岃瘉妫€鏌?Checkout	2026-01-27T05:33:58.5213496Z From https://github.com/ilovend/Md2Docx
楠岃瘉妫€鏌?Checkout	2026-01-27T05:33:58.5215210Z  * [new ref]         a1c4a01071ea0cc25525309680dc70d37119207a -> origin/main
楠岃瘉妫€鏌?Checkout	2026-01-27T05:33:58.5251781Z ##[endgroup]
楠岃瘉妫€鏌?Checkout	2026-01-27T05:33:58.5253089Z ##[group]Determining the checkout info
楠岃瘉妫€鏌?Checkout	2026-01-27T05:33:58.5254965Z ##[endgroup]
楠岃瘉妫€鏌?Checkout	2026-01-27T05:33:58.5259866Z [command]/usr/bin/git sparse-checkout disable
楠岃瘉妫€鏌?Checkout	2026-01-27T05:33:58.5305397Z [command]/usr/bin/git config --local --unset-all extensions.worktreeConfig
楠岃瘉妫€鏌?Checkout	2026-01-27T05:33:58.5335672Z ##[group]Checking out the ref
楠岃瘉妫€鏌?Checkout	2026-01-27T05:33:58.5338205Z [command]/usr/bin/git checkout --progress --force -B main refs/remotes/origin/main
楠岃瘉妫€鏌?Checkout	2026-01-27T05:33:58.5502689Z Switched to a new branch 'main'
楠岃瘉妫€鏌?Checkout	2026-01-27T05:33:58.5504598Z branch 'main' set up to track 'origin/main'.
楠岃瘉妫€鏌?Checkout	2026-01-27T05:33:58.5511212Z ##[endgroup]
楠岃瘉妫€鏌?Checkout	2026-01-27T05:33:58.5548903Z [command]/usr/bin/git log -1 --format=%H
楠岃瘉妫€鏌?Checkout	2026-01-27T05:33:58.5570624Z a1c4a01071ea0cc25525309680dc70d37119207a
楠岃瘉妫€鏌?Setup Python	锘?026-01-27T05:33:58.5882771Z ##[group]Run actions/setup-python@v5
楠岃瘉妫€鏌?Setup Python	2026-01-27T05:33:58.5884088Z with:
楠岃瘉妫€鏌?Setup Python	2026-01-27T05:33:58.5884842Z   python-version: 3.10
楠岃瘉妫€鏌?Setup Python	2026-01-27T05:33:58.5885699Z   check-latest: false
楠岃瘉妫€鏌?Setup Python	2026-01-27T05:33:58.5886807Z   token: ***
楠岃瘉妫€鏌?Setup Python	2026-01-27T05:33:58.5887569Z   update-environment: true
楠岃瘉妫€鏌?Setup Python	2026-01-27T05:33:58.5888513Z   allow-prereleases: false
楠岃瘉妫€鏌?Setup Python	2026-01-27T05:33:58.5889419Z   freethreaded: false
楠岃瘉妫€鏌?Setup Python	2026-01-27T05:33:58.5890228Z ##[endgroup]
楠岃瘉妫€鏌?Setup Python	2026-01-27T05:33:58.7553884Z ##[group]Installed versions
楠岃瘉妫€鏌?Setup Python	2026-01-27T05:33:58.7657802Z Successfully set up CPython (3.10.19)
楠岃瘉妫€鏌?Setup Python	2026-01-27T05:33:58.7660506Z ##[endgroup]
楠岃瘉妫€鏌?Setup Node.js	锘?026-01-27T05:33:58.7886938Z ##[group]Run actions/setup-node@v4
楠岃瘉妫€鏌?Setup Node.js	2026-01-27T05:33:58.7888002Z with:
楠岃瘉妫€鏌?Setup Node.js	2026-01-27T05:33:58.7888722Z   node-version: 18
楠岃瘉妫€鏌?Setup Node.js	2026-01-27T05:33:58.7889538Z   always-auth: false
楠岃瘉妫€鏌?Setup Node.js	2026-01-27T05:33:58.7890407Z   check-latest: false
楠岃瘉妫€鏌?Setup Node.js	2026-01-27T05:33:58.7891509Z   token: ***
楠岃瘉妫€鏌?Setup Node.js	2026-01-27T05:33:58.7892236Z env:
楠岃瘉妫€鏌?Setup Node.js	2026-01-27T05:33:58.7893182Z   pythonLocation: /opt/hostedtoolcache/Python/3.10.19/x64
楠岃瘉妫€鏌?Setup Node.js	2026-01-27T05:33:58.7895074Z   PKG_CONFIG_PATH: /opt/hostedtoolcache/Python/3.10.19/x64/lib/pkgconfig
楠岃瘉妫€鏌?Setup Node.js	2026-01-27T05:33:58.7896809Z   Python_ROOT_DIR: /opt/hostedtoolcache/Python/3.10.19/x64
楠岃瘉妫€鏌?Setup Node.js	2026-01-27T05:33:58.7898360Z   Python2_ROOT_DIR: /opt/hostedtoolcache/Python/3.10.19/x64
楠岃瘉妫€鏌?Setup Node.js	2026-01-27T05:33:58.7899918Z   Python3_ROOT_DIR: /opt/hostedtoolcache/Python/3.10.19/x64
楠岃瘉妫€鏌?Setup Node.js	2026-01-27T05:33:58.7901505Z   LD_LIBRARY_PATH: /opt/hostedtoolcache/Python/3.10.19/x64/lib
楠岃瘉妫€鏌?Setup Node.js	2026-01-27T05:33:58.7902851Z ##[endgroup]
楠岃瘉妫€鏌?Setup Node.js	2026-01-27T05:33:58.9799969Z Attempting to download 18...
楠岃瘉妫€鏌?Setup Node.js	2026-01-27T05:33:59.6702684Z Acquiring 18.20.8 - x64 from https://github.com/actions/node-versions/releases/download/18.20.8-14110393767/node-18.20.8-linux-x64.tar.gz
楠岃瘉妫€鏌?Setup Node.js	2026-01-27T05:34:00.1583011Z Extracting ...
楠岃瘉妫€鏌?Setup Node.js	2026-01-27T05:34:00.1707023Z [command]/usr/bin/tar xz --strip 1 --warning=no-unknown-keyword --overwrite -C /home/runner/work/_temp/a307bf53-3df1-4bb0-bbb5-0150a487e84d -f /home/runner/work/_temp/7aeeaf01-ef6f-4983-a950-e17d7f2c2d7b
楠岃瘉妫€鏌?Setup Node.js	2026-01-27T05:34:01.1111056Z Adding to the cache ...
楠岃瘉妫€鏌?Setup Node.js	2026-01-27T05:34:02.9445921Z ##[group]Environment details
楠岃瘉妫€鏌?Setup Node.js	2026-01-27T05:34:03.1770015Z node: v18.20.8
楠岃瘉妫€鏌?Setup Node.js	2026-01-27T05:34:03.1770477Z npm: 10.8.2
楠岃瘉妫€鏌?Setup Node.js	2026-01-27T05:34:03.1770775Z yarn: 1.22.22
楠岃瘉妫€鏌?Setup Node.js	2026-01-27T05:34:03.1771428Z ##[endgroup]
楠岃瘉妫€鏌?Install Python Dependencies	锘?026-01-27T05:34:03.1927365Z ##[group]Run pip install black ruff
楠岃瘉妫€鏌?Install Python Dependencies	2026-01-27T05:34:03.1927739Z [36;1mpip install black ruff[0m
楠岃瘉妫€鏌?Install Python Dependencies	2026-01-27T05:34:03.1971864Z shell: /usr/bin/bash -e {0}
楠岃瘉妫€鏌?Install Python Dependencies	2026-01-27T05:34:03.1972160Z env:
楠岃瘉妫€鏌?Install Python Dependencies	2026-01-27T05:34:03.1972413Z   pythonLocation: /opt/hostedtoolcache/Python/3.10.19/x64
楠岃瘉妫€鏌?Install Python Dependencies	2026-01-27T05:34:03.1972852Z   PKG_CONFIG_PATH: /opt/hostedtoolcache/Python/3.10.19/x64/lib/pkgconfig
楠岃瘉妫€鏌?Install Python Dependencies	2026-01-27T05:34:03.1973613Z   Python_ROOT_DIR: /opt/hostedtoolcache/Python/3.10.19/x64
楠岃瘉妫€鏌?Install Python Dependencies	2026-01-27T05:34:03.1974010Z   Python2_ROOT_DIR: /opt/hostedtoolcache/Python/3.10.19/x64
楠岃瘉妫€鏌?Install Python Dependencies	2026-01-27T05:34:03.1974381Z   Python3_ROOT_DIR: /opt/hostedtoolcache/Python/3.10.19/x64
楠岃瘉妫€鏌?Install Python Dependencies	2026-01-27T05:34:03.1974745Z   LD_LIBRARY_PATH: /opt/hostedtoolcache/Python/3.10.19/x64/lib
楠岃瘉妫€鏌?Install Python Dependencies	2026-01-27T05:34:03.1975052Z ##[endgroup]
楠岃瘉妫€鏌?Install Python Dependencies	2026-01-27T05:34:05.5324316Z Collecting black
楠岃瘉妫€鏌?Install Python Dependencies	2026-01-27T05:34:05.5954957Z   Downloading black-26.1.0-cp310-cp310-manylinux2014_x86_64.manylinux_2_17_x86_64.manylinux_2_28_x86_64.whl.metadata (88 kB)
楠岃瘉妫€鏌?Install Python Dependencies	2026-01-27T05:34:06.0879887Z Collecting ruff
楠岃瘉妫€鏌?Install Python Dependencies	2026-01-27T05:34:06.0928995Z   Downloading ruff-0.14.14-py3-none-manylinux_2_17_x86_64.manylinux2014_x86_64.whl.metadata (26 kB)
楠岃瘉妫€鏌?Install Python Dependencies	2026-01-27T05:34:06.1188425Z Collecting click>=8.0.0 (from black)
楠岃瘉妫€鏌?Install Python Dependencies	2026-01-27T05:34:06.1230143Z   Downloading click-8.3.1-py3-none-any.whl.metadata (2.6 kB)
楠岃瘉妫€鏌?Install Python Dependencies	2026-01-27T05:34:06.1443056Z Collecting mypy-extensions>=0.4.3 (from black)
楠岃瘉妫€鏌?Install Python Dependencies	2026-01-27T05:34:06.1479305Z   Downloading mypy_extensions-1.1.0-py3-none-any.whl.metadata (1.1 kB)
楠岃瘉妫€鏌?Install Python Dependencies	2026-01-27T05:34:06.1667316Z Collecting packaging>=22.0 (from black)
楠岃瘉妫€鏌?Install Python Dependencies	2026-01-27T05:34:06.1709415Z   Downloading packaging-26.0-py3-none-any.whl.metadata (3.3 kB)
楠岃瘉妫€鏌?Install Python Dependencies	2026-01-27T05:34:06.1857326Z Collecting pathspec>=1.0.0 (from black)
楠岃瘉妫€鏌?Install Python Dependencies	2026-01-27T05:34:06.1892179Z   Downloading pathspec-1.0.4-py3-none-any.whl.metadata (13 kB)
楠岃瘉妫€鏌?Install Python Dependencies	2026-01-27T05:34:06.2282262Z Collecting platformdirs>=2 (from black)
楠岃瘉妫€鏌?Install Python Dependencies	2026-01-27T05:34:06.2329448Z   Downloading platformdirs-4.5.1-py3-none-any.whl.metadata (12 kB)
楠岃瘉妫€鏌?Install Python Dependencies	2026-01-27T05:34:06.2531239Z Collecting pytokens>=0.3.0 (from black)
楠岃瘉妫€鏌?Install Python Dependencies	2026-01-27T05:34:06.2568052Z   Downloading pytokens-0.4.0-cp310-cp310-manylinux2014_x86_64.manylinux_2_17_x86_64.manylinux_2_28_x86_64.whl.metadata (3.8 kB)
楠岃瘉妫€鏌?Install Python Dependencies	2026-01-27T05:34:06.2814245Z Collecting tomli>=1.1.0 (from black)
楠岃瘉妫€鏌?Install Python Dependencies	2026-01-27T05:34:06.2852302Z   Downloading tomli-2.4.0-py3-none-any.whl.metadata (10 kB)
楠岃瘉妫€鏌?Install Python Dependencies	2026-01-27T05:34:06.3063797Z Collecting typing-extensions>=4.0.1 (from black)
楠岃瘉妫€鏌?Install Python Dependencies	2026-01-27T05:34:06.3103027Z   Downloading typing_extensions-4.15.0-py3-none-any.whl.metadata (3.3 kB)
楠岃瘉妫€鏌?Install Python Dependencies	2026-01-27T05:34:06.3238891Z Downloading black-26.1.0-cp310-cp310-manylinux2014_x86_64.manylinux_2_17_x86_64.manylinux_2_28_x86_64.whl (1.8 MB)
楠岃瘉妫€鏌?Install Python Dependencies	2026-01-27T05:34:06.3428929Z    鈹佲攣鈹佲攣鈹佲攣鈹佲攣鈹佲攣鈹佲攣鈹佲攣鈹佲攣鈹佲攣鈹佲攣鈹佲攣鈹佲攣鈹佲攣鈹佲攣鈹佲攣鈹佲攣鈹佲攣鈹佲攣鈹佲攣鈹佲攣 1.8/1.8 MB 110.1 MB/s  0:00:00
楠岃瘉妫€鏌?Install Python Dependencies	2026-01-27T05:34:06.3490398Z Downloading ruff-0.14.14-py3-none-manylinux_2_17_x86_64.manylinux2014_x86_64.whl (11.2 MB)
楠岃瘉妫€鏌?Install Python Dependencies	2026-01-27T05:34:06.4258085Z    鈹佲攣鈹佲攣鈹佲攣鈹佲攣鈹佲攣鈹佲攣鈹佲攣鈹佲攣鈹佲攣鈹佲攣鈹佲攣鈹佲攣鈹佲攣鈹佲攣鈹佲攣鈹佲攣鈹佲攣鈹佲攣鈹佲攣鈹佲攣 11.2/11.2 MB 148.4 MB/s  0:00:00
楠岃瘉妫€鏌?Install Python Dependencies	2026-01-27T05:34:06.4293932Z Downloading click-8.3.1-py3-none-any.whl (108 kB)
楠岃瘉妫€鏌?Install Python Dependencies	2026-01-27T05:34:06.4364038Z Downloading mypy_extensions-1.1.0-py3-none-any.whl (5.0 kB)
楠岃瘉妫€鏌?Install Python Dependencies	2026-01-27T05:34:06.4428135Z Downloading packaging-26.0-py3-none-any.whl (74 kB)
楠岃瘉妫€鏌?Install Python Dependencies	2026-01-27T05:34:06.4490376Z Downloading pathspec-1.0.4-py3-none-any.whl (55 kB)
楠岃瘉妫€鏌?Install Python Dependencies	2026-01-27T05:34:06.4559775Z Downloading platformdirs-4.5.1-py3-none-any.whl (18 kB)
楠岃瘉妫€鏌?Install Python Dependencies	2026-01-27T05:34:06.4622837Z Downloading pytokens-0.4.0-cp310-cp310-manylinux2014_x86_64.manylinux_2_17_x86_64.manylinux_2_28_x86_64.whl (258 kB)
楠岃瘉妫€鏌?Install Python Dependencies	2026-01-27T05:34:06.4754840Z Downloading tomli-2.4.0-py3-none-any.whl (14 kB)
楠岃瘉妫€鏌?Install Python Dependencies	2026-01-27T05:34:06.4828217Z Downloading typing_extensions-4.15.0-py3-none-any.whl (44 kB)
楠岃瘉妫€鏌?Install Python Dependencies	2026-01-27T05:34:06.5456739Z Installing collected packages: typing-extensions, tomli, ruff, pytokens, platformdirs, pathspec, packaging, mypy-extensions, click, black
楠岃瘉妫€鏌?Install Python Dependencies	2026-01-27T05:34:07.0166225Z 
楠岃瘉妫€鏌?Install Python Dependencies	2026-01-27T05:34:07.0191622Z Successfully installed black-26.1.0 click-8.3.1 mypy-extensions-1.1.0 packaging-26.0 pathspec-1.0.4 platformdirs-4.5.1 pytokens-0.4.0 ruff-0.14.14 tomli-2.4.0 typing-extensions-4.15.0
楠岃瘉妫€鏌?Run Verify Script	锘?026-01-27T05:34:07.2084863Z ##[group]Run chmod +x scripts/verify.sh
楠岃瘉妫€鏌?Run Verify Script	2026-01-27T05:34:07.2085207Z [36;1mchmod +x scripts/verify.sh[0m
楠岃瘉妫€鏌?Run Verify Script	2026-01-27T05:34:07.2085479Z [36;1m./scripts/verify.sh[0m
楠岃瘉妫€鏌?Run Verify Script	2026-01-27T05:34:07.2118276Z shell: /usr/bin/bash -e {0}
楠岃瘉妫€鏌?Run Verify Script	2026-01-27T05:34:07.2118501Z env:
楠岃瘉妫€鏌?Run Verify Script	2026-01-27T05:34:07.2118747Z   pythonLocation: /opt/hostedtoolcache/Python/3.10.19/x64
楠岃瘉妫€鏌?Run Verify Script	2026-01-27T05:34:07.2119146Z   PKG_CONFIG_PATH: /opt/hostedtoolcache/Python/3.10.19/x64/lib/pkgconfig
楠岃瘉妫€鏌?Run Verify Script	2026-01-27T05:34:07.2119551Z   Python_ROOT_DIR: /opt/hostedtoolcache/Python/3.10.19/x64
楠岃瘉妫€鏌?Run Verify Script	2026-01-27T05:34:07.2119902Z   Python2_ROOT_DIR: /opt/hostedtoolcache/Python/3.10.19/x64
楠岃瘉妫€鏌?Run Verify Script	2026-01-27T05:34:07.2120243Z   Python3_ROOT_DIR: /opt/hostedtoolcache/Python/3.10.19/x64
楠岃瘉妫€鏌?Run Verify Script	2026-01-27T05:34:07.2120592Z   LD_LIBRARY_PATH: /opt/hostedtoolcache/Python/3.10.19/x64/lib
楠岃瘉妫€鏌?Run Verify Script	2026-01-27T05:34:07.2120877Z ##[endgroup]
楠岃瘉妫€鏌?Run Verify Script	2026-01-27T05:34:07.2196455Z ========================================
楠岃瘉妫€鏌?Run Verify Script	2026-01-27T05:34:07.2197200Z   Md2Docx 楠岃瘉鑴氭湰
楠岃瘉妫€鏌?Run Verify Script	2026-01-27T05:34:07.2197614Z ========================================
楠岃瘉妫€鏌?Run Verify Script	2026-01-27T05:34:07.2197975Z 
楠岃瘉妫€鏌?Run Verify Script	2026-01-27T05:34:07.2198257Z [1;33m[1/6] 妫€鏌ユ枃妗ｉ摼鎺?..[0m
楠岃瘉妫€鏌?Run Verify Script	2026-01-27T05:34:07.3172898Z   [0;32m鉁?[0m 鏂囨。閾炬帴妫€鏌ラ€氳繃
楠岃瘉妫€鏌?Run Verify Script	2026-01-27T05:34:07.3173136Z 
楠岃瘉妫€鏌?Run Verify Script	2026-01-27T05:34:07.3173512Z [1;33m[2/6] 妫€鏌?ADR 缂栧彿...[0m
楠岃瘉妫€鏌?Run Verify Script	2026-01-27T05:34:07.3229861Z   [0;32m鉁?[0m ADR 缂栧彿鏃犻噸澶?楠岃瘉妫€鏌?Run Verify Script	2026-01-27T05:34:07.3230060Z 
楠岃瘉妫€鏌?Run Verify Script	2026-01-27T05:34:07.3230271Z [1;33m[3/6] 妫€鏌?Prompt 妯℃澘瀛楁...[0m
楠岃瘉妫€鏌?Run Verify Script	2026-01-27T05:34:07.3231048Z   [0;32m鉁?[0m Prompt 妯℃澘瀛楁妫€鏌ラ€氳繃
楠岃瘉妫€鏌?Run Verify Script	2026-01-27T05:34:07.3231220Z 
楠岃瘉妫€鏌?Run Verify Script	2026-01-27T05:34:07.3231404Z [1;33m[4/6] 妫€鏌?Python 璇硶...[0m
楠岃瘉妫€鏌?Run Verify Script	2026-01-27T05:34:08.2092737Z   [0;32m鉁?[0m Python 璇硶妫€鏌ラ€氳繃
楠岃瘉妫€鏌?Run Verify Script	2026-01-27T05:34:08.2093024Z 
楠岃瘉妫€鏌?Run Verify Script	2026-01-27T05:34:08.2093361Z [1;33m[5/6] 妫€鏌ヤ唬鐮佹牸寮?..[0m
楠岃瘉妫€鏌?Run Verify Script	2026-01-27T05:34:09.1774297Z   [1;33m鈿?[0m Python 浠ｇ爜鏍煎紡涓嶇鍚?Black 瑙勮寖
楠岃瘉妫€鏌?Run Verify Script	2026-01-27T05:34:09.1774810Z   杩愯 'black .' 杩涜鏍煎紡鍖?楠岃瘉妫€鏌?Run Verify Script	2026-01-27T05:34:09.1788627Z ##[error]Process completed with exit code 1.
楠岃瘉妫€鏌?Post Checkout	锘?026-01-27T05:34:09.1897385Z Post job cleanup.
楠岃瘉妫€鏌?Post Checkout	2026-01-27T05:34:09.2829535Z [command]/usr/bin/git version
楠岃瘉妫€鏌?Post Checkout	2026-01-27T05:34:09.2866001Z git version 2.52.0
楠岃瘉妫€鏌?Post Checkout	2026-01-27T05:34:09.2911065Z Temporarily overriding HOME='/home/runner/work/_temp/7f045c7c-dad1-4042-8045-71262f8664bd' before making global git config changes
楠岃瘉妫€鏌?Post Checkout	2026-01-27T05:34:09.2912968Z Adding repository directory to the temporary git global config as a safe directory
楠岃瘉妫€鏌?Post Checkout	2026-01-27T05:34:09.2925604Z [command]/usr/bin/git config --global --add safe.directory /home/runner/work/Md2Docx/Md2Docx
楠岃瘉妫€鏌?Post Checkout	2026-01-27T05:34:09.2960543Z [command]/usr/bin/git config --local --name-only --get-regexp core\.sshCommand
楠岃瘉妫€鏌?Post Checkout	2026-01-27T05:34:09.2992991Z [command]/usr/bin/git submodule foreach --recursive sh -c "git config --local --name-only --get-regexp 'core\.sshCommand' && git config --local --unset-all 'core.sshCommand' || :"
楠岃瘉妫€鏌?Post Checkout	2026-01-27T05:34:09.3222324Z [command]/usr/bin/git config --local --name-only --get-regexp http\.https\:\/\/github\.com\/\.extraheader
楠岃瘉妫€鏌?Post Checkout	2026-01-27T05:34:09.3243182Z http.https://github.com/.extraheader
楠岃瘉妫€鏌?Post Checkout	2026-01-27T05:34:09.3255205Z [command]/usr/bin/git config --local --unset-all http.https://github.com/.extraheader
楠岃瘉妫€鏌?Post Checkout	2026-01-27T05:34:09.3285009Z [command]/usr/bin/git submodule foreach --recursive sh -c "git config --local --name-only --get-regexp 'http\.https\:\/\/github\.com\/\.extraheader' && git config --local --unset-all 'http.https://github.com/.extraheader' || :"
楠岃瘉妫€鏌?Post Checkout	2026-01-27T05:34:09.3508301Z [command]/usr/bin/git config --local --name-only --get-regexp ^includeIf\.gitdir:
楠岃瘉妫€鏌?Post Checkout	2026-01-27T05:34:09.3539319Z [command]/usr/bin/git submodule foreach --recursive git config --local --show-origin --name-only --get-regexp remote.origin.url
楠岃瘉妫€鏌?Complete job	锘?026-01-27T05:34:09.3874847Z Cleaning up orphan processes
